Archive member included to satisfy reference by file (symbol)

c:/st/stm32cubeide_1.6.1/stm32cubeide/plugins/com.st.stm32cube.ide.mcu.externaltools.gnu-tools-for-stm32.9-2020-q2-update.win32_1.5.0.202011040924/tools/bin/../lib/gcc/arm-none-eabi/9.3.1/../../../../arm-none-eabi/lib/thumb/v7e-m+fp/hard\libc_nano.a(lib_a-errno.o)
                              Core/Src/syscalls.o (__errno)
c:/st/stm32cubeide_1.6.1/stm32cubeide/plugins/com.st.stm32cube.ide.mcu.externaltools.gnu-tools-for-stm32.9-2020-q2-update.win32_1.5.0.202011040924/tools/bin/../lib/gcc/arm-none-eabi/9.3.1/../../../../arm-none-eabi/lib/thumb/v7e-m+fp/hard\libc_nano.a(lib_a-exit.o)
                              c:/st/stm32cubeide_1.6.1/stm32cubeide/plugins/com.st.stm32cube.ide.mcu.externaltools.gnu-tools-for-stm32.9-2020-q2-update.win32_1.5.0.202011040924/tools/bin/../lib/gcc/arm-none-eabi/9.3.1/../../../../arm-none-eabi/lib/thumb/v7e-m+fp/hard/crt0.o (exit)
c:/st/stm32cubeide_1.6.1/stm32cubeide/plugins/com.st.stm32cube.ide.mcu.externaltools.gnu-tools-for-stm32.9-2020-q2-update.win32_1.5.0.202011040924/tools/bin/../lib/gcc/arm-none-eabi/9.3.1/../../../../arm-none-eabi/lib/thumb/v7e-m+fp/hard\libc_nano.a(lib_a-impure.o)
                              c:/st/stm32cubeide_1.6.1/stm32cubeide/plugins/com.st.stm32cube.ide.mcu.externaltools.gnu-tools-for-stm32.9-2020-q2-update.win32_1.5.0.202011040924/tools/bin/../lib/gcc/arm-none-eabi/9.3.1/../../../../arm-none-eabi/lib/thumb/v7e-m+fp/hard\libc_nano.a(lib_a-exit.o) (_global_impure_ptr)
c:/st/stm32cubeide_1.6.1/stm32cubeide/plugins/com.st.stm32cube.ide.mcu.externaltools.gnu-tools-for-stm32.9-2020-q2-update.win32_1.5.0.202011040924/tools/bin/../lib/gcc/arm-none-eabi/9.3.1/../../../../arm-none-eabi/lib/thumb/v7e-m+fp/hard\libc_nano.a(lib_a-init.o)
                              c:/st/stm32cubeide_1.6.1/stm32cubeide/plugins/com.st.stm32cube.ide.mcu.externaltools.gnu-tools-for-stm32.9-2020-q2-update.win32_1.5.0.202011040924/tools/bin/../lib/gcc/arm-none-eabi/9.3.1/../../../../arm-none-eabi/lib/thumb/v7e-m+fp/hard/crt0.o (__libc_init_array)
c:/st/stm32cubeide_1.6.1/stm32cubeide/plugins/com.st.stm32cube.ide.mcu.externaltools.gnu-tools-for-stm32.9-2020-q2-update.win32_1.5.0.202011040924/tools/bin/../lib/gcc/arm-none-eabi/9.3.1/../../../../arm-none-eabi/lib/thumb/v7e-m+fp/hard\libc_nano.a(lib_a-memcpy-stub.o)
                              Core/Src/main.o (memcpy)
c:/st/stm32cubeide_1.6.1/stm32cubeide/plugins/com.st.stm32cube.ide.mcu.externaltools.gnu-tools-for-stm32.9-2020-q2-update.win32_1.5.0.202011040924/tools/bin/../lib/gcc/arm-none-eabi/9.3.1/../../../../arm-none-eabi/lib/thumb/v7e-m+fp/hard\libc_nano.a(lib_a-memset.o)
                              c:/st/stm32cubeide_1.6.1/stm32cubeide/plugins/com.st.stm32cube.ide.mcu.externaltools.gnu-tools-for-stm32.9-2020-q2-update.win32_1.5.0.202011040924/tools/bin/../lib/gcc/arm-none-eabi/9.3.1/../../../../arm-none-eabi/lib/thumb/v7e-m+fp/hard/crt0.o (memset)

Allocating common symbols
Common symbol       size              file

hUsbDeviceFS        0x2d0             USB_Device/App/usb_device.o
htim8               0x4c              Core/Src/main.o
htim4               0x4c              Core/Src/main.o
hdma_tim8_ch1       0x60              Core/Src/main.o
uwTick              0x4               Drivers/STM32G4xx_HAL_Driver/Src/stm32g4xx_hal.o
UserRxBufferFS      0x3e8             USB_Device/App/usbd_cdc_if.o
htim3               0x4c              Core/Src/main.o
UserTxBufferFS      0x3e8             USB_Device/App/usbd_cdc_if.o
htim6               0x4c              Core/Src/main.o
htim1               0x4c              Core/Src/main.o
htim2               0x4c              Core/Src/main.o
hpcd_USB_FS         0x2f4             USB_Device/Target/usbd_conf.o
USBD_StrDesc        0x200             USB_Device/App/usbd_desc.o
htim16              0x4c              Core/Src/main.o

Discarded input sections

 .text          0x0000000000000000        0x0 c:/st/stm32cubeide_1.6.1/stm32cubeide/plugins/com.st.stm32cube.ide.mcu.externaltools.gnu-tools-for-stm32.9-2020-q2-update.win32_1.5.0.202011040924/tools/bin/../lib/gcc/arm-none-eabi/9.3.1/thumb/v7e-m+fp/hard/crti.o
 .data          0x0000000000000000        0x0 c:/st/stm32cubeide_1.6.1/stm32cubeide/plugins/com.st.stm32cube.ide.mcu.externaltools.gnu-tools-for-stm32.9-2020-q2-update.win32_1.5.0.202011040924/tools/bin/../lib/gcc/arm-none-eabi/9.3.1/thumb/v7e-m+fp/hard/crti.o
 .bss           0x0000000000000000        0x0 c:/st/stm32cubeide_1.6.1/stm32cubeide/plugins/com.st.stm32cube.ide.mcu.externaltools.gnu-tools-for-stm32.9-2020-q2-update.win32_1.5.0.202011040924/tools/bin/../lib/gcc/arm-none-eabi/9.3.1/thumb/v7e-m+fp/hard/crti.o
 .data          0x0000000000000000        0x4 c:/st/stm32cubeide_1.6.1/stm32cubeide/plugins/com.st.stm32cube.ide.mcu.externaltools.gnu-tools-for-stm32.9-2020-q2-update.win32_1.5.0.202011040924/tools/bin/../lib/gcc/arm-none-eabi/9.3.1/thumb/v7e-m+fp/hard/crtbegin.o
[...]
Memory Configuration

Name             Origin             Length             Attributes
RAM              0x0000000020000000 0x0000000000008000 xrw
FLASH            0x0000000008000000 0x0000000000020000 xr
*default*        0x0000000000000000 0xffffffffffffffff

Linker script and memory map

LOAD c:/st/stm32cubeide_1.6.1/stm32cubeide/plugins/com.st.stm32cube.ide.mcu.externaltools.gnu-tools-for-stm32.9-2020-q2-update.win32_1.5.0.202011040924/tools/bin/../lib/gcc/arm-none-eabi/9.3.1/thumb/v7e-m+fp/hard/crti.o
LOAD c:/st/stm32cubeide_1.6.1/stm32cubeide/plugins/com.st.stm32cube.ide.mcu.externaltools.gnu-tools-for-stm32.9-2020-q2-update.win32_1.5.0.202011040924/tools/bin/../lib/gcc/arm-none-eabi/9.3.1/thumb/v7e-m+fp/hard/crtbegin.o
LOAD c:/st/stm32cubeide_1.6.1/stm32cubeide/plugins/com.st.stm32cube.ide.mcu.externaltools.gnu-tools-for-stm32.9-2020-q2-update.win32_1.5.0.202011040924/tools/bin/../lib/gcc/arm-none-eabi/9.3.1/../../../../arm-none-eabi/lib/thumb/v7e-m+fp/hard/crt0.o
LOAD Core/Src/main.o
LOAD Core/Src/stm32g4xx_hal_msp.o
LOAD Core/Src/stm32g4xx_it.o
LOAD Core/Src/syscalls.o
LOAD Core/Src/sysmem.o
LOAD Core/Src/system_stm32g4xx.o
LOAD Core/Startup/startup_stm32g441kbtx.o
LOAD Drivers/STM32G4xx_HAL_Driver/Src/stm32g4xx_hal.o
LOAD Drivers/STM32G4xx_HAL_Driver/Src/stm32g4xx_hal_cortex.o
LOAD Drivers/STM32G4xx_HAL_Driver/Src/stm32g4xx_hal_dma.o
LOAD Drivers/STM32G4xx_HAL_Driver/Src/stm32g4xx_hal_dma_ex.o
LOAD Drivers/STM32G4xx_HAL_Driver/Src/stm32g4xx_hal_exti.o
LOAD Drivers/STM32G4xx_HAL_Driver/Src/stm32g4xx_hal_flash.o
LOAD Drivers/STM32G4xx_HAL_Driver/Src/stm32g4xx_hal_flash_ex.o
LOAD Drivers/STM32G4xx_HAL_Driver/Src/stm32g4xx_hal_flash_ramfunc.o
LOAD Drivers/STM32G4xx_HAL_Driver/Src/stm32g4xx_hal_gpio.o
LOAD Drivers/STM32G4xx_HAL_Driver/Src/stm32g4xx_hal_pcd.o
LOAD Drivers/STM32G4xx_HAL_Driver/Src/stm32g4xx_hal_pcd_ex.o
LOAD Drivers/STM32G4xx_HAL_Driver/Src/stm32g4xx_hal_pwr.o
LOAD Drivers/STM32G4xx_HAL_Driver/Src/stm32g4xx_hal_pwr_ex.o
LOAD Drivers/STM32G4xx_HAL_Driver/Src/stm32g4xx_hal_rcc.o
LOAD Drivers/STM32G4xx_HAL_Driver/Src/stm32g4xx_hal_rcc_ex.o
LOAD Drivers/STM32G4xx_HAL_Driver/Src/stm32g4xx_hal_tim.o
LOAD Drivers/STM32G4xx_HAL_Driver/Src/stm32g4xx_hal_tim_ex.o
LOAD Drivers/STM32G4xx_HAL_Driver/Src/stm32g4xx_ll_usb.o
LOAD Middlewares/ST/STM32_USB_Device_Library/Class/CDC/Src/usbd_cdc.o
LOAD Middlewares/ST/STM32_USB_Device_Library/Core/Src/usbd_core.o
LOAD Middlewares/ST/STM32_USB_Device_Library/Core/Src/usbd_ctlreq.o
LOAD Middlewares/ST/STM32_USB_Device_Library/Core/Src/usbd_ioreq.o
LOAD USB_Device/App/usb_device.o
LOAD USB_Device/App/usbd_cdc_if.o
LOAD USB_Device/App/usbd_desc.o
LOAD USB_Device/Target/usbd_conf.o
START GROUP
LOAD c:/st/stm32cubeide_1.6.1/stm32cubeide/plugins/com.st.stm32cube.ide.mcu.externaltools.gnu-tools-for-stm32.9-2020-q2-update.win32_1.5.0.202011040924/tools/bin/../lib/gcc/arm-none-eabi/9.3.1/../../../../arm-none-eabi/lib/thumb/v7e-m+fp/hard\libc_nano.a
LOAD c:/st/stm32cubeide_1.6.1/stm32cubeide/plugins/com.st.stm32cube.ide.mcu.externaltools.gnu-tools-for-stm32.9-2020-q2-update.win32_1.5.0.202011040924/tools/bin/../lib/gcc/arm-none-eabi/9.3.1/../../../../arm-none-eabi/lib/thumb/v7e-m+fp/hard\libm.a
END GROUP
START GROUP
LOAD c:/st/stm32cubeide_1.6.1/stm32cubeide/plugins/com.st.stm32cube.ide.mcu.externaltools.gnu-tools-for-stm32.9-2020-q2-update.win32_1.5.0.202011040924/tools/bin/../lib/gcc/arm-none-eabi/9.3.1/thumb/v7e-m+fp/hard\libgcc.a
LOAD c:/st/stm32cubeide_1.6.1/stm32cubeide/plugins/com.st.stm32cube.ide.mcu.externaltools.gnu-tools-for-stm32.9-2020-q2-update.win32_1.5.0.202011040924/tools/bin/../lib/gcc/arm-none-eabi/9.3.1/../../../../arm-none-eabi/lib/thumb/v7e-m+fp/hard\libc_nano.a
END GROUP
START GROUP
LOAD c:/st/stm32cubeide_1.6.1/stm32cubeide/plugins/com.st.stm32cube.ide.mcu.externaltools.gnu-tools-for-stm32.9-2020-q2-update.win32_1.5.0.202011040924/tools/bin/../lib/gcc/arm-none-eabi/9.3.1/thumb/v7e-m+fp/hard\libgcc.a
LOAD c:/st/stm32cubeide_1.6.1/stm32cubeide/plugins/com.st.stm32cube.ide.mcu.externaltools.gnu-tools-for-stm32.9-2020-q2-update.win32_1.5.0.202011040924/tools/bin/../lib/gcc/arm-none-eabi/9.3.1/../../../../arm-none-eabi/lib/thumb/v7e-m+fp/hard\libc_nano.a
LOAD c:/st/stm32cubeide_1.6.1/stm32cubeide/plugins/com.st.stm32cube.ide.mcu.externaltools.gnu-tools-for-stm32.9-2020-q2-update.win32_1.5.0.202011040924/tools/bin/../lib/gcc/arm-none-eabi/9.3.1/../../../../arm-none-eabi/lib/thumb/v7e-m+fp/hard\libnosys.a
END GROUP
START GROUP
LOAD c:/st/stm32cubeide_1.6.1/stm32cubeide/plugins/com.st.stm32cube.ide.mcu.externaltools.gnu-tools-for-stm32.9-2020-q2-update.win32_1.5.0.202011040924/tools/bin/../lib/gcc/arm-none-eabi/9.3.1/thumb/v7e-m+fp/hard\libgcc.a
LOAD c:/st/stm32cubeide_1.6.1/stm32cubeide/plugins/com.st.stm32cube.ide.mcu.externaltools.gnu-tools-for-stm32.9-2020-q2-update.win32_1.5.0.202011040924/tools/bin/../lib/gcc/arm-none-eabi/9.3.1/../../../../arm-none-eabi/lib/thumb/v7e-m+fp/hard\libc_nano.a
LOAD c:/st/stm32cubeide_1.6.1/stm32cubeide/plugins/com.st.stm32cube.ide.mcu.externaltools.gnu-tools-for-stm32.9-2020-q2-update.win32_1.5.0.202011040924/tools/bin/../lib/gcc/arm-none-eabi/9.3.1/../../../../arm-none-eabi/lib/thumb/v7e-m+fp/hard\libnosys.a
END GROUP
LOAD c:/st/stm32cubeide_1.6.1/stm32cubeide/plugins/com.st.stm32cube.ide.mcu.externaltools.gnu-tools-for-stm32.9-2020-q2-update.win32_1.5.0.202011040924/tools/bin/../lib/gcc/arm-none-eabi/9.3.1/thumb/v7e-m+fp/hard/crtend.o
LOAD c:/st/stm32cubeide_1.6.1/stm32cubeide/plugins/com.st.stm32cube.ide.mcu.externaltools.gnu-tools-for-stm32.9-2020-q2-update.win32_1.5.0.202011040924/tools/bin/../lib/gcc/arm-none-eabi/9.3.1/thumb/v7e-m+fp/hard/crtn.o
                0x0000000020008000                _estack = (ORIGIN (RAM) + LENGTH (RAM))
                0x0000000000000200                _Min_Heap_Size = 0x200
                0x0000000000000400                _Min_Stack_Size = 0x400

.isr_vector     0x0000000008000000      0x1d8
                0x0000000008000000                . = ALIGN (0x4)
 *(.isr_vector)
 .isr_vector    0x0000000008000000      0x1d8 Core/Startup/startup_stm32g441kbtx.o
                0x0000000008000000                g_pfnVectors
                0x00000000080001d8                . = ALIGN (0x4)

.text           0x00000000080001d8     0xa720
                0x00000000080001d8                . = ALIGN (0x4)
 *(.text)
 .text          0x00000000080001d8       0x40 c:/st/stm32cubeide_1.6.1/stm32cubeide/plugins/com.st.stm32cube.ide.mcu.externaltools.gnu-tools-for-stm32.9-2020-q2-update.win32_1.5.0.202011040924/tools/bin/../lib/gcc/arm-none-eabi/9.3.1/thumb/v7e-m+fp/hard/crtbegin.o
 *(.text*)
 .text.CDC_On_Receive
                0x0000000008000218       0x40 Core/Src/main.o
                0x0000000008000218                CDC_On_Receive
 .text.clampValue
                0x0000000008000258       0x32 Core/Src/main.o
                0x0000000008000258                clampValue
 *fill*         0x000000000800028a        0x2 
 .text.controlMotor
                0x000000000800028c       0x9c Core/Src/main.o
                0x000000000800028c                controlMotor
 .text.HAL_TIM_PeriodElapsedCallback
                0x0000000008000328      0x134 Core/Src/main.o
                0x0000000008000328                HAL_TIM_PeriodElapsedCallback
 .text.enableMotorDrivers
                0x000000000800045c       0x1c Core/Src/main.o
                0x000000000800045c                enableMotorDrivers
 .text.main     0x0000000008000478      0x104 Core/Src/main.o
                0x0000000008000478                main
 .text.SystemClock_Config
                0x000000000800057c       0xce Core/Src/main.o
                0x000000000800057c                SystemClock_Config
 *fill*         0x000000000800064a        0x2 
 .text.MX_TIM1_Init
                0x000000000800064c       0xb4 Core/Src/main.o
 .text.MX_TIM2_Init
                0x0000000008000700       0xe0 Core/Src/main.o
 .text.MX_TIM3_Init
                0x00000000080007e0       0xac Core/Src/main.o
 .text.MX_TIM4_Init
                0x000000000800088c       0xac Core/Src/main.o
 .text.MX_TIM6_Init
                0x0000000008000938       0x6c Core/Src/main.o
 .text.MX_TIM8_Init
                0x00000000080009a4      0x128 Core/Src/main.o
 .text.MX_TIM16_Init
                0x0000000008000acc       0xf4 Core/Src/main.o
 .text.MX_DMA_Init
                0x0000000008000bc0       0x54 Core/Src/main.o
 .text.MX_GPIO_Init
                0x0000000008000c14       0x7c Core/Src/main.o
 .text.Error_Handler
                0x0000000008000c90        0xa Core/Src/main.o
                0x0000000008000c90                Error_Handler
 *fill*         0x0000000008000c9a        0x2 
 .text.HAL_MspInit
                0x0000000008000c9c       0x48 Core/Src/stm32g4xx_hal_msp.o
                0x0000000008000c9c                HAL_MspInit
 .text.HAL_TIM_Encoder_MspInit
                0x0000000008000ce4      0x14c Core/Src/stm32g4xx_hal_msp.o
                0x0000000008000ce4                HAL_TIM_Encoder_MspInit
 .text.HAL_TIM_PWM_MspInit
                0x0000000008000e30       0xbc Core/Src/stm32g4xx_hal_msp.o
                0x0000000008000e30                HAL_TIM_PWM_MspInit
 .text.HAL_TIM_Base_MspInit
                0x0000000008000eec       0x74 Core/Src/stm32g4xx_hal_msp.o
                0x0000000008000eec                HAL_TIM_Base_MspInit
 .text.HAL_TIM_MspPostInit
                0x0000000008000f60      0x104 Core/Src/stm32g4xx_hal_msp.o
                0x0000000008000f60                HAL_TIM_MspPostInit
 .text.NMI_Handler
                0x0000000008001064        0x6 Core/Src/stm32g4xx_it.o
                0x0000000008001064                NMI_Handler
 .text.HardFault_Handler
                0x000000000800106a        0x6 Core/Src/stm32g4xx_it.o
                0x000000000800106a                HardFault_Handler
 .text.MemManage_Handler
                0x0000000008001070        0x6 Core/Src/stm32g4xx_it.o
                0x0000000008001070                MemManage_Handler
 .text.BusFault_Handler
                0x0000000008001076        0x6 Core/Src/stm32g4xx_it.o
                0x0000000008001076                BusFault_Handler
 .text.UsageFault_Handler
                0x000000000800107c        0x6 Core/Src/stm32g4xx_it.o
                0x000000000800107c                UsageFault_Handler
 .text.SVC_Handler
                0x0000000008001082        0xe Core/Src/stm32g4xx_it.o
                0x0000000008001082                SVC_Handler
 .text.DebugMon_Handler
                0x0000000008001090        0xe Core/Src/stm32g4xx_it.o
                0x0000000008001090                DebugMon_Handler
 .text.PendSV_Handler
                0x000000000800109e        0xe Core/Src/stm32g4xx_it.o
                0x000000000800109e                PendSV_Handler
 .text.SysTick_Handler
                0x00000000080010ac        0xc Core/Src/stm32g4xx_it.o
                0x00000000080010ac                SysTick_Handler
 .text.DMA1_Channel1_IRQHandler
                0x00000000080010b8       0x14 Core/Src/stm32g4xx_it.o
                0x00000000080010b8                DMA1_Channel1_IRQHandler
 .text.USB_LP_IRQHandler
                0x00000000080010cc       0x14 Core/Src/stm32g4xx_it.o
                0x00000000080010cc                USB_LP_IRQHandler
 .text.TIM6_DAC_IRQHandler
                0x00000000080010e0       0x14 Core/Src/stm32g4xx_it.o
                0x00000000080010e0                TIM6_DAC_IRQHandler
 .text.SystemInit
                0x00000000080010f4       0x24 Core/Src/system_stm32g4xx.o
                0x00000000080010f4                SystemInit
 .text.Reset_Handler
                0x0000000008001118       0x50 Core/Startup/startup_stm32g441kbtx.o
                0x0000000008001118                Reset_Handler
 .text.Default_Handler
                0x0000000008001168        0x2 Core/Startup/startup_stm32g441kbtx.o
                0x0000000008001168                RTC_Alarm_IRQHandler
                0x0000000008001168                EXTI2_IRQHandler
                0x0000000008001168                TIM8_TRG_COM_IRQHandler
                0x0000000008001168                TIM8_CC_IRQHandler
                0x0000000008001168                TIM1_CC_IRQHandler
                0x0000000008001168                USB_HP_IRQHandler
                0x0000000008001168                CORDIC_IRQHandler
                0x0000000008001168                EXTI3_IRQHandler
                0x0000000008001168                I2C3_ER_IRQHandler
                0x0000000008001168                EXTI0_IRQHandler
                0x0000000008001168                I2C2_EV_IRQHandler
                0x0000000008001168                FPU_IRQHandler
                0x0000000008001168                FDCAN1_IT1_IRQHandler
                0x0000000008001168                TIM1_UP_TIM16_IRQHandler
                0x0000000008001168                ADC1_2_IRQHandler
                0x0000000008001168                SPI1_IRQHandler
                0x0000000008001168                TIM8_UP_IRQHandler
                0x0000000008001168                DMA2_Channel2_IRQHandler
                0x0000000008001168                DMA1_Channel4_IRQHandler
                0x0000000008001168                USART3_IRQHandler
                0x0000000008001168                TIM4_IRQHandler
                0x0000000008001168                DMA2_Channel1_IRQHandler
                0x0000000008001168                I2C1_EV_IRQHandler
                0x0000000008001168                DMA1_Channel6_IRQHandler
                0x0000000008001168                UART4_IRQHandler
                0x0000000008001168                DMA2_Channel4_IRQHandler
                0x0000000008001168                TIM3_IRQHandler
                0x0000000008001168                RCC_IRQHandler
                0x0000000008001168                Default_Handler
                0x0000000008001168                RTC_TAMP_LSECSS_IRQHandler
                0x0000000008001168                FMAC_IRQHandler
                0x0000000008001168                EXTI15_10_IRQHandler
                0x0000000008001168                TIM7_IRQHandler
                0x0000000008001168                UCPD1_IRQHandler
                0x0000000008001168                I2C3_EV_IRQHandler
                0x0000000008001168                EXTI9_5_IRQHandler
                0x0000000008001168                RTC_WKUP_IRQHandler
                0x0000000008001168                PVD_PVM_IRQHandler
                0x0000000008001168                SPI2_IRQHandler
                0x0000000008001168                DMA2_Channel5_IRQHandler
                0x0000000008001168                CRS_IRQHandler
                0x0000000008001168                DMA1_Channel5_IRQHandler
                0x0000000008001168                EXTI4_IRQHandler
                0x0000000008001168                RNG_IRQHandler
                0x0000000008001168                TIM1_TRG_COM_TIM17_IRQHandler
                0x0000000008001168                DMA1_Channel3_IRQHandler
                0x0000000008001168                WWDG_IRQHandler
                0x0000000008001168                LPUART1_IRQHandler
                0x0000000008001168                DMA2_Channel6_IRQHandler
                0x0000000008001168                FDCAN1_IT0_IRQHandler
                0x0000000008001168                TIM2_IRQHandler
                0x0000000008001168                COMP1_2_3_IRQHandler
                0x0000000008001168                EXTI1_IRQHandler
                0x0000000008001168                AES_IRQHandler
                0x0000000008001168                USART2_IRQHandler
                0x0000000008001168                I2C2_ER_IRQHandler
                0x0000000008001168                DMA1_Channel2_IRQHandler
                0x0000000008001168                TIM8_BRK_IRQHandler
                0x0000000008001168                FLASH_IRQHandler
                0x0000000008001168                USART1_IRQHandler
                0x0000000008001168                SPI3_IRQHandler
                0x0000000008001168                I2C1_ER_IRQHandler
                0x0000000008001168                LPTIM1_IRQHandler
                0x0000000008001168                DMAMUX_OVR_IRQHandler
                0x0000000008001168                USBWakeUp_IRQHandler
                0x0000000008001168                SAI1_IRQHandler
                0x0000000008001168                DMA2_Channel3_IRQHandler
                0x0000000008001168                COMP4_IRQHandler
                0x0000000008001168                TIM1_BRK_TIM15_IRQHandler
 .text.HAL_Init
                0x000000000800116a       0x30 Drivers/STM32G4xx_HAL_Driver/Src/stm32g4xx_hal.o
                0x000000000800116a                HAL_Init
 *fill*         0x000000000800119a        0x2 
 .text.HAL_InitTick
                0x000000000800119c       0x74 Drivers/STM32G4xx_HAL_Driver/Src/stm32g4xx_hal.o
                0x000000000800119c                HAL_InitTick
 .text.HAL_IncTick
                0x0000000008001210       0x24 Drivers/STM32G4xx_HAL_Driver/Src/stm32g4xx_hal.o
                0x0000000008001210                HAL_IncTick
 .text.HAL_GetTick
                0x0000000008001234       0x18 Drivers/STM32G4xx_HAL_Driver/Src/stm32g4xx_hal.o
                0x0000000008001234                HAL_GetTick
 .text.__NVIC_SetPriorityGrouping
                0x000000000800124c       0x48 Drivers/STM32G4xx_HAL_Driver/Src/stm32g4xx_hal_cortex.o
 .text.__NVIC_GetPriorityGrouping
                0x0000000008001294       0x1c Drivers/STM32G4xx_HAL_Driver/Src/stm32g4xx_hal_cortex.o
 .text.__NVIC_EnableIRQ
                0x00000000080012b0       0x3c Drivers/STM32G4xx_HAL_Driver/Src/stm32g4xx_hal_cortex.o
 .text.__NVIC_SetPriority
                0x00000000080012ec       0x54 Drivers/STM32G4xx_HAL_Driver/Src/stm32g4xx_hal_cortex.o
 .text.NVIC_EncodePriority
                0x0000000008001340       0x66 Drivers/STM32G4xx_HAL_Driver/Src/stm32g4xx_hal_cortex.o
 *fill*         0x00000000080013a6        0x2 
 .text.SysTick_Config
                0x00000000080013a8       0x44 Drivers/STM32G4xx_HAL_Driver/Src/stm32g4xx_hal_cortex.o
 .text.HAL_NVIC_SetPriorityGrouping
                0x00000000080013ec       0x16 Drivers/STM32G4xx_HAL_Driver/Src/stm32g4xx_hal_cortex.o
                0x00000000080013ec                HAL_NVIC_SetPriorityGrouping
 .text.HAL_NVIC_SetPriority
                0x0000000008001402       0x34 Drivers/STM32G4xx_HAL_Driver/Src/stm32g4xx_hal_cortex.o
                0x0000000008001402                HAL_NVIC_SetPriority
 .text.HAL_NVIC_EnableIRQ
                0x0000000008001436       0x1c Drivers/STM32G4xx_HAL_Driver/Src/stm32g4xx_hal_cortex.o
                0x0000000008001436                HAL_NVIC_EnableIRQ
 .text.HAL_SYSTICK_Config
                0x0000000008001452       0x18 Drivers/STM32G4xx_HAL_Driver/Src/stm32g4xx_hal_cortex.o
                0x0000000008001452                HAL_SYSTICK_Config
 *fill*         0x000000000800146a        0x2 
 .text.HAL_DMA_Init
                0x000000000800146c      0x150 Drivers/STM32G4xx_HAL_Driver/Src/stm32g4xx_hal_dma.o
                0x000000000800146c                HAL_DMA_Init
 .text.HAL_DMA_Start_IT
                0x00000000080015bc       0xf6 Drivers/STM32G4xx_HAL_Driver/Src/stm32g4xx_hal_dma.o
                0x00000000080015bc                HAL_DMA_Start_IT
 .text.HAL_DMA_IRQHandler
                0x00000000080016b2      0x15e Drivers/STM32G4xx_HAL_Driver/Src/stm32g4xx_hal_dma.o
                0x00000000080016b2                HAL_DMA_IRQHandler
 .text.DMA_SetConfig
                0x0000000008001810       0x7c Drivers/STM32G4xx_HAL_Driver/Src/stm32g4xx_hal_dma.o
 .text.DMA_CalcDMAMUXChannelBaseAndMask
                0x000000000800188c       0x7c Drivers/STM32G4xx_HAL_Driver/Src/stm32g4xx_hal_dma.o
 .text.DMA_CalcDMAMUXRequestGenBaseAndMask
                0x0000000008001908       0x48 Drivers/STM32G4xx_HAL_Driver/Src/stm32g4xx_hal_dma.o
 .text.HAL_GPIO_Init
                0x0000000008001950      0x304 Drivers/STM32G4xx_HAL_Driver/Src/stm32g4xx_hal_gpio.o
                0x0000000008001950                HAL_GPIO_Init
 .text.HAL_GPIO_WritePin
                0x0000000008001c54       0x30 Drivers/STM32G4xx_HAL_Driver/Src/stm32g4xx_hal_gpio.o
                0x0000000008001c54                HAL_GPIO_WritePin
 .text.HAL_PCD_Init
                0x0000000008001c84      0x1ca Drivers/STM32G4xx_HAL_Driver/Src/stm32g4xx_hal_pcd.o
                0x0000000008001c84                HAL_PCD_Init
 .text.HAL_PCD_Start
                0x0000000008001e4e       0x44 Drivers/STM32G4xx_HAL_Driver/Src/stm32g4xx_hal_pcd.o
                0x0000000008001e4e                HAL_PCD_Start
 .text.HAL_PCD_IRQHandler
                0x0000000008001e92      0x29c Drivers/STM32G4xx_HAL_Driver/Src/stm32g4xx_hal_pcd.o
                0x0000000008001e92                HAL_PCD_IRQHandler
 .text.HAL_PCD_SetAddress
                0x000000000800212e       0x4a Drivers/STM32G4xx_HAL_Driver/Src/stm32g4xx_hal_pcd.o
                0x000000000800212e                HAL_PCD_SetAddress
 .text.HAL_PCD_EP_Open
                0x0000000008002178       0xcc Drivers/STM32G4xx_HAL_Driver/Src/stm32g4xx_hal_pcd.o
                0x0000000008002178                HAL_PCD_EP_Open
 .text.HAL_PCD_EP_Close
                0x0000000008002244       0x90 Drivers/STM32G4xx_HAL_Driver/Src/stm32g4xx_hal_pcd.o
                0x0000000008002244                HAL_PCD_EP_Close
 .text.HAL_PCD_EP_Receive
                0x00000000080022d4       0x7a Drivers/STM32G4xx_HAL_Driver/Src/stm32g4xx_hal_pcd.o
                0x00000000080022d4                HAL_PCD_EP_Receive
 .text.HAL_PCD_EP_GetRxCount
                0x000000000800234e       0x30 Drivers/STM32G4xx_HAL_Driver/Src/stm32g4xx_hal_pcd.o
                0x000000000800234e                HAL_PCD_EP_GetRxCount
 .text.HAL_PCD_EP_Transmit
                0x000000000800237e       0x86 Drivers/STM32G4xx_HAL_Driver/Src/stm32g4xx_hal_pcd.o
                0x000000000800237e                HAL_PCD_EP_Transmit
 .text.HAL_PCD_EP_SetStall
                0x0000000008002404       0xa4 Drivers/STM32G4xx_HAL_Driver/Src/stm32g4xx_hal_pcd.o
                0x0000000008002404                HAL_PCD_EP_SetStall
 .text.HAL_PCD_EP_ClrStall
                0x00000000080024a8       0xa8 Drivers/STM32G4xx_HAL_Driver/Src/stm32g4xx_hal_pcd.o
                0x00000000080024a8                HAL_PCD_EP_ClrStall
 .text.PCD_EP_ISR_Handler
                0x0000000008002550      0x5d4 Drivers/STM32G4xx_HAL_Driver/Src/stm32g4xx_hal_pcd.o
 .text.HAL_PCD_EP_DB_Receive
                0x0000000008002b24      0x212 Drivers/STM32G4xx_HAL_Driver/Src/stm32g4xx_hal_pcd.o
 .text.HAL_PCD_EP_DB_Transmit
                0x0000000008002d36      0x79c Drivers/STM32G4xx_HAL_Driver/Src/stm32g4xx_hal_pcd.o
 .text.HAL_PCDEx_PMAConfig
                0x00000000080034d2       0x86 Drivers/STM32G4xx_HAL_Driver/Src/stm32g4xx_hal_pcd_ex.o
                0x00000000080034d2                HAL_PCDEx_PMAConfig
 .text.HAL_PCDEx_ActivateLPM
                0x0000000008003558       0x54 Drivers/STM32G4xx_HAL_Driver/Src/stm32g4xx_hal_pcd_ex.o
                0x0000000008003558                HAL_PCDEx_ActivateLPM
 .text.HAL_PWREx_ControlVoltageScaling
                0x00000000080035ac      0x148 Drivers/STM32G4xx_HAL_Driver/Src/stm32g4xx_hal_pwr_ex.o
                0x00000000080035ac                HAL_PWREx_ControlVoltageScaling
 .text.HAL_PWREx_DisableUCPDDeadBattery
                0x00000000080036f4       0x20 Drivers/STM32G4xx_HAL_Driver/Src/stm32g4xx_hal_pwr_ex.o
                0x00000000080036f4                HAL_PWREx_DisableUCPDDeadBattery
 .text.HAL_RCC_OscConfig
                0x0000000008003714      0x630 Drivers/STM32G4xx_HAL_Driver/Src/stm32g4xx_hal_rcc.o
                0x0000000008003714                HAL_RCC_OscConfig
 .text.HAL_RCC_ClockConfig
                0x0000000008003d44      0x278 Drivers/STM32G4xx_HAL_Driver/Src/stm32g4xx_hal_rcc.o
                0x0000000008003d44                HAL_RCC_ClockConfig
 .text.HAL_RCC_GetSysClockFreq
                0x0000000008003fbc       0xc4 Drivers/STM32G4xx_HAL_Driver/Src/stm32g4xx_hal_rcc.o
                0x0000000008003fbc                HAL_RCC_GetSysClockFreq
 .text.RCC_GetSysClockFreqFromPLLSource
                0x0000000008004080       0x8c Drivers/STM32G4xx_HAL_Driver/Src/stm32g4xx_hal_rcc.o
 .text.HAL_RCCEx_PeriphCLKConfig
                0x000000000800410c      0x3e0 Drivers/STM32G4xx_HAL_Driver/Src/stm32g4xx_hal_rcc_ex.o
                0x000000000800410c                HAL_RCCEx_PeriphCLKConfig
 .text.HAL_TIM_Base_Init
                0x00000000080044ec       0xae Drivers/STM32G4xx_HAL_Driver/Src/stm32g4xx_hal_tim.o
                0x00000000080044ec                HAL_TIM_Base_Init
 *fill*         0x000000000800459a        0x2 
 .text.HAL_TIM_Base_Start_IT
                0x000000000800459c       0xd4 Drivers/STM32G4xx_HAL_Driver/Src/stm32g4xx_hal_tim.o
                0x000000000800459c                HAL_TIM_Base_Start_IT
 .text.HAL_TIM_PWM_Init
                0x0000000008004670       0xae Drivers/STM32G4xx_HAL_Driver/Src/stm32g4xx_hal_tim.o
                0x0000000008004670                HAL_TIM_PWM_Init
 *fill*         0x000000000800471e        0x2 
 .text.HAL_TIM_PWM_Start
                0x0000000008004720      0x200 Drivers/STM32G4xx_HAL_Driver/Src/stm32g4xx_hal_tim.o
                0x0000000008004720                HAL_TIM_PWM_Start
 .text.HAL_TIM_PWM_Start_DMA
                0x0000000008004920      0x424 Drivers/STM32G4xx_HAL_Driver/Src/stm32g4xx_hal_tim.o
                0x0000000008004920                HAL_TIM_PWM_Start_DMA
 .text.HAL_TIM_Encoder_Init
                0x0000000008004d44      0x14c Drivers/STM32G4xx_HAL_Driver/Src/stm32g4xx_hal_tim.o
                0x0000000008004d44                HAL_TIM_Encoder_Init
 .text.HAL_TIM_Encoder_Start
                0x0000000008004e90      0x11c Drivers/STM32G4xx_HAL_Driver/Src/stm32g4xx_hal_tim.o
                0x0000000008004e90                HAL_TIM_Encoder_Start
 .text.HAL_TIM_IRQHandler
                0x0000000008004fac      0x2fe Drivers/STM32G4xx_HAL_Driver/Src/stm32g4xx_hal_tim.o
                0x0000000008004fac                HAL_TIM_IRQHandler
 *fill*         0x00000000080052aa        0x2 
 .text.HAL_TIM_PWM_ConfigChannel
                0x00000000080052ac      0x220 Drivers/STM32G4xx_HAL_Driver/Src/stm32g4xx_hal_tim.o
                0x00000000080052ac                HAL_TIM_PWM_ConfigChannel
 .text.HAL_TIM_OC_DelayElapsedCallback
                0x00000000080054cc       0x14 Drivers/STM32G4xx_HAL_Driver/Src/stm32g4xx_hal_tim.o
                0x00000000080054cc                HAL_TIM_OC_DelayElapsedCallback
 .text.HAL_TIM_IC_CaptureCallback
                0x00000000080054e0       0x14 Drivers/STM32G4xx_HAL_Driver/Src/stm32g4xx_hal_tim.o
                0x00000000080054e0                HAL_TIM_IC_CaptureCallback
 .text.HAL_TIM_PWM_PulseFinishedCallback
                0x00000000080054f4       0x14 Drivers/STM32G4xx_HAL_Driver/Src/stm32g4xx_hal_tim.o
                0x00000000080054f4                HAL_TIM_PWM_PulseFinishedCallback
 .text.HAL_TIM_PWM_PulseFinishedHalfCpltCallback
                0x0000000008005508       0x14 Drivers/STM32G4xx_HAL_Driver/Src/stm32g4xx_hal_tim.o
                0x0000000008005508                HAL_TIM_PWM_PulseFinishedHalfCpltCallback
 .text.HAL_TIM_TriggerCallback
                0x000000000800551c       0x14 Drivers/STM32G4xx_HAL_Driver/Src/stm32g4xx_hal_tim.o
                0x000000000800551c                HAL_TIM_TriggerCallback
 .text.HAL_TIM_ErrorCallback
                0x0000000008005530       0x14 Drivers/STM32G4xx_HAL_Driver/Src/stm32g4xx_hal_tim.o
                0x0000000008005530                HAL_TIM_ErrorCallback
 .text.TIM_DMAError
                0x0000000008005544       0x92 Drivers/STM32G4xx_HAL_Driver/Src/stm32g4xx_hal_tim.o
                0x0000000008005544                TIM_DMAError
 .text.TIM_DMADelayPulseCplt
                0x00000000080055d6       0xa8 Drivers/STM32G4xx_HAL_Driver/Src/stm32g4xx_hal_tim.o
 .text.TIM_DMADelayPulseHalfCplt
                0x000000000800567e       0x68 Drivers/STM32G4xx_HAL_Driver/Src/stm32g4xx_hal_tim.o
                0x000000000800567e                TIM_DMADelayPulseHalfCplt
 *fill*         0x00000000080056e6        0x2 
 .text.TIM_Base_SetConfig
                0x00000000080056e8      0x120 Drivers/STM32G4xx_HAL_Driver/Src/stm32g4xx_hal_tim.o
                0x00000000080056e8                TIM_Base_SetConfig
 .text.TIM_OC1_SetConfig
                0x0000000008005808      0x120 Drivers/STM32G4xx_HAL_Driver/Src/stm32g4xx_hal_tim.o
 .text.TIM_OC2_SetConfig
                0x0000000008005928      0x114 Drivers/STM32G4xx_HAL_Driver/Src/stm32g4xx_hal_tim.o
                0x0000000008005928                TIM_OC2_SetConfig
 .text.TIM_OC3_SetConfig
                0x0000000008005a3c      0x110 Drivers/STM32G4xx_HAL_Driver/Src/stm32g4xx_hal_tim.o
 .text.TIM_OC4_SetConfig
                0x0000000008005b4c      0x114 Drivers/STM32G4xx_HAL_Driver/Src/stm32g4xx_hal_tim.o
 .text.TIM_OC5_SetConfig
                0x0000000008005c60       0xc8 Drivers/STM32G4xx_HAL_Driver/Src/stm32g4xx_hal_tim.o
 .text.TIM_OC6_SetConfig
                0x0000000008005d28       0xcc Drivers/STM32G4xx_HAL_Driver/Src/stm32g4xx_hal_tim.o
 .text.TIM_CCxChannelCmd
                0x0000000008005df4       0x4a Drivers/STM32G4xx_HAL_Driver/Src/stm32g4xx_hal_tim.o
                0x0000000008005df4                TIM_CCxChannelCmd
 *fill*         0x0000000008005e3e        0x2 
 .text.HAL_TIMEx_MasterConfigSynchronization
                0x0000000008005e40      0x104 Drivers/STM32G4xx_HAL_Driver/Src/stm32g4xx_hal_tim_ex.o
                0x0000000008005e40                HAL_TIMEx_MasterConfigSynchronization
 .text.HAL_TIMEx_ConfigBreakDeadTime
                0x0000000008005f44      0x140 Drivers/STM32G4xx_HAL_Driver/Src/stm32g4xx_hal_tim_ex.o
                0x0000000008005f44                HAL_TIMEx_ConfigBreakDeadTime
 .text.HAL_TIMEx_CommutCallback
                0x0000000008006084       0x14 Drivers/STM32G4xx_HAL_Driver/Src/stm32g4xx_hal_tim_ex.o
                0x0000000008006084                HAL_TIMEx_CommutCallback
 .text.HAL_TIMEx_BreakCallback
                0x0000000008006098       0x14 Drivers/STM32G4xx_HAL_Driver/Src/stm32g4xx_hal_tim_ex.o
                0x0000000008006098                HAL_TIMEx_BreakCallback
 .text.HAL_TIMEx_Break2Callback
                0x00000000080060ac       0x14 Drivers/STM32G4xx_HAL_Driver/Src/stm32g4xx_hal_tim_ex.o
                0x00000000080060ac                HAL_TIMEx_Break2Callback
 .text.HAL_TIMEx_EncoderIndexCallback
                0x00000000080060c0       0x14 Drivers/STM32G4xx_HAL_Driver/Src/stm32g4xx_hal_tim_ex.o
                0x00000000080060c0                HAL_TIMEx_EncoderIndexCallback
 .text.HAL_TIMEx_DirectionChangeCallback
                0x00000000080060d4       0x14 Drivers/STM32G4xx_HAL_Driver/Src/stm32g4xx_hal_tim_ex.o
                0x00000000080060d4                HAL_TIMEx_DirectionChangeCallback
 .text.HAL_TIMEx_IndexErrorCallback
                0x00000000080060e8       0x14 Drivers/STM32G4xx_HAL_Driver/Src/stm32g4xx_hal_tim_ex.o
                0x00000000080060e8                HAL_TIMEx_IndexErrorCallback
 .text.HAL_TIMEx_TransitionErrorCallback
                0x00000000080060fc       0x14 Drivers/STM32G4xx_HAL_Driver/Src/stm32g4xx_hal_tim_ex.o
                0x00000000080060fc                HAL_TIMEx_TransitionErrorCallback
 .text.USB_EnableGlobalInt
                0x0000000008006110       0x2e Drivers/STM32G4xx_HAL_Driver/Src/stm32g4xx_ll_usb.o
                0x0000000008006110                USB_EnableGlobalInt
 .text.USB_DisableGlobalInt
                0x000000000800613e       0x36 Drivers/STM32G4xx_HAL_Driver/Src/stm32g4xx_ll_usb.o
                0x000000000800613e                USB_DisableGlobalInt
 .text.USB_DevInit
                0x0000000008006174       0x42 Drivers/STM32G4xx_HAL_Driver/Src/stm32g4xx_ll_usb.o
                0x0000000008006174                USB_DevInit
 *fill*         0x00000000080061b6        0x2 
 .text.USB_ActivateEndpoint
                0x00000000080061b8      0x6dc Drivers/STM32G4xx_HAL_Driver/Src/stm32g4xx_ll_usb.o
                0x00000000080061b8                USB_ActivateEndpoint
 .text.USB_DeactivateEndpoint
                0x0000000008006894      0x3da Drivers/STM32G4xx_HAL_Driver/Src/stm32g4xx_ll_usb.o
                0x0000000008006894                USB_DeactivateEndpoint
 .text.USB_EPStartXfer
                0x0000000008006c6e     0x15ee Drivers/STM32G4xx_HAL_Driver/Src/stm32g4xx_ll_usb.o
                0x0000000008006c6e                USB_EPStartXfer
 .text.USB_EPSetStall
                0x000000000800825c       0xa2 Drivers/STM32G4xx_HAL_Driver/Src/stm32g4xx_ll_usb.o
                0x000000000800825c                USB_EPSetStall
 .text.USB_EPClearStall
                0x00000000080082fe      0x15c Drivers/STM32G4xx_HAL_Driver/Src/stm32g4xx_ll_usb.o
                0x00000000080082fe                USB_EPClearStall
 .text.USB_SetDevAddress
                0x000000000800845a       0x28 Drivers/STM32G4xx_HAL_Driver/Src/stm32g4xx_ll_usb.o
                0x000000000800845a                USB_SetDevAddress
 .text.USB_DevConnect
                0x0000000008008482       0x2e Drivers/STM32G4xx_HAL_Driver/Src/stm32g4xx_ll_usb.o
                0x0000000008008482                USB_DevConnect
 .text.USB_ReadInterrupts
                0x00000000080084b0       0x20 Drivers/STM32G4xx_HAL_Driver/Src/stm32g4xx_ll_usb.o
                0x00000000080084b0                USB_ReadInterrupts
 .text.USB_WritePMA
                0x00000000080084d0       0x84 Drivers/STM32G4xx_HAL_Driver/Src/stm32g4xx_ll_usb.o
                0x00000000080084d0                USB_WritePMA
 .text.USB_ReadPMA
                0x0000000008008554       0x98 Drivers/STM32G4xx_HAL_Driver/Src/stm32g4xx_ll_usb.o
                0x0000000008008554                USB_ReadPMA
 .text.USBD_CDC_Init
                0x00000000080085ec       0xfe Middlewares/ST/STM32_USB_Device_Library/Class/CDC/Src/usbd_cdc.o
 .text.USBD_CDC_DeInit
                0x00000000080086ea       0x74 Middlewares/ST/STM32_USB_Device_Library/Class/CDC/Src/usbd_cdc.o
 *fill*         0x000000000800875e        0x2 
 .text.USBD_CDC_Setup
                0x0000000008008760      0x190 Middlewares/ST/STM32_USB_Device_Library/Class/CDC/Src/usbd_cdc.o
 .text.USBD_CDC_DataIn
                0x00000000080088f0       0xca Middlewares/ST/STM32_USB_Device_Library/Class/CDC/Src/usbd_cdc.o
 .text.USBD_CDC_DataOut
                0x00000000080089ba       0x56 Middlewares/ST/STM32_USB_Device_Library/Class/CDC/Src/usbd_cdc.o
 .text.USBD_CDC_EP0_RxReady
                0x0000000008008a10       0x5a Middlewares/ST/STM32_USB_Device_Library/Class/CDC/Src/usbd_cdc.o
 *fill*         0x0000000008008a6a        0x2 
 .text.USBD_CDC_GetFSCfgDesc
                0x0000000008008a6c       0x20 Middlewares/ST/STM32_USB_Device_Library/Class/CDC/Src/usbd_cdc.o
 .text.USBD_CDC_GetHSCfgDesc
                0x0000000008008a8c       0x20 Middlewares/ST/STM32_USB_Device_Library/Class/CDC/Src/usbd_cdc.o
 .text.USBD_CDC_GetOtherSpeedCfgDesc
                0x0000000008008aac       0x20 Middlewares/ST/STM32_USB_Device_Library/Class/CDC/Src/usbd_cdc.o
 .text.USBD_CDC_GetDeviceQualifierDescriptor
                0x0000000008008acc       0x20 Middlewares/ST/STM32_USB_Device_Library/Class/CDC/Src/usbd_cdc.o
                0x0000000008008acc                USBD_CDC_GetDeviceQualifierDescriptor
 .text.USBD_CDC_RegisterInterface
                0x0000000008008aec       0x2a Middlewares/ST/STM32_USB_Device_Library/Class/CDC/Src/usbd_cdc.o
                0x0000000008008aec                USBD_CDC_RegisterInterface
 .text.USBD_CDC_SetTxBuffer
                0x0000000008008b16       0x3c Middlewares/ST/STM32_USB_Device_Library/Class/CDC/Src/usbd_cdc.o
                0x0000000008008b16                USBD_CDC_SetTxBuffer
 .text.USBD_CDC_SetRxBuffer
                0x0000000008008b52       0x32 Middlewares/ST/STM32_USB_Device_Library/Class/CDC/Src/usbd_cdc.o
                0x0000000008008b52                USBD_CDC_SetRxBuffer
 .text.USBD_CDC_TransmitPacket
                0x0000000008008b84       0x60 Middlewares/ST/STM32_USB_Device_Library/Class/CDC/Src/usbd_cdc.o
                0x0000000008008b84                USBD_CDC_TransmitPacket
 .text.USBD_CDC_ReceivePacket
                0x0000000008008be4       0x54 Middlewares/ST/STM32_USB_Device_Library/Class/CDC/Src/usbd_cdc.o
                0x0000000008008be4                USBD_CDC_ReceivePacket
 .text.USBD_Init
                0x0000000008008c38       0x60 Middlewares/ST/STM32_USB_Device_Library/Core/Src/usbd_core.o
                0x0000000008008c38                USBD_Init
 .text.USBD_RegisterClass
                0x0000000008008c98       0x4e Middlewares/ST/STM32_USB_Device_Library/Core/Src/usbd_core.o
                0x0000000008008c98                USBD_RegisterClass
 .text.USBD_Start
                0x0000000008008ce6       0x18 Middlewares/ST/STM32_USB_Device_Library/Core/Src/usbd_core.o
                0x0000000008008ce6                USBD_Start
 .text.USBD_RunTestMode
                0x0000000008008cfe       0x16 Middlewares/ST/STM32_USB_Device_Library/Core/Src/usbd_core.o
                0x0000000008008cfe                USBD_RunTestMode
 .text.USBD_SetClassConfig
                0x0000000008008d14       0x38 Middlewares/ST/STM32_USB_Device_Library/Core/Src/usbd_core.o
                0x0000000008008d14                USBD_SetClassConfig
 .text.USBD_ClrClassConfig
                0x0000000008008d4c       0x30 Middlewares/ST/STM32_USB_Device_Library/Core/Src/usbd_core.o
                0x0000000008008d4c                USBD_ClrClassConfig
 .text.USBD_LL_SetupStage
                0x0000000008008d7c       0xaa Middlewares/ST/STM32_USB_Device_Library/Core/Src/usbd_core.o
                0x0000000008008d7c                USBD_LL_SetupStage
 .text.USBD_LL_DataOutStage
                0x0000000008008e26       0xc6 Middlewares/ST/STM32_USB_Device_Library/Core/Src/usbd_core.o
                0x0000000008008e26                USBD_LL_DataOutStage
 .text.USBD_LL_DataInStage
                0x0000000008008eec      0x12c Middlewares/ST/STM32_USB_Device_Library/Core/Src/usbd_core.o
                0x0000000008008eec                USBD_LL_DataInStage
 .text.USBD_LL_Reset
                0x0000000008009018       0x9c Middlewares/ST/STM32_USB_Device_Library/Core/Src/usbd_core.o
                0x0000000008009018                USBD_LL_Reset
 .text.USBD_LL_SetSpeed
                0x00000000080090b4       0x20 Middlewares/ST/STM32_USB_Device_Library/Core/Src/usbd_core.o
                0x00000000080090b4                USBD_LL_SetSpeed
 .text.USBD_LL_Suspend
                0x00000000080090d4       0x2c Middlewares/ST/STM32_USB_Device_Library/Core/Src/usbd_core.o
                0x00000000080090d4                USBD_LL_Suspend
 .text.USBD_LL_Resume
                0x0000000008009100       0x30 Middlewares/ST/STM32_USB_Device_Library/Core/Src/usbd_core.o
                0x0000000008009100                USBD_LL_Resume
 .text.USBD_LL_SOF
                0x0000000008009130       0x44 Middlewares/ST/STM32_USB_Device_Library/Core/Src/usbd_core.o
                0x0000000008009130                USBD_LL_SOF
 .text.SWAPBYTE
                0x0000000008009174       0x3c Middlewares/ST/STM32_USB_Device_Library/Core/Src/usbd_ctlreq.o
 .text.USBD_StdDevReq
                0x00000000080091b0       0xdc Middlewares/ST/STM32_USB_Device_Library/Core/Src/usbd_ctlreq.o
                0x00000000080091b0                USBD_StdDevReq
 .text.USBD_StdItfReq
                0x000000000800928c       0x92 Middlewares/ST/STM32_USB_Device_Library/Core/Src/usbd_ctlreq.o
                0x000000000800928c                USBD_StdItfReq
 .text.USBD_StdEPReq
                0x000000000800931e      0x2c4 Middlewares/ST/STM32_USB_Device_Library/Core/Src/usbd_ctlreq.o
                0x000000000800931e                USBD_StdEPReq
 *fill*         0x00000000080095e2        0x2 
 .text.USBD_GetDescriptor
                0x00000000080095e4      0x328 Middlewares/ST/STM32_USB_Device_Library/Core/Src/usbd_ctlreq.o
 .text.USBD_SetAddress
                0x000000000800990c       0x88 Middlewares/ST/STM32_USB_Device_Library/Core/Src/usbd_ctlreq.o
 .text.USBD_SetConfig
                0x0000000008009994      0x14c Middlewares/ST/STM32_USB_Device_Library/Core/Src/usbd_ctlreq.o
 .text.USBD_GetConfig
                0x0000000008009ae0       0x6c Middlewares/ST/STM32_USB_Device_Library/Core/Src/usbd_ctlreq.o
 .text.USBD_GetStatus
                0x0000000008009b4c       0x68 Middlewares/ST/STM32_USB_Device_Library/Core/Src/usbd_ctlreq.o
 .text.USBD_SetFeature
                0x0000000008009bb4       0x28 Middlewares/ST/STM32_USB_Device_Library/Core/Src/usbd_ctlreq.o
 .text.USBD_ClrFeature
                0x0000000008009bdc       0x44 Middlewares/ST/STM32_USB_Device_Library/Core/Src/usbd_ctlreq.o
 .text.USBD_ParseSetupRequest
                0x0000000008009c20       0x74 Middlewares/ST/STM32_USB_Device_Library/Core/Src/usbd_ctlreq.o
                0x0000000008009c20                USBD_ParseSetupRequest
 .text.USBD_CtlError
                0x0000000008009c94       0x22 Middlewares/ST/STM32_USB_Device_Library/Core/Src/usbd_ctlreq.o
                0x0000000008009c94                USBD_CtlError
 .text.USBD_GetString
                0x0000000008009cb6       0x8c Middlewares/ST/STM32_USB_Device_Library/Core/Src/usbd_ctlreq.o
                0x0000000008009cb6                USBD_GetString
 .text.USBD_GetLen
                0x0000000008009d42       0x34 Middlewares/ST/STM32_USB_Device_Library/Core/Src/usbd_ctlreq.o
 .text.USBD_CtlSendData
                0x0000000008009d76       0x36 Middlewares/ST/STM32_USB_Device_Library/Core/Src/usbd_ioreq.o
                0x0000000008009d76                USBD_CtlSendData
 .text.USBD_CtlContinueSendData
                0x0000000008009dac       0x22 Middlewares/ST/STM32_USB_Device_Library/Core/Src/usbd_ioreq.o
                0x0000000008009dac                USBD_CtlContinueSendData
 .text.USBD_CtlPrepareRx
                0x0000000008009dce       0x3a Middlewares/ST/STM32_USB_Device_Library/Core/Src/usbd_ioreq.o
                0x0000000008009dce                USBD_CtlPrepareRx
 .text.USBD_CtlContinueRx
                0x0000000008009e08       0x22 Middlewares/ST/STM32_USB_Device_Library/Core/Src/usbd_ioreq.o
                0x0000000008009e08                USBD_CtlContinueRx
 .text.USBD_CtlSendStatus
                0x0000000008009e2a       0x26 Middlewares/ST/STM32_USB_Device_Library/Core/Src/usbd_ioreq.o
                0x0000000008009e2a                USBD_CtlSendStatus
 .text.USBD_CtlReceiveStatus
                0x0000000008009e50       0x26 Middlewares/ST/STM32_USB_Device_Library/Core/Src/usbd_ioreq.o
                0x0000000008009e50                USBD_CtlReceiveStatus
 *fill*         0x0000000008009e76        0x2 
 .text.MX_USB_Device_Init
                0x0000000008009e78       0x60 USB_Device/App/usb_device.o
                0x0000000008009e78                MX_USB_Device_Init
 .text.CDC_Init_FS
                0x0000000008009ed8       0x28 USB_Device/App/usbd_cdc_if.o
 .text.CDC_DeInit_FS
                0x0000000008009f00       0x10 USB_Device/App/usbd_cdc_if.o
 .text.CDC_Control_FS
                0x0000000008009f10       0xbc USB_Device/App/usbd_cdc_if.o
 .text.CDC_Receive_FS
                0x0000000008009fcc       0x30 USB_Device/App/usbd_cdc_if.o
 .text.CDC_Transmit_FS
                0x0000000008009ffc       0x4c USB_Device/App/usbd_cdc_if.o
                0x0000000008009ffc                CDC_Transmit_FS
 .text.CDC_TransmitCplt_FS
                0x000000000800a048       0x22 USB_Device/App/usbd_cdc_if.o
 *fill*         0x000000000800a06a        0x2 
 .text.USBD_CDC_DeviceDescriptor
                0x000000000800a06c       0x24 USB_Device/App/usbd_desc.o
                0x000000000800a06c                USBD_CDC_DeviceDescriptor
 .text.USBD_CDC_LangIDStrDescriptor
                0x000000000800a090       0x24 USB_Device/App/usbd_desc.o
                0x000000000800a090                USBD_CDC_LangIDStrDescriptor
 .text.USBD_CDC_ProductStrDescriptor
                0x000000000800a0b4       0x3c USB_Device/App/usbd_desc.o
                0x000000000800a0b4                USBD_CDC_ProductStrDescriptor
 .text.USBD_CDC_ManufacturerStrDescriptor
                0x000000000800a0f0       0x28 USB_Device/App/usbd_desc.o
                0x000000000800a0f0                USBD_CDC_ManufacturerStrDescriptor
 .text.USBD_CDC_SerialStrDescriptor
                0x000000000800a118       0x24 USB_Device/App/usbd_desc.o
                0x000000000800a118                USBD_CDC_SerialStrDescriptor
 .text.USBD_CDC_ConfigStrDescriptor
                0x000000000800a13c       0x3c USB_Device/App/usbd_desc.o
                0x000000000800a13c                USBD_CDC_ConfigStrDescriptor
 .text.USBD_CDC_InterfaceStrDescriptor
                0x000000000800a178       0x3c USB_Device/App/usbd_desc.o
                0x000000000800a178                USBD_CDC_InterfaceStrDescriptor
 .text.Get_SerialNum
                0x000000000800a1b4       0x58 USB_Device/App/usbd_desc.o
 .text.IntToUnicode
                0x000000000800a20c       0x7e USB_Device/App/usbd_desc.o
 *fill*         0x000000000800a28a        0x2 
 .text.HAL_PCD_MspInit
                0x000000000800a28c       0x4c USB_Device/Target/usbd_conf.o
                0x000000000800a28c                HAL_PCD_MspInit
 .text.HAL_PCD_SetupStageCallback
                0x000000000800a2d8       0x24 USB_Device/Target/usbd_conf.o
                0x000000000800a2d8                HAL_PCD_SetupStageCallback
 .text.HAL_PCD_DataOutStageCallback
                0x000000000800a2fc       0x36 USB_Device/Target/usbd_conf.o
                0x000000000800a2fc                HAL_PCD_DataOutStageCallback
 .text.HAL_PCD_DataInStageCallback
                0x000000000800a332       0x34 USB_Device/Target/usbd_conf.o
                0x000000000800a332                HAL_PCD_DataInStageCallback
 .text.HAL_PCD_SOFCallback
                0x000000000800a366       0x1c USB_Device/Target/usbd_conf.o
                0x000000000800a366                HAL_PCD_SOFCallback
 .text.HAL_PCD_ResetCallback
                0x000000000800a382       0x3c USB_Device/Target/usbd_conf.o
                0x000000000800a382                HAL_PCD_ResetCallback
 *fill*         0x000000000800a3be        0x2 
 .text.HAL_PCD_SuspendCallback
                0x000000000800a3c0       0x34 USB_Device/Target/usbd_conf.o
                0x000000000800a3c0                HAL_PCD_SuspendCallback
 .text.HAL_PCD_ResumeCallback
                0x000000000800a3f4       0x38 USB_Device/Target/usbd_conf.o
                0x000000000800a3f4                HAL_PCD_ResumeCallback
 .text.USBD_LL_Init
                0x000000000800a42c       0xc0 USB_Device/Target/usbd_conf.o
                0x000000000800a42c                USBD_LL_Init
 .text.USBD_LL_Start
                0x000000000800a4ec       0x36 USB_Device/Target/usbd_conf.o
                0x000000000800a4ec                USBD_LL_Start
 .text.USBD_LL_OpenEP
                0x000000000800a522       0x4c USB_Device/Target/usbd_conf.o
                0x000000000800a522                USBD_LL_OpenEP
 .text.USBD_LL_CloseEP
                0x000000000800a56e       0x3e USB_Device/Target/usbd_conf.o
                0x000000000800a56e                USBD_LL_CloseEP
 .text.USBD_LL_StallEP
                0x000000000800a5ac       0x3e USB_Device/Target/usbd_conf.o
                0x000000000800a5ac                USBD_LL_StallEP
 .text.USBD_LL_ClearStallEP
                0x000000000800a5ea       0x3e USB_Device/Target/usbd_conf.o
                0x000000000800a5ea                USBD_LL_ClearStallEP
 .text.USBD_LL_IsStallEP
                0x000000000800a628       0x5a USB_Device/Target/usbd_conf.o
                0x000000000800a628                USBD_LL_IsStallEP
 .text.USBD_LL_SetUSBAddress
                0x000000000800a682       0x3e USB_Device/Target/usbd_conf.o
                0x000000000800a682                USBD_LL_SetUSBAddress
 .text.USBD_LL_Transmit
                0x000000000800a6c0       0x42 USB_Device/Target/usbd_conf.o
                0x000000000800a6c0                USBD_LL_Transmit
 .text.USBD_LL_PrepareReceive
                0x000000000800a702       0x42 USB_Device/Target/usbd_conf.o
                0x000000000800a702                USBD_LL_PrepareReceive
 .text.USBD_LL_GetRxDataSize
                0x000000000800a744       0x26 USB_Device/Target/usbd_conf.o
                0x000000000800a744                USBD_LL_GetRxDataSize
 *fill*         0x000000000800a76a        0x2 
 .text.HAL_PCDEx_LPM_Callback
                0x000000000800a76c       0x6c USB_Device/Target/usbd_conf.o
                0x000000000800a76c                HAL_PCDEx_LPM_Callback
 .text.USBD_static_malloc
                0x000000000800a7d8       0x1c USB_Device/Target/usbd_conf.o
                0x000000000800a7d8                USBD_static_malloc
 .text.USBD_static_free
                0x000000000800a7f4       0x14 USB_Device/Target/usbd_conf.o
                0x000000000800a7f4                USBD_static_free
 .text.SystemClockConfig_Resume
                0x000000000800a808        0xc USB_Device/Target/usbd_conf.o
 .text.USBD_Get_USB_Status
                0x000000000800a814       0x58 USB_Device/Target/usbd_conf.o
 .text.__libc_init_array
                0x000000000800a86c       0x48 c:/st/stm32cubeide_1.6.1/stm32cubeide/plugins/com.st.stm32cube.ide.mcu.externaltools.gnu-tools-for-stm32.9-2020-q2-update.win32_1.5.0.202011040924/tools/bin/../lib/gcc/arm-none-eabi/9.3.1/../../../../arm-none-eabi/lib/thumb/v7e-m+fp/hard\libc_nano.a(lib_a-init.o)
                0x000000000800a86c                __libc_init_array
 .text.memcpy   0x000000000800a8b4       0x1c c:/st/stm32cubeide_1.6.1/stm32cubeide/plugins/com.st.stm32cube.ide.mcu.externaltools.gnu-tools-for-stm32.9-2020-q2-update.win32_1.5.0.202011040924/tools/bin/../lib/gcc/arm-none-eabi/9.3.1/../../../../arm-none-eabi/lib/thumb/v7e-m+fp/hard\libc_nano.a(lib_a-memcpy-stub.o)
                0x000000000800a8b4                memcpy
 .text.memset   0x000000000800a8d0       0x10 c:/st/stm32cubeide_1.6.1/stm32cubeide/plugins/com.st.stm32cube.ide.mcu.externaltools.gnu-tools-for-stm32.9-2020-q2-update.win32_1.5.0.202011040924/tools/bin/../lib/gcc/arm-none-eabi/9.3.1/../../../../arm-none-eabi/lib/thumb/v7e-m+fp/hard\libc_nano.a(lib_a-memset.o)
                0x000000000800a8d0                memset
 *(.glue_7)
 .glue_7        0x000000000800a8e0        0x0 linker stubs
 *(.glue_7t)
 .glue_7t       0x000000000800a8e0        0x0 linker stubs
 *(.eh_frame)
 .eh_frame      0x000000000800a8e0        0x0 c:/st/stm32cubeide_1.6.1/stm32cubeide/plugins/com.st.stm32cube.ide.mcu.externaltools.gnu-tools-for-stm32.9-2020-q2-update.win32_1.5.0.202011040924/tools/bin/../lib/gcc/arm-none-eabi/9.3.1/thumb/v7e-m+fp/hard/crtbegin.o
 *(.init)
 .init          0x000000000800a8e0        0x4 c:/st/stm32cubeide_1.6.1/stm32cubeide/plugins/com.st.stm32cube.ide.mcu.externaltools.gnu-tools-for-stm32.9-2020-q2-update.win32_1.5.0.202011040924/tools/bin/../lib/gcc/arm-none-eabi/9.3.1/thumb/v7e-m+fp/hard/crti.o
                0x000000000800a8e0                _init
 .init          0x000000000800a8e4        0x8 c:/st/stm32cubeide_1.6.1/stm32cubeide/plugins/com.st.stm32cube.ide.mcu.externaltools.gnu-tools-for-stm32.9-2020-q2-update.win32_1.5.0.202011040924/tools/bin/../lib/gcc/arm-none-eabi/9.3.1/thumb/v7e-m+fp/hard/crtn.o
 *(.fini)
 .fini          0x000000000800a8ec        0x4 c:/st/stm32cubeide_1.6.1/stm32cubeide/plugins/com.st.stm32cube.ide.mcu.externaltools.gnu-tools-for-stm32.9-2020-q2-update.win32_1.5.0.202011040924/tools/bin/../lib/gcc/arm-none-eabi/9.3.1/thumb/v7e-m+fp/hard/crti.o
                0x000000000800a8ec                _fini
 .fini          0x000000000800a8f0        0x8 c:/st/stm32cubeide_1.6.1/stm32cubeide/plugins/com.st.stm32cube.ide.mcu.externaltools.gnu-tools-for-stm32.9-2020-q2-update.win32_1.5.0.202011040924/tools/bin/../lib/gcc/arm-none-eabi/9.3.1/thumb/v7e-m+fp/hard/crtn.o
                0x000000000800a8f8                . = ALIGN (0x4)
                0x000000000800a8f8                _etext = .

.vfp11_veneer   0x000000000800a8f8        0x0
 .vfp11_veneer  0x000000000800a8f8        0x0 linker stubs

.v4_bx          0x000000000800a8f8        0x0
 .v4_bx         0x000000000800a8f8        0x0 linker stubs

.iplt           0x000000000800a8f8        0x0
 .iplt          0x000000000800a8f8        0x0 c:/st/stm32cubeide_1.6.1/stm32cubeide/plugins/com.st.stm32cube.ide.mcu.externaltools.gnu-tools-for-stm32.9-2020-q2-update.win32_1.5.0.202011040924/tools/bin/../lib/gcc/arm-none-eabi/9.3.1/thumb/v7e-m+fp/hard/crtbegin.o

.rodata         0x000000000800a8f8       0x58
                0x000000000800a8f8                . = ALIGN (0x4)
 *(.rodata)
 .rodata        0x000000000800a8f8       0x46 USB_Device/App/usbd_desc.o
 *(.rodata*)
 *fill*         0x000000000800a93e        0x2 
 .rodata.AHBPrescTable
                0x000000000800a940       0x10 Core/Src/system_stm32g4xx.o
                0x000000000800a940                AHBPrescTable
                0x000000000800a950                . = ALIGN (0x4)

.rel.dyn        0x000000000800a950        0x0
 .rel.iplt      0x000000000800a950        0x0 c:/st/stm32cubeide_1.6.1/stm32cubeide/plugins/com.st.stm32cube.ide.mcu.externaltools.gnu-tools-for-stm32.9-2020-q2-update.win32_1.5.0.202011040924/tools/bin/../lib/gcc/arm-none-eabi/9.3.1/thumb/v7e-m+fp/hard/crtbegin.o

.ARM.extab      0x000000000800a950        0x0
                0x000000000800a950                . = ALIGN (0x4)
 *(.ARM.extab* .gnu.linkonce.armextab.*)
                0x000000000800a950                . = ALIGN (0x4)

.ARM            0x000000000800a950        0x0
                0x000000000800a950                . = ALIGN (0x4)
                0x000000000800a950                __exidx_start = .
 *(.ARM.exidx*)
                0x000000000800a950                __exidx_end = .
                0x000000000800a950                . = ALIGN (0x4)

.preinit_array  0x000000000800a950        0x0
                0x000000000800a950                . = ALIGN (0x4)
                0x000000000800a950                PROVIDE (__preinit_array_start = .)
 *(.preinit_array*)
                0x000000000800a950                PROVIDE (__preinit_array_end = .)
                0x000000000800a950                . = ALIGN (0x4)

.init_array     0x000000000800a950        0x4
                0x000000000800a950                . = ALIGN (0x4)
                0x000000000800a950                PROVIDE (__init_array_start = .)
 *(SORT_BY_NAME(.init_array.*))
 *(.init_array*)
 .init_array    0x000000000800a950        0x4 c:/st/stm32cubeide_1.6.1/stm32cubeide/plugins/com.st.stm32cube.ide.mcu.externaltools.gnu-tools-for-stm32.9-2020-q2-update.win32_1.5.0.202011040924/tools/bin/../lib/gcc/arm-none-eabi/9.3.1/thumb/v7e-m+fp/hard/crtbegin.o
                0x000000000800a954                PROVIDE (__init_array_end = .)
                0x000000000800a954                . = ALIGN (0x4)

.fini_array     0x000000000800a954        0x4
                0x000000000800a954                . = ALIGN (0x4)
                [!provide]                        PROVIDE (__fini_array_start = .)
 *(SORT_BY_NAME(.fini_array.*))
 *(.fini_array*)
 .fini_array    0x000000000800a954        0x4 c:/st/stm32cubeide_1.6.1/stm32cubeide/plugins/com.st.stm32cube.ide.mcu.externaltools.gnu-tools-for-stm32.9-2020-q2-update.win32_1.5.0.202011040924/tools/bin/../lib/gcc/arm-none-eabi/9.3.1/thumb/v7e-m+fp/hard/crtbegin.o
                [!provide]                        PROVIDE (__fini_array_end = .)
                0x000000000800a958                . = ALIGN (0x4)
                0x000000000800a958                _sidata = LOADADDR (.data)

.data           0x0000000020000000      0x1ac load address 0x000000000800a958
                0x0000000020000000                . = ALIGN (0x4)
                0x0000000020000000                _sdata = .
 *(.data)
 *(.data*)
 .data.motorControl_1
                0x0000000020000000        0xc Core/Src/main.o
                0x0000000020000000                motorControl_1
 .data.motorControl_2
                0x000000002000000c        0xc Core/Src/main.o
                0x000000002000000c                motorControl_2
 .data.motorControl_3
                0x0000000020000018        0xc Core/Src/main.o
                0x0000000020000018                motorControl_3
 .data.nsleepPwmValues
                0x0000000020000024        0x4 Core/Src/main.o
                0x0000000020000024                nsleepPwmValues
 .data.SystemCoreClock
                0x0000000020000028        0x4 Core/Src/system_stm32g4xx.o
                0x0000000020000028                SystemCoreClock
 .data.uwTickPrio
                0x000000002000002c        0x4 Drivers/STM32G4xx_HAL_Driver/Src/stm32g4xx_hal.o
                0x000000002000002c                uwTickPrio
 .data.uwTickFreq
                0x0000000020000030        0x4 Drivers/STM32G4xx_HAL_Driver/Src/stm32g4xx_hal.o
                0x0000000020000030                uwTickFreq
 .data.USBD_CDC_DeviceQualifierDesc
                0x0000000020000034        0xa Middlewares/ST/STM32_USB_Device_Library/Class/CDC/Src/usbd_cdc.o
 *fill*         0x000000002000003e        0x2 
 .data.USBD_CDC
                0x0000000020000040       0x38 Middlewares/ST/STM32_USB_Device_Library/Class/CDC/Src/usbd_cdc.o
                0x0000000020000040                USBD_CDC
 .data.USBD_CDC_CfgHSDesc
                0x0000000020000078       0x43 Middlewares/ST/STM32_USB_Device_Library/Class/CDC/Src/usbd_cdc.o
 *fill*         0x00000000200000bb        0x1 
 .data.USBD_CDC_CfgFSDesc
                0x00000000200000bc       0x43 Middlewares/ST/STM32_USB_Device_Library/Class/CDC/Src/usbd_cdc.o
 *fill*         0x00000000200000ff        0x1 
 .data.USBD_CDC_OtherSpeedCfgDesc
                0x0000000020000100       0x43 Middlewares/ST/STM32_USB_Device_Library/Class/CDC/Src/usbd_cdc.o
 *fill*         0x0000000020000143        0x1 
 .data.USBD_Interface_fops_FS
                0x0000000020000144       0x14 USB_Device/App/usbd_cdc_if.o
                0x0000000020000144                USBD_Interface_fops_FS
 .data.CDC_Desc
                0x0000000020000158       0x20 USB_Device/App/usbd_desc.o
                0x0000000020000158                CDC_Desc
 .data.USBD_CDC_DeviceDesc
                0x0000000020000178       0x12 USB_Device/App/usbd_desc.o
                0x0000000020000178                USBD_CDC_DeviceDesc
 *fill*         0x000000002000018a        0x2 
 .data.USBD_LangIDDesc
                0x000000002000018c        0x4 USB_Device/App/usbd_desc.o
                0x000000002000018c                USBD_LangIDDesc
 .data.USBD_StringSerial
                0x0000000020000190       0x1a USB_Device/App/usbd_desc.o
                0x0000000020000190                USBD_StringSerial
 *(.RamFunc)
 *(.RamFunc*)
                0x00000000200001ac                . = ALIGN (0x4)
 *fill*         0x00000000200001aa        0x2 
                0x00000000200001ac                _edata = .

.igot.plt       0x00000000200001ac        0x0 load address 0x000000000800ab04
 .igot.plt      0x00000000200001ac        0x0 c:/st/stm32cubeide_1.6.1/stm32cubeide/plugins/com.st.stm32cube.ide.mcu.externaltools.gnu-tools-for-stm32.9-2020-q2-update.win32_1.5.0.202011040924/tools/bin/../lib/gcc/arm-none-eabi/9.3.1/thumb/v7e-m+fp/hard/crtbegin.o
                0x00000000200001ac                . = ALIGN (0x4)

.bss            0x00000000200001ac     0x1454 load address 0x000000000800ab04
                0x00000000200001ac                _sbss = .
                0x00000000200001ac                __bss_start__ = _sbss
 *(.bss)
 .bss           0x00000000200001ac       0x1c c:/st/stm32cubeide_1.6.1/stm32cubeide/plugins/com.st.stm32cube.ide.mcu.externaltools.gnu-tools-for-stm32.9-2020-q2-update.win32_1.5.0.202011040924/tools/bin/../lib/gcc/arm-none-eabi/9.3.1/thumb/v7e-m+fp/hard/crtbegin.o
 *(.bss*)
 .bss.command   0x00000000200001c8        0xa Core/Src/main.o
                0x00000000200001c8                command
 .bss.isCommandReceived
                0x00000000200001d2        0x1 Core/Src/main.o
                0x00000000200001d2                isCommandReceived
 .bss.cfgidx.10653
                0x00000000200001d3        0x1 Middlewares/ST/STM32_USB_Device_Library/Core/Src/usbd_ctlreq.o
 .bss.mem.10731
                0x00000000200001d4      0x220 USB_Device/Target/usbd_conf.o
 *(COMMON)
 COMMON         0x00000000200003f4      0x274 Core/Src/main.o
                0x00000000200003f4                htim8
                0x0000000020000440                htim4
                0x000000002000048c                hdma_tim8_ch1
                0x00000000200004ec                htim3
                0x0000000020000538                htim6
                0x0000000020000584                htim1
                0x00000000200005d0                htim2
                0x000000002000061c                htim16
 COMMON         0x0000000020000668        0x4 Drivers/STM32G4xx_HAL_Driver/Src/stm32g4xx_hal.o
                0x0000000020000668                uwTick
 COMMON         0x000000002000066c      0x2d0 USB_Device/App/usb_device.o
                0x000000002000066c                hUsbDeviceFS
 COMMON         0x000000002000093c      0x7d0 USB_Device/App/usbd_cdc_if.o
                0x000000002000093c                UserRxBufferFS
                0x0000000020000d24                UserTxBufferFS
 COMMON         0x000000002000110c      0x200 USB_Device/App/usbd_desc.o
                0x000000002000110c                USBD_StrDesc
 COMMON         0x000000002000130c      0x2f4 USB_Device/Target/usbd_conf.o
                0x000000002000130c                hpcd_USB_FS
                0x0000000020001600                . = ALIGN (0x4)
                0x0000000020001600                _ebss = .
                0x0000000020001600                __bss_end__ = _ebss

._user_heap_stack
                0x0000000020001600      0x600 load address 0x000000000800ab04
                0x0000000020001600                . = ALIGN (0x8)
                [!provide]                        PROVIDE (end = .)
                0x0000000020001600                PROVIDE (_end = .)
                0x0000000020001800                . = (. + _Min_Heap_Size)
 *fill*         0x0000000020001600      0x200 
                0x0000000020001c00                . = (. + _Min_Stack_Size)
 *fill*         0x0000000020001800      0x400 
                0x0000000020001c00                . = ALIGN (0x8)

/DISCARD/
 libc.a(*)
 libm.a(*)
 libgcc.a(*)

.ARM.attributes
                0x0000000000000000       0x30
 *(.ARM.attributes)
 .ARM.attributes
                0x0000000000000000       0x1e c:/st/stm32cubeide_1.6.1/stm32cubeide/plugins/com.st.stm32cube.ide.mcu.externaltools.gnu-tools-for-stm32.9-2020-q2-update.win32_1.5.0.202011040924/tools/bin/../lib/gcc/arm-none-eabi/9.3.1/thumb/v7e-m+fp/hard/crti.o
 .ARM.attributes
                0x000000000000001e       0x34 c:/st/stm32cubeide_1.6.1/stm32cubeide/plugins/com.st.stm32cube.ide.mcu.externaltools.gnu-tools-for-stm32.9-2020-q2-update.win32_1.5.0.202011040924/tools/bin/../lib/gcc/arm-none-eabi/9.3.1/thumb/v7e-m+fp/hard/crtbegin.o
 .ARM.attributes
                0x0000000000000052       0x34 Core/Src/main.o
 .ARM.attributes
                0x0000000000000086       0x34 Core/Src/stm32g4xx_hal_msp.o
 .ARM.attributes
                0x00000000000000ba       0x34 Core/Src/stm32g4xx_it.o
 .ARM.attributes
                0x00000000000000ee       0x34 Core/Src/system_stm32g4xx.o
 .ARM.attributes
                0x0000000000000122       0x21 Core/Startup/startup_stm32g441kbtx.o
 .ARM.attributes
                0x0000000000000143       0x34 Drivers/STM32G4xx_HAL_Driver/Src/stm32g4xx_hal.o
 .ARM.attributes
                0x0000000000000177       0x34 Drivers/STM32G4xx_HAL_Driver/Src/stm32g4xx_hal_cortex.o
 .ARM.attributes
                0x00000000000001ab       0x34 Drivers/STM32G4xx_HAL_Driver/Src/stm32g4xx_hal_dma.o
 .ARM.attributes
                0x00000000000001df       0x34 Drivers/STM32G4xx_HAL_Driver/Src/stm32g4xx_hal_gpio.o
 .ARM.attributes
                0x0000000000000213       0x34 Drivers/STM32G4xx_HAL_Driver/Src/stm32g4xx_hal_pcd.o
 .ARM.attributes
                0x0000000000000247       0x34 Drivers/STM32G4xx_HAL_Driver/Src/stm32g4xx_hal_pcd_ex.o
 .ARM.attributes
                0x000000000000027b       0x34 Drivers/STM32G4xx_HAL_Driver/Src/stm32g4xx_hal_pwr_ex.o
 .ARM.attributes
                0x00000000000002af       0x34 Drivers/STM32G4xx_HAL_Driver/Src/stm32g4xx_hal_rcc.o
 .ARM.attributes
                0x00000000000002e3       0x34 Drivers/STM32G4xx_HAL_Driver/Src/stm32g4xx_hal_rcc_ex.o
 .ARM.attributes
                0x0000000000000317       0x34 Drivers/STM32G4xx_HAL_Driver/Src/stm32g4xx_hal_tim.o
 .ARM.attributes
                0x000000000000034b       0x34 Drivers/STM32G4xx_HAL_Driver/Src/stm32g4xx_hal_tim_ex.o
 .ARM.attributes
                0x000000000000037f       0x34 Drivers/STM32G4xx_HAL_Driver/Src/stm32g4xx_ll_usb.o
 .ARM.attributes
                0x00000000000003b3       0x34 Middlewares/ST/STM32_USB_Device_Library/Class/CDC/Src/usbd_cdc.o
 .ARM.attributes
                0x00000000000003e7       0x34 Middlewares/ST/STM32_USB_Device_Library/Core/Src/usbd_core.o
 .ARM.attributes
                0x000000000000041b       0x34 Middlewares/ST/STM32_USB_Device_Library/Core/Src/usbd_ctlreq.o
 .ARM.attributes
                0x000000000000044f       0x34 Middlewares/ST/STM32_USB_Device_Library/Core/Src/usbd_ioreq.o
 .ARM.attributes
                0x0000000000000483       0x34 USB_Device/App/usb_device.o
 .ARM.attributes
                0x00000000000004b7       0x34 USB_Device/App/usbd_cdc_if.o
 .ARM.attributes
                0x00000000000004eb       0x34 USB_Device/App/usbd_desc.o
 .ARM.attributes
                0x000000000000051f       0x34 USB_Device/Target/usbd_conf.o
 .ARM.attributes
                0x0000000000000553       0x34 c:/st/stm32cubeide_1.6.1/stm32cubeide/plugins/com.st.stm32cube.ide.mcu.externaltools.gnu-tools-for-stm32.9-2020-q2-update.win32_1.5.0.202011040924/tools/bin/../lib/gcc/arm-none-eabi/9.3.1/../../../../arm-none-eabi/lib/thumb/v7e-m+fp/hard\libc_nano.a(lib_a-init.o)
 .ARM.attributes
                0x0000000000000587       0x34 c:/st/stm32cubeide_1.6.1/stm32cubeide/plugins/com.st.stm32cube.ide.mcu.externaltools.gnu-tools-for-stm32.9-2020-q2-update.win32_1.5.0.202011040924/tools/bin/../lib/gcc/arm-none-eabi/9.3.1/../../../../arm-none-eabi/lib/thumb/v7e-m+fp/hard\libc_nano.a(lib_a-memcpy-stub.o)
 .ARM.attributes
                0x00000000000005bb       0x34 c:/st/stm32cubeide_1.6.1/stm32cubeide/plugins/com.st.stm32cube.ide.mcu.externaltools.gnu-tools-for-stm32.9-2020-q2-update.win32_1.5.0.202011040924/tools/bin/../lib/gcc/arm-none-eabi/9.3.1/../../../../arm-none-eabi/lib/thumb/v7e-m+fp/hard\libc_nano.a(lib_a-memset.o)
 .ARM.attributes
                0x00000000000005ef       0x1e c:/st/stm32cubeide_1.6.1/stm32cubeide/plugins/com.st.stm32cube.ide.mcu.externaltools.gnu-tools-for-stm32.9-2020-q2-update.win32_1.5.0.202011040924/tools/bin/../lib/gcc/arm-none-eabi/9.3.1/thumb/v7e-m+fp/hard/crtn.o
OUTPUT(BTS_firmware.elf elf32-littlearm)
LOAD linker stubs
LOAD c:/st/stm32cubeide_1.6.1/stm32cubeide/plugins/com.st.stm32cube.ide.mcu.externaltools.gnu-tools-for-stm32.9-2020-q2-update.win32_1.5.0.202011040924/tools/bin/../lib/gcc/arm-none-eabi/9.3.1/../../../../arm-none-eabi/lib/thumb/v7e-m+fp/hard\libc.a
LOAD c:/st/stm32cubeide_1.6.1/stm32cubeide/plugins/com.st.stm32cube.ide.mcu.externaltools.gnu-tools-for-stm32.9-2020-q2-update.win32_1.5.0.202011040924/tools/bin/../lib/gcc/arm-none-eabi/9.3.1/../../../../arm-none-eabi/lib/thumb/v7e-m+fp/hard\libm.a
LOAD c:/st/stm32cubeide_1.6.1/stm32cubeide/plugins/com.st.stm32cube.ide.mcu.externaltools.gnu-tools-for-stm32.9-2020-q2-update.win32_1.5.0.202011040924/tools/bin/../lib/gcc/arm-none-eabi/9.3.1/thumb/v7e-m+fp/hard\libgcc.a

.debug_info     0x0000000000000000    0x1d9ec
 .debug_info    0x0000000000000000     0x27de Core/Src/main.o
 .debug_info    0x00000000000027de     0x1220 Core/Src/stm32g4xx_hal_msp.o
 .debug_info    0x00000000000039fe      0xf8e Core/Src/stm32g4xx_it.o
 .debug_info    0x000000000000498c      0x718 Core/Src/system_stm32g4xx.o
 .debug_info    0x00000000000050a4       0x22 Core/Startup/startup_stm32g441kbtx.o
 .debug_info    0x00000000000050c6      0xc49 Drivers/STM32G4xx_HAL_Driver/Src/stm32g4xx_hal.o
 .debug_info    0x0000000000005d0f      0xf7e Drivers/STM32G4xx_HAL_Driver/Src/stm32g4xx_hal_cortex.o
 .debug_info    0x0000000000006c8d      0xa9e Drivers/STM32G4xx_HAL_Driver/Src/stm32g4xx_hal_dma.o
 .debug_info    0x000000000000772b      0xa13 Drivers/STM32G4xx_HAL_Driver/Src/stm32g4xx_hal_gpio.o
 .debug_info    0x000000000000813e     0x1564 Drivers/STM32G4xx_HAL_Driver/Src/stm32g4xx_hal_pcd.o
 .debug_info    0x00000000000096a2      0xa14 Drivers/STM32G4xx_HAL_Driver/Src/stm32g4xx_hal_pcd_ex.o
 .debug_info    0x000000000000a0b6      0xb3a Drivers/STM32G4xx_HAL_Driver/Src/stm32g4xx_hal_pwr_ex.o
 .debug_info    0x000000000000abf0      0xd79 Drivers/STM32G4xx_HAL_Driver/Src/stm32g4xx_hal_rcc.o
 .debug_info    0x000000000000b969      0xe78 Drivers/STM32G4xx_HAL_Driver/Src/stm32g4xx_hal_rcc_ex.o
 .debug_info    0x000000000000c7e1     0x2dc8 Drivers/STM32G4xx_HAL_Driver/Src/stm32g4xx_hal_tim.o
 .debug_info    0x000000000000f5a9     0x1e9b Drivers/STM32G4xx_HAL_Driver/Src/stm32g4xx_hal_tim_ex.o
 .debug_info    0x0000000000011444     0x1937 Drivers/STM32G4xx_HAL_Driver/Src/stm32g4xx_ll_usb.o
 .debug_info    0x0000000000012d7b     0x1ae7 Middlewares/ST/STM32_USB_Device_Library/Class/CDC/Src/usbd_cdc.o
 .debug_info    0x0000000000014862     0x14ad Middlewares/ST/STM32_USB_Device_Library/Core/Src/usbd_core.o
 .debug_info    0x0000000000015d0f     0x1479 Middlewares/ST/STM32_USB_Device_Library/Core/Src/usbd_ctlreq.o
 .debug_info    0x0000000000017188     0x119b Middlewares/ST/STM32_USB_Device_Library/Core/Src/usbd_ioreq.o
 .debug_info    0x0000000000018323     0x1104 USB_Device/App/usb_device.o
 .debug_info    0x0000000000019427     0x1335 USB_Device/App/usbd_cdc_if.o
 .debug_info    0x000000000001a75c      0xef7 USB_Device/App/usbd_desc.o
 .debug_info    0x000000000001b653     0x2399 USB_Device/Target/usbd_conf.o

.debug_abbrev   0x0000000000000000     0x3b1a
 .debug_abbrev  0x0000000000000000      0x351 Core/Src/main.o
 .debug_abbrev  0x0000000000000351      0x237 Core/Src/stm32g4xx_hal_msp.o
 .debug_abbrev  0x0000000000000588      0x1d8 Core/Src/stm32g4xx_it.o
 .debug_abbrev  0x0000000000000760      0x165 Core/Src/system_stm32g4xx.o
 .debug_abbrev  0x00000000000008c5       0x12 Core/Startup/startup_stm32g441kbtx.o
 .debug_abbrev  0x00000000000008d7      0x227 Drivers/STM32G4xx_HAL_Driver/Src/stm32g4xx_hal.o
 .debug_abbrev  0x0000000000000afe      0x333 Drivers/STM32G4xx_HAL_Driver/Src/stm32g4xx_hal_cortex.o
 .debug_abbrev  0x0000000000000e31      0x201 Drivers/STM32G4xx_HAL_Driver/Src/stm32g4xx_hal_dma.o
 .debug_abbrev  0x0000000000001032      0x1e8 Drivers/STM32G4xx_HAL_Driver/Src/stm32g4xx_hal_gpio.o
 .debug_abbrev  0x000000000000121a      0x29e Drivers/STM32G4xx_HAL_Driver/Src/stm32g4xx_hal_pcd.o
 .debug_abbrev  0x00000000000014b8      0x219 Drivers/STM32G4xx_HAL_Driver/Src/stm32g4xx_hal_pcd_ex.o
 .debug_abbrev  0x00000000000016d1      0x229 Drivers/STM32G4xx_HAL_Driver/Src/stm32g4xx_hal_pwr_ex.o
 .debug_abbrev  0x00000000000018fa      0x275 Drivers/STM32G4xx_HAL_Driver/Src/stm32g4xx_hal_rcc.o
 .debug_abbrev  0x0000000000001b6f      0x230 Drivers/STM32G4xx_HAL_Driver/Src/stm32g4xx_hal_rcc_ex.o
 .debug_abbrev  0x0000000000001d9f      0x28f Drivers/STM32G4xx_HAL_Driver/Src/stm32g4xx_hal_tim.o
 .debug_abbrev  0x000000000000202e      0x297 Drivers/STM32G4xx_HAL_Driver/Src/stm32g4xx_hal_tim_ex.o
 .debug_abbrev  0x00000000000022c5      0x25c Drivers/STM32G4xx_HAL_Driver/Src/stm32g4xx_ll_usb.o
 .debug_abbrev  0x0000000000002521      0x2ed Middlewares/ST/STM32_USB_Device_Library/Class/CDC/Src/usbd_cdc.o
 .debug_abbrev  0x000000000000280e      0x2b7 Middlewares/ST/STM32_USB_Device_Library/Core/Src/usbd_core.o
 .debug_abbrev  0x0000000000002ac5      0x2fc Middlewares/ST/STM32_USB_Device_Library/Core/Src/usbd_ctlreq.o
 .debug_abbrev  0x0000000000002dc1      0x22a Middlewares/ST/STM32_USB_Device_Library/Core/Src/usbd_ioreq.o
 .debug_abbrev  0x0000000000002feb      0x204 USB_Device/App/usb_device.o
 .debug_abbrev  0x00000000000031ef      0x30c USB_Device/App/usbd_cdc_if.o
 .debug_abbrev  0x00000000000034fb      0x2d9 USB_Device/App/usbd_desc.o
 .debug_abbrev  0x00000000000037d4      0x346 USB_Device/Target/usbd_conf.o

.debug_aranges  0x0000000000000000     0x13e0
 .debug_aranges
                0x0000000000000000       0xa0 Core/Src/main.o
 .debug_aranges
                0x00000000000000a0       0x58 Core/Src/stm32g4xx_hal_msp.o
 .debug_aranges
                0x00000000000000f8       0x78 Core/Src/stm32g4xx_it.o
 .debug_aranges
                0x0000000000000170       0x28 Core/Src/system_stm32g4xx.o
 .debug_aranges
                0x0000000000000198       0x28 Core/Startup/startup_stm32g441kbtx.o
 .debug_aranges
                0x00000000000001c0      0x130 Drivers/STM32G4xx_HAL_Driver/Src/stm32g4xx_hal.o
 .debug_aranges
                0x00000000000002f0      0x118 Drivers/STM32G4xx_HAL_Driver/Src/stm32g4xx_hal_cortex.o
 .debug_aranges
                0x0000000000000408       0x90 Drivers/STM32G4xx_HAL_Driver/Src/stm32g4xx_hal_dma.o
 .debug_aranges
                0x0000000000000498       0x58 Drivers/STM32G4xx_HAL_Driver/Src/stm32g4xx_hal_gpio.o
 .debug_aranges
                0x00000000000004f0      0x130 Drivers/STM32G4xx_HAL_Driver/Src/stm32g4xx_hal_pcd.o
 .debug_aranges
                0x0000000000000620       0x58 Drivers/STM32G4xx_HAL_Driver/Src/stm32g4xx_hal_pcd_ex.o
 .debug_aranges
                0x0000000000000678      0x140 Drivers/STM32G4xx_HAL_Driver/Src/stm32g4xx_hal_pwr_ex.o
 .debug_aranges
                0x00000000000007b8       0x98 Drivers/STM32G4xx_HAL_Driver/Src/stm32g4xx_hal_rcc.o
 .debug_aranges
                0x0000000000000850       0xb0 Drivers/STM32G4xx_HAL_Driver/Src/stm32g4xx_hal_rcc_ex.o
 .debug_aranges
                0x0000000000000900      0x3e0 Drivers/STM32G4xx_HAL_Driver/Src/stm32g4xx_hal_tim.o
 .debug_aranges
                0x0000000000000ce0      0x240 Drivers/STM32G4xx_HAL_Driver/Src/stm32g4xx_hal_tim_ex.o
 .debug_aranges
                0x0000000000000f20       0xb0 Drivers/STM32G4xx_HAL_Driver/Src/stm32g4xx_ll_usb.o
 .debug_aranges
                0x0000000000000fd0       0x90 Middlewares/ST/STM32_USB_Device_Library/Class/CDC/Src/usbd_cdc.o
 .debug_aranges
                0x0000000000001060       0xb8 Middlewares/ST/STM32_USB_Device_Library/Core/Src/usbd_core.o
 .debug_aranges
                0x0000000000001118       0x90 Middlewares/ST/STM32_USB_Device_Library/Core/Src/usbd_ctlreq.o
 .debug_aranges
                0x00000000000011a8       0x50 Middlewares/ST/STM32_USB_Device_Library/Core/Src/usbd_ioreq.o
 .debug_aranges
                0x00000000000011f8       0x20 USB_Device/App/usb_device.o
 .debug_aranges
                0x0000000000001218       0x48 USB_Device/App/usbd_cdc_if.o
 .debug_aranges
                0x0000000000001260       0x60 USB_Device/App/usbd_desc.o
 .debug_aranges
                0x00000000000012c0      0x120 USB_Device/Target/usbd_conf.o

.debug_ranges   0x0000000000000000     0x1258
 .debug_ranges  0x0000000000000000       0x90 Core/Src/main.o
 .debug_ranges  0x0000000000000090       0x48 Core/Src/stm32g4xx_hal_msp.o
 .debug_ranges  0x00000000000000d8       0x68 Core/Src/stm32g4xx_it.o
 .debug_ranges  0x0000000000000140       0x18 Core/Src/system_stm32g4xx.o
 .debug_ranges  0x0000000000000158       0x20 Core/Startup/startup_stm32g441kbtx.o
 .debug_ranges  0x0000000000000178      0x120 Drivers/STM32G4xx_HAL_Driver/Src/stm32g4xx_hal.o
 .debug_ranges  0x0000000000000298      0x108 Drivers/STM32G4xx_HAL_Driver/Src/stm32g4xx_hal_cortex.o
 .debug_ranges  0x00000000000003a0       0x80 Drivers/STM32G4xx_HAL_Driver/Src/stm32g4xx_hal_dma.o
 .debug_ranges  0x0000000000000420       0x48 Drivers/STM32G4xx_HAL_Driver/Src/stm32g4xx_hal_gpio.o
 .debug_ranges  0x0000000000000468      0x120 Drivers/STM32G4xx_HAL_Driver/Src/stm32g4xx_hal_pcd.o
 .debug_ranges  0x0000000000000588       0x48 Drivers/STM32G4xx_HAL_Driver/Src/stm32g4xx_hal_pcd_ex.o
 .debug_ranges  0x00000000000005d0      0x130 Drivers/STM32G4xx_HAL_Driver/Src/stm32g4xx_hal_pwr_ex.o
 .debug_ranges  0x0000000000000700       0x88 Drivers/STM32G4xx_HAL_Driver/Src/stm32g4xx_hal_rcc.o
 .debug_ranges  0x0000000000000788       0xa0 Drivers/STM32G4xx_HAL_Driver/Src/stm32g4xx_hal_rcc_ex.o
 .debug_ranges  0x0000000000000828      0x3d0 Drivers/STM32G4xx_HAL_Driver/Src/stm32g4xx_hal_tim.o
 .debug_ranges  0x0000000000000bf8      0x230 Drivers/STM32G4xx_HAL_Driver/Src/stm32g4xx_hal_tim_ex.o
 .debug_ranges  0x0000000000000e28       0xa0 Drivers/STM32G4xx_HAL_Driver/Src/stm32g4xx_ll_usb.o
 .debug_ranges  0x0000000000000ec8       0x80 Middlewares/ST/STM32_USB_Device_Library/Class/CDC/Src/usbd_cdc.o
 .debug_ranges  0x0000000000000f48       0xa8 Middlewares/ST/STM32_USB_Device_Library/Core/Src/usbd_core.o
 .debug_ranges  0x0000000000000ff0       0x80 Middlewares/ST/STM32_USB_Device_Library/Core/Src/usbd_ctlreq.o
 .debug_ranges  0x0000000000001070       0x40 Middlewares/ST/STM32_USB_Device_Library/Core/Src/usbd_ioreq.o
 .debug_ranges  0x00000000000010b0       0x10 USB_Device/App/usb_device.o
 .debug_ranges  0x00000000000010c0       0x38 USB_Device/App/usbd_cdc_if.o
 .debug_ranges  0x00000000000010f8       0x50 USB_Device/App/usbd_desc.o
 .debug_ranges  0x0000000000001148      0x110 USB_Device/Target/usbd_conf.o

.debug_macro    0x0000000000000000    0x20d88
 .debug_macro   0x0000000000000000      0x422 Core/Src/main.o
 .debug_macro   0x0000000000000422      0xaa8 Core/Src/main.o
 .debug_macro   0x0000000000000eca      0x15b Core/Src/main.o
 .debug_macro   0x0000000000001025       0x2e Core/Src/main.o
 .debug_macro   0x0000000000001053       0x28 Core/Src/main.o
 .debug_macro   0x000000000000107b       0x22 Core/Src/main.o
 .debug_macro   0x000000000000109d       0x8e Core/Src/main.o
 .debug_macro   0x000000000000112b       0x51 Core/Src/main.o
 .debug_macro   0x000000000000117c      0x103 Core/Src/main.o
 .debug_macro   0x000000000000127f       0x6a Core/Src/main.o
 .debug_macro   0x00000000000012e9      0x1df Core/Src/main.o
 .debug_macro   0x00000000000014c8       0x1c Core/Src/main.o
 .debug_macro   0x00000000000014e4       0x22 Core/Src/main.o
 .debug_macro   0x0000000000001506      0x101 Core/Src/main.o
 .debug_macro   0x0000000000001607     0x1011 Core/Src/main.o
 .debug_macro   0x0000000000002618      0x11f Core/Src/main.o
 .debug_macro   0x0000000000002737    0x11771 Core/Src/main.o
 .debug_macro   0x0000000000013ea8       0x43 Core/Src/main.o
 .debug_macro   0x0000000000013eeb     0x34f4 Core/Src/main.o
 .debug_macro   0x00000000000173df      0x174 Core/Src/main.o
 .debug_macro   0x0000000000017553       0x5c Core/Src/main.o
 .debug_macro   0x00000000000175af     0x1424 Core/Src/main.o
 .debug_macro   0x00000000000189d3      0x535 Core/Src/main.o
 .debug_macro   0x0000000000018f08      0x137 Core/Src/main.o
 .debug_macro   0x000000000001903f      0x289 Core/Src/main.o
 .debug_macro   0x00000000000192c8      0x41d Core/Src/main.o
 .debug_macro   0x00000000000196e5      0x18b Core/Src/main.o
 .debug_macro   0x0000000000019870       0x43 Core/Src/main.o
 .debug_macro   0x00000000000198b3      0x23d Core/Src/main.o
 .debug_macro   0x0000000000019af0      0x212 Core/Src/main.o
 .debug_macro   0x0000000000019d02      0x401 Core/Src/main.o
 .debug_macro   0x000000000001a103      0x107 Core/Src/main.o
 .debug_macro   0x000000000001a20a       0x65 Core/Src/main.o
 .debug_macro   0x000000000001a26f      0x234 Core/Src/main.o
 .debug_macro   0x000000000001a4a3      0x122 Core/Src/main.o
 .debug_macro   0x000000000001a5c5      0x3d1 Core/Src/main.o
 .debug_macro   0x000000000001a996      0xbbe Core/Src/main.o
 .debug_macro   0x000000000001b554      0x47e Core/Src/main.o
 .debug_macro   0x000000000001b9d2      0x307 Core/Src/main.o
 .debug_macro   0x000000000001bcd9       0x58 Core/Src/main.o
 .debug_macro   0x000000000001bd31       0x52 Core/Src/main.o
 .debug_macro   0x000000000001bd83       0x18 Core/Src/main.o
 .debug_macro   0x000000000001bd9b       0x3c Core/Src/main.o
 .debug_macro   0x000000000001bdd7       0x34 Core/Src/main.o
 .debug_macro   0x000000000001be0b       0x16 Core/Src/main.o
 .debug_macro   0x000000000001be21       0x35 Core/Src/main.o
 .debug_macro   0x000000000001be56      0x333 Core/Src/main.o
 .debug_macro   0x000000000001c189       0x10 Core/Src/main.o
 .debug_macro   0x000000000001c199       0x16 Core/Src/main.o
 .debug_macro   0x000000000001c1af       0x43 Core/Src/main.o
 .debug_macro   0x000000000001c1f2       0x34 Core/Src/main.o
 .debug_macro   0x000000000001c226       0x10 Core/Src/main.o
 .debug_macro   0x000000000001c236       0x58 Core/Src/main.o
 .debug_macro   0x000000000001c28e       0x71 Core/Src/main.o
 .debug_macro   0x000000000001c2ff       0x1c Core/Src/main.o
 .debug_macro   0x000000000001c31b      0x12a Core/Src/main.o
 .debug_macro   0x000000000001c445       0x10 Core/Src/main.o
 .debug_macro   0x000000000001c455       0x1c Core/Src/main.o
 .debug_macro   0x000000000001c471       0x52 Core/Src/main.o
 .debug_macro   0x000000000001c4c3       0x22 Core/Src/main.o
 .debug_macro   0x000000000001c4e5       0x10 Core/Src/main.o
 .debug_macro   0x000000000001c4f5       0x40 Core/Src/main.o
 .debug_macro   0x000000000001c535       0xd5 Core/Src/main.o
 .debug_macro   0x000000000001c60a       0x1c Core/Src/main.o
 .debug_macro   0x000000000001c626       0x3d Core/Src/main.o
 .debug_macro   0x000000000001c663       0x16 Core/Src/main.o
 .debug_macro   0x000000000001c679      0x145 Core/Src/main.o
 .debug_macro   0x000000000001c7be       0x16 Core/Src/main.o
 .debug_macro   0x000000000001c7d4       0x16 Core/Src/main.o
 .debug_macro   0x000000000001c7ea       0x29 Core/Src/main.o
 .debug_macro   0x000000000001c813       0x16 Core/Src/main.o
 .debug_macro   0x000000000001c829       0x20 Core/Src/main.o
 .debug_macro   0x000000000001c849       0x5f Core/Src/main.o
 .debug_macro   0x000000000001c8a8      0x1ef Core/Src/main.o
 .debug_macro   0x000000000001ca97       0x95 Core/Src/main.o
 .debug_macro   0x000000000001cb2c       0x10 Core/Src/main.o
 .debug_macro   0x000000000001cb3c      0x1ed Core/Src/stm32g4xx_hal_msp.o
 .debug_macro   0x000000000001cd29      0x1f7 Core/Src/stm32g4xx_it.o
 .debug_macro   0x000000000001cf20      0x1de Core/Src/system_stm32g4xx.o
 .debug_macro   0x000000000001d0fe      0x22c Drivers/STM32G4xx_HAL_Driver/Src/stm32g4xx_hal.o
 .debug_macro   0x000000000001d32a      0x1de Drivers/STM32G4xx_HAL_Driver/Src/stm32g4xx_hal_cortex.o
 .debug_macro   0x000000000001d508      0x1de Drivers/STM32G4xx_HAL_Driver/Src/stm32g4xx_hal_dma.o
 .debug_macro   0x000000000001d6e6      0x216 Drivers/STM32G4xx_HAL_Driver/Src/stm32g4xx_hal_gpio.o
 .debug_macro   0x000000000001d8fc      0x1ea Drivers/STM32G4xx_HAL_Driver/Src/stm32g4xx_hal_pcd.o
 .debug_macro   0x000000000001dae6      0x1de Drivers/STM32G4xx_HAL_Driver/Src/stm32g4xx_hal_pcd_ex.o
 .debug_macro   0x000000000001dcc4      0x208 Drivers/STM32G4xx_HAL_Driver/Src/stm32g4xx_hal_pwr_ex.o
 .debug_macro   0x000000000001decc      0x21a Drivers/STM32G4xx_HAL_Driver/Src/stm32g4xx_hal_rcc.o
 .debug_macro   0x000000000001e0e6      0x208 Drivers/STM32G4xx_HAL_Driver/Src/stm32g4xx_hal_rcc_ex.o
 .debug_macro   0x000000000001e2ee      0x1e6 Drivers/STM32G4xx_HAL_Driver/Src/stm32g4xx_hal_tim.o
 .debug_macro   0x000000000001e4d4      0x1e4 Drivers/STM32G4xx_HAL_Driver/Src/stm32g4xx_hal_tim_ex.o
 .debug_macro   0x000000000001e6b8      0x1de Drivers/STM32G4xx_HAL_Driver/Src/stm32g4xx_ll_usb.o
 .debug_macro   0x000000000001e896      0x3f4 Middlewares/ST/STM32_USB_Device_Library/Class/CDC/Src/usbd_cdc.o
 .debug_macro   0x000000000001ec8a       0x97 Middlewares/ST/STM32_USB_Device_Library/Class/CDC/Src/usbd_cdc.o
 .debug_macro   0x000000000001ed21       0xfd Middlewares/ST/STM32_USB_Device_Library/Class/CDC/Src/usbd_cdc.o
 .debug_macro   0x000000000001ee1e       0xfb Middlewares/ST/STM32_USB_Device_Library/Class/CDC/Src/usbd_cdc.o
 .debug_macro   0x000000000001ef19       0x56 Middlewares/ST/STM32_USB_Device_Library/Class/CDC/Src/usbd_cdc.o
 .debug_macro   0x000000000001ef6f      0x3db Middlewares/ST/STM32_USB_Device_Library/Core/Src/usbd_core.o
 .debug_macro   0x000000000001f34a      0x1f5 Middlewares/ST/STM32_USB_Device_Library/Core/Src/usbd_core.o
 .debug_macro   0x000000000001f53f      0x3e5 Middlewares/ST/STM32_USB_Device_Library/Core/Src/usbd_ctlreq.o
 .debug_macro   0x000000000001f924      0x3e1 Middlewares/ST/STM32_USB_Device_Library/Core/Src/usbd_ioreq.o
 .debug_macro   0x000000000001fd05      0x41a USB_Device/App/usb_device.o
 .debug_macro   0x000000000002011f       0x22 USB_Device/App/usb_device.o
 .debug_macro   0x0000000000020141       0x16 USB_Device/App/usb_device.o
 .debug_macro   0x0000000000020157      0x3ff USB_Device/App/usbd_cdc_if.o
 .debug_macro   0x0000000000020556      0x418 USB_Device/App/usbd_desc.o
 .debug_macro   0x000000000002096e       0x1c USB_Device/App/usbd_desc.o
 .debug_macro   0x000000000002098a      0x3fe USB_Device/Target/usbd_conf.o

.debug_line     0x0000000000000000    0x172e0
 .debug_line    0x0000000000000000      0xf4a Core/Src/main.o
 .debug_line    0x0000000000000f4a      0x8f0 Core/Src/stm32g4xx_hal_msp.o
 .debug_line    0x000000000000183a      0x800 Core/Src/stm32g4xx_it.o
 .debug_line    0x000000000000203a      0x75f Core/Src/system_stm32g4xx.o
 .debug_line    0x0000000000002799       0x89 Core/Startup/startup_stm32g441kbtx.o
 .debug_line    0x0000000000002822      0xad6 Drivers/STM32G4xx_HAL_Driver/Src/stm32g4xx_hal.o
 .debug_line    0x00000000000032f8      0xc89 Drivers/STM32G4xx_HAL_Driver/Src/stm32g4xx_hal_cortex.o
 .debug_line    0x0000000000003f81      0xe42 Drivers/STM32G4xx_HAL_Driver/Src/stm32g4xx_hal_dma.o
 .debug_line    0x0000000000004dc3      0xb23 Drivers/STM32G4xx_HAL_Driver/Src/stm32g4xx_hal_gpio.o
 .debug_line    0x00000000000058e6     0x12ac Drivers/STM32G4xx_HAL_Driver/Src/stm32g4xx_hal_pcd.o
 .debug_line    0x0000000000006b92      0x86a Drivers/STM32G4xx_HAL_Driver/Src/stm32g4xx_hal_pcd_ex.o
 .debug_line    0x00000000000073fc      0xc81 Drivers/STM32G4xx_HAL_Driver/Src/stm32g4xx_hal_pwr_ex.o
 .debug_line    0x000000000000807d      0xed6 Drivers/STM32G4xx_HAL_Driver/Src/stm32g4xx_hal_rcc.o
 .debug_line    0x0000000000008f53     0x10af Drivers/STM32G4xx_HAL_Driver/Src/stm32g4xx_hal_rcc_ex.o
 .debug_line    0x000000000000a002     0x3d27 Drivers/STM32G4xx_HAL_Driver/Src/stm32g4xx_hal_tim.o
 .debug_line    0x000000000000dd29     0x1fd4 Drivers/STM32G4xx_HAL_Driver/Src/stm32g4xx_hal_tim_ex.o
 .debug_line    0x000000000000fcfd      0xfdd Drivers/STM32G4xx_HAL_Driver/Src/stm32g4xx_ll_usb.o
 .debug_line    0x0000000000010cda      0xdb9 Middlewares/ST/STM32_USB_Device_Library/Class/CDC/Src/usbd_cdc.o
 .debug_line    0x0000000000011a93      0xe3c Middlewares/ST/STM32_USB_Device_Library/Core/Src/usbd_core.o
 .debug_line    0x00000000000128cf     0x10d9 Middlewares/ST/STM32_USB_Device_Library/Core/Src/usbd_ctlreq.o
 .debug_line    0x00000000000139a8      0xa93 Middlewares/ST/STM32_USB_Device_Library/Core/Src/usbd_ioreq.o
 .debug_line    0x000000000001443b      0xa4f USB_Device/App/usb_device.o
 .debug_line    0x0000000000014e8a      0xab3 USB_Device/App/usbd_cdc_if.o
 .debug_line    0x000000000001593d      0xb18 USB_Device/App/usbd_desc.o
 .debug_line    0x0000000000016455      0xe8b USB_Device/Target/usbd_conf.o

.debug_str      0x0000000000000000    0xc5db4
 .debug_str     0x0000000000000000    0xc13fd Core/Src/main.o
                                      0xc1940 (size before relaxing)
 .debug_str     0x00000000000c13fd       0xe8 Core/Src/stm32g4xx_hal_msp.o
                                      0xbbf2f (size before relaxing)
 .debug_str     0x00000000000c14e5      0x3c6 Core/Src/stm32g4xx_it.o
                                      0xbbc4e (size before relaxing)
 .debug_str     0x00000000000c18ab       0xaf Core/Src/system_stm32g4xx.o
                                      0xbb2c8 (size before relaxing)
 .debug_str     0x00000000000c195a       0x36 Core/Startup/startup_stm32g441kbtx.o
                                         0x7e (size before relaxing)
 .debug_str     0x00000000000c1990      0x591 Drivers/STM32G4xx_HAL_Driver/Src/stm32g4xx_hal.o
                                      0xbbda6 (size before relaxing)
 .debug_str     0x00000000000c1f21      0x389 Drivers/STM32G4xx_HAL_Driver/Src/stm32g4xx_hal_cortex.o
                                      0xbbaae (size before relaxing)
 .debug_str     0x00000000000c22aa      0x2d3 Drivers/STM32G4xx_HAL_Driver/Src/stm32g4xx_hal_dma.o
                                      0xbb69d (size before relaxing)
 .debug_str     0x00000000000c257d      0x213 Drivers/STM32G4xx_HAL_Driver/Src/stm32g4xx_hal_gpio.o
                                      0xbb54c (size before relaxing)
 .debug_str     0x00000000000c2790      0x3d8 Drivers/STM32G4xx_HAL_Driver/Src/stm32g4xx_hal_pcd.o
                                      0xbb893 (size before relaxing)
 .debug_str     0x00000000000c2b68      0x1c6 Drivers/STM32G4xx_HAL_Driver/Src/stm32g4xx_hal_pcd_ex.o
                                      0xbb66b (size before relaxing)
 .debug_str     0x00000000000c2d2e      0x4d2 Drivers/STM32G4xx_HAL_Driver/Src/stm32g4xx_hal_pwr_ex.o
                                      0xbb7be (size before relaxing)
 .debug_str     0x00000000000c3200      0x3ab Drivers/STM32G4xx_HAL_Driver/Src/stm32g4xx_hal_rcc.o
                                      0xbb858 (size before relaxing)
 .debug_str     0x00000000000c35ab      0x3f2 Drivers/STM32G4xx_HAL_Driver/Src/stm32g4xx_hal_rcc_ex.o
                                      0xbb971 (size before relaxing)
 .debug_str     0x00000000000c399d      0xd4a Drivers/STM32G4xx_HAL_Driver/Src/stm32g4xx_hal_tim.o
                                      0xbc694 (size before relaxing)
 .debug_str     0x00000000000c46e7      0x948 Drivers/STM32G4xx_HAL_Driver/Src/stm32g4xx_hal_tim_ex.o
                                      0xbc32f (size before relaxing)
 .debug_str     0x00000000000c502f      0x1f0 Drivers/STM32G4xx_HAL_Driver/Src/stm32g4xx_ll_usb.o
                                      0xbb589 (size before relaxing)
 .debug_str     0x00000000000c521f      0x2aa Middlewares/ST/STM32_USB_Device_Library/Class/CDC/Src/usbd_cdc.o
                                      0xc0a1a (size before relaxing)
 .debug_str     0x00000000000c54c9      0x1a9 Middlewares/ST/STM32_USB_Device_Library/Core/Src/usbd_core.o
                                      0xc02ce (size before relaxing)
 .debug_str     0x00000000000c5672      0x15b Middlewares/ST/STM32_USB_Device_Library/Core/Src/usbd_ctlreq.o
                                      0xc028c (size before relaxing)
 .debug_str     0x00000000000c57cd       0xc9 Middlewares/ST/STM32_USB_Device_Library/Core/Src/usbd_ioreq.o
                                      0xc01dc (size before relaxing)
 .debug_str     0x00000000000c5896       0xc3 USB_Device/App/usb_device.o
                                      0xc056c (size before relaxing)
 .debug_str     0x00000000000c5959       0x9a USB_Device/App/usbd_cdc_if.o
                                      0xc05bd (size before relaxing)
 .debug_str     0x00000000000c59f3      0x254 USB_Device/App/usbd_desc.o
                                      0xc0115 (size before relaxing)
 .debug_str     0x00000000000c5c47      0x16d USB_Device/Target/usbd_conf.o
                                      0xc109c (size before relaxing)

.comment        0x0000000000000000       0x53
 .comment       0x0000000000000000       0x53 Core/Src/main.o
                                         0x54 (size before relaxing)
 .comment       0x0000000000000053       0x54 Core/Src/stm32g4xx_hal_msp.o
 .comment       0x0000000000000053       0x54 Core/Src/stm32g4xx_it.o
 .comment       0x0000000000000053       0x54 Core/Src/system_stm32g4xx.o
 .comment       0x0000000000000053       0x54 Drivers/STM32G4xx_HAL_Driver/Src/stm32g4xx_hal.o
 .comment       0x0000000000000053       0x54 Drivers/STM32G4xx_HAL_Driver/Src/stm32g4xx_hal_cortex.o
 .comment       0x0000000000000053       0x54 Drivers/STM32G4xx_HAL_Driver/Src/stm32g4xx_hal_dma.o
 .comment       0x0000000000000053       0x54 Drivers/STM32G4xx_HAL_Driver/Src/stm32g4xx_hal_gpio.o
 .comment       0x0000000000000053       0x54 Drivers/STM32G4xx_HAL_Driver/Src/stm32g4xx_hal_pcd.o
 .comment       0x0000000000000053       0x54 Drivers/STM32G4xx_HAL_Driver/Src/stm32g4xx_hal_pcd_ex.o
 .comment       0x0000000000000053       0x54 Drivers/STM32G4xx_HAL_Driver/Src/stm32g4xx_hal_pwr_ex.o
 .comment       0x0000000000000053       0x54 Drivers/STM32G4xx_HAL_Driver/Src/stm32g4xx_hal_rcc.o
 .comment       0x0000000000000053       0x54 Drivers/STM32G4xx_HAL_Driver/Src/stm32g4xx_hal_rcc_ex.o
 .comment       0x0000000000000053       0x54 Drivers/STM32G4xx_HAL_Driver/Src/stm32g4xx_hal_tim.o
 .comment       0x0000000000000053       0x54 Drivers/STM32G4xx_HAL_Driver/Src/stm32g4xx_hal_tim_ex.o
 .comment       0x0000000000000053       0x54 Drivers/STM32G4xx_HAL_Driver/Src/stm32g4xx_ll_usb.o
 .comment       0x0000000000000053       0x54 Middlewares/ST/STM32_USB_Device_Library/Class/CDC/Src/usbd_cdc.o
 .comment       0x0000000000000053       0x54 Middlewares/ST/STM32_USB_Device_Library/Core/Src/usbd_core.o
 .comment       0x0000000000000053       0x54 Middlewares/ST/STM32_USB_Device_Library/Core/Src/usbd_ctlreq.o
 .comment       0x0000000000000053       0x54 Middlewares/ST/STM32_USB_Device_Library/Core/Src/usbd_ioreq.o
 .comment       0x0000000000000053       0x54 USB_Device/App/usb_device.o
 .comment       0x0000000000000053       0x54 USB_Device/App/usbd_cdc_if.o
 .comment       0x0000000000000053       0x54 USB_Device/App/usbd_desc.o
 .comment       0x0000000000000053       0x54 USB_Device/Target/usbd_conf.o

.debug_frame    0x0000000000000000     0x5250