Archive member included to satisfy reference by file (symbol)

c:/st/stm32cubeide_1.11.0/stm32cubeide/plugins/com.st.stm32cube.ide.mcu.externaltools.gnu-tools-for-stm32.10.3-2021.10.win32_1.0.100.202210260954/tools/bin/../lib/gcc/arm-none-eabi/10.3.1/../../../../arm-none-eabi/lib/thumb/v7e-m+fp/hard\libc_nano.a(lib_a-errno.o)
                              ./Core/Src/syscalls.o (__errno)
c:/st/stm32cubeide_1.11.0/stm32cubeide/plugins/com.st.stm32cube.ide.mcu.externaltools.gnu-tools-for-stm32.10.3-2021.10.win32_1.0.100.202210260954/tools/bin/../lib/gcc/arm-none-eabi/10.3.1/../../../../arm-none-eabi/lib/thumb/v7e-m+fp/hard\libc_nano.a(lib_a-exit.o)
                              c:/st/stm32cubeide_1.11.0/stm32cubeide/plugins/com.st.stm32cube.ide.mcu.externaltools.gnu-tools-for-stm32.10.3-2021.10.win32_1.0.100.202210260954/tools/bin/../lib/gcc/arm-none-eabi/10.3.1/../../../../arm-none-eabi/lib/thumb/v7e-m+fp/hard/crt0.o (exit)
c:/st/stm32cubeide_1.11.0/stm32cubeide/plugins/com.st.stm32cube.ide.mcu.externaltools.gnu-tools-for-stm32.10.3-2021.10.win32_1.0.100.202210260954/tools/bin/../lib/gcc/arm-none-eabi/10.3.1/../../../../arm-none-eabi/lib/thumb/v7e-m+fp/hard\libc_nano.a(lib_a-impure.o)
                              c:/st/stm32cubeide_1.11.0/stm32cubeide/plugins/com.st.stm32cube.ide.mcu.externaltools.gnu-tools-for-stm32.10.3-2021.10.win32_1.0.100.202210260954/tools/bin/../lib/gcc/arm-none-eabi/10.3.1/../../../../arm-none-eabi/lib/thumb/v7e-m+fp/hard\libc_nano.a(lib_a-exit.o) (_global_impure_ptr)
c:/st/stm32cubeide_1.11.0/stm32cubeide/plugins/com.st.stm32cube.ide.mcu.externaltools.gnu-tools-for-stm32.10.3-2021.10.win32_1.0.100.202210260954/tools/bin/../lib/gcc/arm-none-eabi/10.3.1/../../../../arm-none-eabi/lib/thumb/v7e-m+fp/hard\libc_nano.a(lib_a-init.o)
                              c:/st/stm32cubeide_1.11.0/stm32cubeide/plugins/com.st.stm32cube.ide.mcu.externaltools.gnu-tools-for-stm32.10.3-2021.10.win32_1.0.100.202210260954/tools/bin/../lib/gcc/arm-none-eabi/10.3.1/../../../../arm-none-eabi/lib/thumb/v7e-m+fp/hard/crt0.o (__libc_init_array)
c:/st/stm32cubeide_1.11.0/stm32cubeide/plugins/com.st.stm32cube.ide.mcu.externaltools.gnu-tools-for-stm32.10.3-2021.10.win32_1.0.100.202210260954/tools/bin/../lib/gcc/arm-none-eabi/10.3.1/../../../../arm-none-eabi/lib/thumb/v7e-m+fp/hard\libc_nano.a(lib_a-memcpy-stub.o)
                              ./Core/Src/main.o (memcpy)
c:/st/stm32cubeide_1.11.0/stm32cubeide/plugins/com.st.stm32cube.ide.mcu.externaltools.gnu-tools-for-stm32.10.3-2021.10.win32_1.0.100.202210260954/tools/bin/../lib/gcc/arm-none-eabi/10.3.1/../../../../arm-none-eabi/lib/thumb/v7e-m+fp/hard\libc_nano.a(lib_a-memset.o)
                              c:/st/stm32cubeide_1.11.0/stm32cubeide/plugins/com.st.stm32cube.ide.mcu.externaltools.gnu-tools-for-stm32.10.3-2021.10.win32_1.0.100.202210260954/tools/bin/../lib/gcc/arm-none-eabi/10.3.1/../../../../arm-none-eabi/lib/thumb/v7e-m+fp/hard/crt0.o (memset)

Discarded input sections

 .text          0x0000000000000000        0x0 c:/st/stm32cubeide_1.11.0/stm32cubeide/plugins/com.st.stm32cube.ide.mcu.externaltools.gnu-tools-for-stm32.10.3-2021.10.win32_1.0.100.202210260954/tools/bin/../lib/gcc/arm-none-eabi/10.3.1/thumb/v7e-m+fp/hard/crti.o
 .data          0x0000000000000000        0x0 c:/st/stm32cubeide_1.11.0/stm32cubeide/plugins/com.st.stm32cube.ide.mcu.externaltools.gnu-tools-for-stm32.10.3-2021.10.win32_1.0.100.202210260954/tools/bin/../lib/gcc/arm-none-eabi/10.3.1/thumb/v7e-m+fp/hard/crti.o
 .bss           0x0000000000000000        0x0 c:/st/stm32cubeide_1.11.0/stm32cubeide/plugins/com.st.stm32cube.ide.mcu.externaltools.gnu-tools-for-stm32.10.3-2021.10.win32_1.0.100.202210260954/tools/bin/../lib/gcc/arm-none-eabi/10.3.1/thumb/v7e-m+fp/hard/crti.o
 .data          0x0000000000000000        0x4 c:/st/stm32cubeide_1.11.0/stm32cubeide/plugins/com.st.stm32cube.ide.mcu.externaltools.gnu-tools-for-stm32.10.3-2021.10.win32_1.0.100.202210260954/tools/bin/../lib/gcc/arm-none-eabi/10.3.1/thumb/v7e-m+fp/hard/crtbegin.o
 .rodata        0x0000000000000000       0x24 c:/st/stm32cubeide_1.11.0/stm32cubeide/plugins/com.st.stm32cube.ide.mcu.externaltools.gnu-tools-for-stm32.10.3-2021.10.win32_1.0.100.202210260954/tools/bin/../lib/gcc/arm-none-eabi/10.3.1/thumb/v7e-m+fp/hard/crtbegin.o
 .text          0x0000000000000000       0x7c c:/st/stm32cubeide_1.11.0/stm32cubeide/plugins/com.st.stm32cube.ide.mcu.externaltools.gnu-tools-for-stm32.10.3-2021.10.win32_1.0.100.202210260954/tools/bin/../lib/gcc/arm-none-eabi/10.3.1/../../../../arm-none-eabi/lib/thumb/v7e-m+fp/hard/crt0.o
 .data          0x0000000000000000        0x0 c:/st/stm32cubeide_1.11.0/stm32cubeide/plugins/com.st.stm32cube.ide.mcu.externaltools.gnu-tools-for-stm32.10.3-2021.10.win32_1.0.100.202210260954/tools/bin/../lib/gcc/arm-none-eabi/10.3.1/../../../../arm-none-eabi/lib/thumb/v7e-m+fp/hard/crt0.o
[...]
Memory Configuration

Name             Origin             Length             Attributes
RAM              0x0000000020000000 0x0000000000008000 xrw
FLASH            0x0000000008000000 0x0000000000020000 xr
*default*        0x0000000000000000 0xffffffffffffffff

Linker script and memory map

LOAD c:/st/stm32cubeide_1.11.0/stm32cubeide/plugins/com.st.stm32cube.ide.mcu.externaltools.gnu-tools-for-stm32.10.3-2021.10.win32_1.0.100.202210260954/tools/bin/../lib/gcc/arm-none-eabi/10.3.1/thumb/v7e-m+fp/hard/crti.o
LOAD c:/st/stm32cubeide_1.11.0/stm32cubeide/plugins/com.st.stm32cube.ide.mcu.externaltools.gnu-tools-for-stm32.10.3-2021.10.win32_1.0.100.202210260954/tools/bin/../lib/gcc/arm-none-eabi/10.3.1/thumb/v7e-m+fp/hard/crtbegin.o
LOAD c:/st/stm32cubeide_1.11.0/stm32cubeide/plugins/com.st.stm32cube.ide.mcu.externaltools.gnu-tools-for-stm32.10.3-2021.10.win32_1.0.100.202210260954/tools/bin/../lib/gcc/arm-none-eabi/10.3.1/../../../../arm-none-eabi/lib/thumb/v7e-m+fp/hard/crt0.o
LOAD ./Core/Src/main.o
LOAD ./Core/Src/stm32g4xx_hal_msp.o
LOAD ./Core/Src/stm32g4xx_it.o
LOAD ./Core/Src/syscalls.o
LOAD ./Core/Src/sysmem.o
LOAD ./Core/Src/system_stm32g4xx.o
LOAD ./Core/Startup/startup_stm32g441kbtx.o
LOAD ./Drivers/STM32G4xx_HAL_Driver/Src/stm32g4xx_hal.o
LOAD ./Drivers/STM32G4xx_HAL_Driver/Src/stm32g4xx_hal_cortex.o
LOAD ./Drivers/STM32G4xx_HAL_Driver/Src/stm32g4xx_hal_dma.o
LOAD ./Drivers/STM32G4xx_HAL_Driver/Src/stm32g4xx_hal_dma_ex.o
LOAD ./Drivers/STM32G4xx_HAL_Driver/Src/stm32g4xx_hal_exti.o
LOAD ./Drivers/STM32G4xx_HAL_Driver/Src/stm32g4xx_hal_flash.o
LOAD ./Drivers/STM32G4xx_HAL_Driver/Src/stm32g4xx_hal_flash_ex.o
LOAD ./Drivers/STM32G4xx_HAL_Driver/Src/stm32g4xx_hal_flash_ramfunc.o
LOAD ./Drivers/STM32G4xx_HAL_Driver/Src/stm32g4xx_hal_gpio.o
LOAD ./Drivers/STM32G4xx_HAL_Driver/Src/stm32g4xx_hal_pcd.o
LOAD ./Drivers/STM32G4xx_HAL_Driver/Src/stm32g4xx_hal_pcd_ex.o
LOAD ./Drivers/STM32G4xx_HAL_Driver/Src/stm32g4xx_hal_pwr.o
LOAD ./Drivers/STM32G4xx_HAL_Driver/Src/stm32g4xx_hal_pwr_ex.o
LOAD ./Drivers/STM32G4xx_HAL_Driver/Src/stm32g4xx_hal_rcc.o
LOAD ./Drivers/STM32G4xx_HAL_Driver/Src/stm32g4xx_hal_rcc_ex.o
LOAD ./Drivers/STM32G4xx_HAL_Driver/Src/stm32g4xx_hal_tim.o
LOAD ./Drivers/STM32G4xx_HAL_Driver/Src/stm32g4xx_hal_tim_ex.o
LOAD ./Drivers/STM32G4xx_HAL_Driver/Src/stm32g4xx_ll_usb.o
LOAD ./Middlewares/ST/STM32_USB_Device_Library/Class/CDC/Src/usbd_cdc.o
LOAD ./Middlewares/ST/STM32_USB_Device_Library/Core/Src/usbd_core.o
LOAD ./Middlewares/ST/STM32_USB_Device_Library/Core/Src/usbd_ctlreq.o
LOAD ./Middlewares/ST/STM32_USB_Device_Library/Core/Src/usbd_ioreq.o
LOAD ./USB_Device/App/usb_device.o
LOAD ./USB_Device/App/usbd_cdc_if.o
LOAD ./USB_Device/App/usbd_desc.o
LOAD ./USB_Device/Target/usbd_conf.o
START GROUP
LOAD c:/st/stm32cubeide_1.11.0/stm32cubeide/plugins/com.st.stm32cube.ide.mcu.externaltools.gnu-tools-for-stm32.10.3-2021.10.win32_1.0.100.202210260954/tools/bin/../lib/gcc/arm-none-eabi/10.3.1/../../../../arm-none-eabi/lib/thumb/v7e-m+fp/hard\libc_nano.a
LOAD c:/st/stm32cubeide_1.11.0/stm32cubeide/plugins/com.st.stm32cube.ide.mcu.externaltools.gnu-tools-for-stm32.10.3-2021.10.win32_1.0.100.202210260954/tools/bin/../lib/gcc/arm-none-eabi/10.3.1/../../../../arm-none-eabi/lib/thumb/v7e-m+fp/hard\libm.a
END GROUP
START GROUP
LOAD c:/st/stm32cubeide_1.11.0/stm32cubeide/plugins/com.st.stm32cube.ide.mcu.externaltools.gnu-tools-for-stm32.10.3-2021.10.win32_1.0.100.202210260954/tools/bin/../lib/gcc/arm-none-eabi/10.3.1/thumb/v7e-m+fp/hard\libgcc.a
LOAD c:/st/stm32cubeide_1.11.0/stm32cubeide/plugins/com.st.stm32cube.ide.mcu.externaltools.gnu-tools-for-stm32.10.3-2021.10.win32_1.0.100.202210260954/tools/bin/../lib/gcc/arm-none-eabi/10.3.1/../../../../arm-none-eabi/lib/thumb/v7e-m+fp/hard\libc_nano.a
END GROUP
START GROUP
LOAD c:/st/stm32cubeide_1.11.0/stm32cubeide/plugins/com.st.stm32cube.ide.mcu.externaltools.gnu-tools-for-stm32.10.3-2021.10.win32_1.0.100.202210260954/tools/bin/../lib/gcc/arm-none-eabi/10.3.1/thumb/v7e-m+fp/hard\libgcc.a
LOAD c:/st/stm32cubeide_1.11.0/stm32cubeide/plugins/com.st.stm32cube.ide.mcu.externaltools.gnu-tools-for-stm32.10.3-2021.10.win32_1.0.100.202210260954/tools/bin/../lib/gcc/arm-none-eabi/10.3.1/../../../../arm-none-eabi/lib/thumb/v7e-m+fp/hard\libc_nano.a
LOAD c:/st/stm32cubeide_1.11.0/stm32cubeide/plugins/com.st.stm32cube.ide.mcu.externaltools.gnu-tools-for-stm32.10.3-2021.10.win32_1.0.100.202210260954/tools/bin/../lib/gcc/arm-none-eabi/10.3.1/../../../../arm-none-eabi/lib/thumb/v7e-m+fp/hard\libnosys.a
END GROUP
START GROUP
LOAD c:/st/stm32cubeide_1.11.0/stm32cubeide/plugins/com.st.stm32cube.ide.mcu.externaltools.gnu-tools-for-stm32.10.3-2021.10.win32_1.0.100.202210260954/tools/bin/../lib/gcc/arm-none-eabi/10.3.1/thumb/v7e-m+fp/hard\libgcc.a
LOAD c:/st/stm32cubeide_1.11.0/stm32cubeide/plugins/com.st.stm32cube.ide.mcu.externaltools.gnu-tools-for-stm32.10.3-2021.10.win32_1.0.100.202210260954/tools/bin/../lib/gcc/arm-none-eabi/10.3.1/../../../../arm-none-eabi/lib/thumb/v7e-m+fp/hard\libc_nano.a
LOAD c:/st/stm32cubeide_1.11.0/stm32cubeide/plugins/com.st.stm32cube.ide.mcu.externaltools.gnu-tools-for-stm32.10.3-2021.10.win32_1.0.100.202210260954/tools/bin/../lib/gcc/arm-none-eabi/10.3.1/../../../../arm-none-eabi/lib/thumb/v7e-m+fp/hard\libnosys.a
END GROUP
LOAD c:/st/stm32cubeide_1.11.0/stm32cubeide/plugins/com.st.stm32cube.ide.mcu.externaltools.gnu-tools-for-stm32.10.3-2021.10.win32_1.0.100.202210260954/tools/bin/../lib/gcc/arm-none-eabi/10.3.1/thumb/v7e-m+fp/hard/crtend.o
LOAD c:/st/stm32cubeide_1.11.0/stm32cubeide/plugins/com.st.stm32cube.ide.mcu.externaltools.gnu-tools-for-stm32.10.3-2021.10.win32_1.0.100.202210260954/tools/bin/../lib/gcc/arm-none-eabi/10.3.1/thumb/v7e-m+fp/hard/crtn.o
                0x0000000020008000                _estack = (ORIGIN (RAM) + LENGTH (RAM))
                0x0000000000000200                _Min_Heap_Size = 0x200
                0x0000000000000400                _Min_Stack_Size = 0x400

.isr_vector     0x0000000008000000      0x1d8
                0x0000000008000000                . = ALIGN (0x4)
 *(.isr_vector)
 .isr_vector    0x0000000008000000      0x1d8 ./Core/Startup/startup_stm32g441kbtx.o
                0x0000000008000000                g_pfnVectors
                0x00000000080001d8                . = ALIGN (0x4)

.text           0x00000000080001d8     0xa690
                0x00000000080001d8                . = ALIGN (0x4)
 *(.text)
 .text          0x00000000080001d8       0x40 c:/st/stm32cubeide_1.11.0/stm32cubeide/plugins/com.st.stm32cube.ide.mcu.externaltools.gnu-tools-for-stm32.10.3-2021.10.win32_1.0.100.202210260954/tools/bin/../lib/gcc/arm-none-eabi/10.3.1/thumb/v7e-m+fp/hard/crtbegin.o
 *(.text*)
 .text.CDC_On_Receive
                0x0000000008000218       0x40 ./Core/Src/main.o
                0x0000000008000218                CDC_On_Receive
 .text.clampValue
                0x0000000008000258       0x32 ./Core/Src/main.o
                0x0000000008000258                clampValue
 *fill*         0x000000000800028a        0x2 
 .text.controlMotor
                0x000000000800028c       0x9c ./Core/Src/main.o
                0x000000000800028c                controlMotor
 .text.HAL_TIM_PeriodElapsedCallback
                0x0000000008000328      0x138 ./Core/Src/main.o
                0x0000000008000328                HAL_TIM_PeriodElapsedCallback
 .text.enableMotorDrivers
                0x0000000008000460       0x1c ./Core/Src/main.o
                0x0000000008000460                enableMotorDrivers
 .text.main     0x000000000800047c      0x104 ./Core/Src/main.o
                0x000000000800047c                main
 .text.SystemClock_Config
                0x0000000008000580       0xce ./Core/Src/main.o
                0x0000000008000580                SystemClock_Config
 *fill*         0x000000000800064e        0x2 
 .text.MX_TIM1_Init
                0x0000000008000650       0xb4 ./Core/Src/main.o
 .text.MX_TIM2_Init
                0x0000000008000704       0xe0 ./Core/Src/main.o
 .text.MX_TIM3_Init
                0x00000000080007e4       0xac ./Core/Src/main.o
 .text.MX_TIM4_Init
                0x0000000008000890       0xac ./Core/Src/main.o
 .text.MX_TIM6_Init
                0x000000000800093c       0x6c ./Core/Src/main.o
 .text.MX_TIM8_Init
                0x00000000080009a8      0x128 ./Core/Src/main.o
 .text.MX_TIM16_Init
                0x0000000008000ad0       0xf4 ./Core/Src/main.o
 .text.MX_DMA_Init
                0x0000000008000bc4       0x54 ./Core/Src/main.o
 .text.MX_GPIO_Init
                0x0000000008000c18       0x80 ./Core/Src/main.o
 .text.Error_Handler
                0x0000000008000c98        0xa ./Core/Src/main.o
                0x0000000008000c98                Error_Handler
 *fill*         0x0000000008000ca2        0x2 
 .text.HAL_MspInit
                0x0000000008000ca4       0x48 ./Core/Src/stm32g4xx_hal_msp.o
                0x0000000008000ca4                HAL_MspInit
 .text.HAL_TIM_PWM_MspInit
                0x0000000008000cec       0x90 ./Core/Src/stm32g4xx_hal_msp.o
                0x0000000008000cec                HAL_TIM_PWM_MspInit
 .text.HAL_TIM_Encoder_MspInit
                0x0000000008000d7c      0x180 ./Core/Src/stm32g4xx_hal_msp.o
                0x0000000008000d7c                HAL_TIM_Encoder_MspInit
 .text.HAL_TIM_Base_MspInit
                0x0000000008000efc       0x9c ./Core/Src/stm32g4xx_hal_msp.o
                0x0000000008000efc                HAL_TIM_Base_MspInit
 .text.HAL_TIM_MspPostInit
                0x0000000008000f98      0x19c ./Core/Src/stm32g4xx_hal_msp.o
                0x0000000008000f98                HAL_TIM_MspPostInit
 .text.NMI_Handler
                0x0000000008001134        0x6 ./Core/Src/stm32g4xx_it.o
                0x0000000008001134                NMI_Handler
 .text.HardFault_Handler
                0x000000000800113a        0x6 ./Core/Src/stm32g4xx_it.o
                0x000000000800113a                HardFault_Handler
 .text.MemManage_Handler
                0x0000000008001140        0x6 ./Core/Src/stm32g4xx_it.o
                0x0000000008001140                MemManage_Handler
 .text.BusFault_Handler
                0x0000000008001146        0x6 ./Core/Src/stm32g4xx_it.o
                0x0000000008001146                BusFault_Handler
 .text.UsageFault_Handler
                0x000000000800114c        0x6 ./Core/Src/stm32g4xx_it.o
                0x000000000800114c                UsageFault_Handler
 .text.SVC_Handler
                0x0000000008001152        0xe ./Core/Src/stm32g4xx_it.o
                0x0000000008001152                SVC_Handler
 .text.DebugMon_Handler
                0x0000000008001160        0xe ./Core/Src/stm32g4xx_it.o
                0x0000000008001160                DebugMon_Handler
 .text.PendSV_Handler
                0x000000000800116e        0xe ./Core/Src/stm32g4xx_it.o
                0x000000000800116e                PendSV_Handler
 .text.SysTick_Handler
                0x000000000800117c        0xc ./Core/Src/stm32g4xx_it.o
                0x000000000800117c                SysTick_Handler
 .text.USB_LP_IRQHandler
                0x0000000008001188       0x14 ./Core/Src/stm32g4xx_it.o
                0x0000000008001188                USB_LP_IRQHandler
 .text.TIM6_DAC_IRQHandler
                0x000000000800119c       0x14 ./Core/Src/stm32g4xx_it.o
                0x000000000800119c                TIM6_DAC_IRQHandler
 .text.SystemInit
                0x00000000080011b0       0x24 ./Core/Src/system_stm32g4xx.o
                0x00000000080011b0                SystemInit
 .text.Reset_Handler
                0x00000000080011d4       0x50 ./Core/Startup/startup_stm32g441kbtx.o
                0x00000000080011d4                Reset_Handler
 .text.Default_Handler
                0x0000000008001224        0x2 ./Core/Startup/startup_stm32g441kbtx.o
                0x0000000008001224                RTC_Alarm_IRQHandler
                0x0000000008001224                EXTI2_IRQHandler
                0x0000000008001224                TIM8_TRG_COM_IRQHandler
                0x0000000008001224                TIM8_CC_IRQHandler
                0x0000000008001224                TIM1_CC_IRQHandler
                0x0000000008001224                USB_HP_IRQHandler
                0x0000000008001224                CORDIC_IRQHandler
                0x0000000008001224                EXTI3_IRQHandler
                0x0000000008001224                I2C3_ER_IRQHandler
                0x0000000008001224                EXTI0_IRQHandler
                0x0000000008001224                I2C2_EV_IRQHandler
                0x0000000008001224                FPU_IRQHandler
                0x0000000008001224                FDCAN1_IT1_IRQHandler
                0x0000000008001224                TIM1_UP_TIM16_IRQHandler
                0x0000000008001224                ADC1_2_IRQHandler
                0x0000000008001224                SPI1_IRQHandler
                0x0000000008001224                TIM8_UP_IRQHandler
                0x0000000008001224                DMA2_Channel2_IRQHandler
                0x0000000008001224                DMA1_Channel4_IRQHandler
                0x0000000008001224                USART3_IRQHandler
                0x0000000008001224                TIM4_IRQHandler
                0x0000000008001224                DMA2_Channel1_IRQHandler
                0x0000000008001224                I2C1_EV_IRQHandler
                0x0000000008001224                DMA1_Channel6_IRQHandler
                0x0000000008001224                UART4_IRQHandler
                0x0000000008001224                DMA2_Channel4_IRQHandler
                0x0000000008001224                TIM3_IRQHandler
                0x0000000008001224                RCC_IRQHandler
                0x0000000008001224                DMA1_Channel1_IRQHandler
                0x0000000008001224                Default_Handler
                0x0000000008001224                RTC_TAMP_LSECSS_IRQHandler
                0x0000000008001224                FMAC_IRQHandler
                0x0000000008001224                EXTI15_10_IRQHandler
                0x0000000008001224                TIM7_IRQHandler
                0x0000000008001224                UCPD1_IRQHandler
                0x0000000008001224                I2C3_EV_IRQHandler
                0x0000000008001224                EXTI9_5_IRQHandler
                0x0000000008001224                RTC_WKUP_IRQHandler
                0x0000000008001224                PVD_PVM_IRQHandler
                0x0000000008001224                SPI2_IRQHandler
                0x0000000008001224                DMA2_Channel5_IRQHandler
                0x0000000008001224                CRS_IRQHandler
                0x0000000008001224                DMA1_Channel5_IRQHandler
                0x0000000008001224                EXTI4_IRQHandler
                0x0000000008001224                RNG_IRQHandler
                0x0000000008001224                TIM1_TRG_COM_TIM17_IRQHandler
                0x0000000008001224                DMA1_Channel3_IRQHandler
                0x0000000008001224                WWDG_IRQHandler
                0x0000000008001224                LPUART1_IRQHandler
                0x0000000008001224                DMA2_Channel6_IRQHandler
                0x0000000008001224                FDCAN1_IT0_IRQHandler
                0x0000000008001224                TIM2_IRQHandler
                0x0000000008001224                COMP1_2_3_IRQHandler
                0x0000000008001224                EXTI1_IRQHandler
                0x0000000008001224                AES_IRQHandler
                0x0000000008001224                USART2_IRQHandler
                0x0000000008001224                I2C2_ER_IRQHandler
                0x0000000008001224                DMA1_Channel2_IRQHandler
                0x0000000008001224                TIM8_BRK_IRQHandler
                0x0000000008001224                FLASH_IRQHandler
                0x0000000008001224                USART1_IRQHandler
                0x0000000008001224                SPI3_IRQHandler
                0x0000000008001224                I2C1_ER_IRQHandler
                0x0000000008001224                LPTIM1_IRQHandler
                0x0000000008001224                DMAMUX_OVR_IRQHandler
                0x0000000008001224                USBWakeUp_IRQHandler
                0x0000000008001224                SAI1_IRQHandler
                0x0000000008001224                DMA2_Channel3_IRQHandler
                0x0000000008001224                COMP4_IRQHandler
                0x0000000008001224                TIM1_BRK_TIM15_IRQHandler
 .text.HAL_Init
                0x0000000008001226       0x30 ./Drivers/STM32G4xx_HAL_Driver/Src/stm32g4xx_hal.o
                0x0000000008001226                HAL_Init
 *fill*         0x0000000008001256        0x2 
 .text.HAL_InitTick
                0x0000000008001258       0x74 ./Drivers/STM32G4xx_HAL_Driver/Src/stm32g4xx_hal.o
                0x0000000008001258                HAL_InitTick
 .text.HAL_IncTick
                0x00000000080012cc       0x24 ./Drivers/STM32G4xx_HAL_Driver/Src/stm32g4xx_hal.o
                0x00000000080012cc                HAL_IncTick
 .text.HAL_GetTick
                0x00000000080012f0       0x18 ./Drivers/STM32G4xx_HAL_Driver/Src/stm32g4xx_hal.o
                0x00000000080012f0                HAL_GetTick
 .text.__NVIC_SetPriorityGrouping
                0x0000000008001308       0x48 ./Drivers/STM32G4xx_HAL_Driver/Src/stm32g4xx_hal_cortex.o
 .text.__NVIC_GetPriorityGrouping
                0x0000000008001350       0x1c ./Drivers/STM32G4xx_HAL_Driver/Src/stm32g4xx_hal_cortex.o
 .text.__NVIC_EnableIRQ
                0x000000000800136c       0x3c ./Drivers/STM32G4xx_HAL_Driver/Src/stm32g4xx_hal_cortex.o
 .text.__NVIC_SetPriority
                0x00000000080013a8       0x54 ./Drivers/STM32G4xx_HAL_Driver/Src/stm32g4xx_hal_cortex.o
 .text.NVIC_EncodePriority
                0x00000000080013fc       0x66 ./Drivers/STM32G4xx_HAL_Driver/Src/stm32g4xx_hal_cortex.o
 *fill*         0x0000000008001462        0x2 
 .text.SysTick_Config
                0x0000000008001464       0x44 ./Drivers/STM32G4xx_HAL_Driver/Src/stm32g4xx_hal_cortex.o
 .text.HAL_NVIC_SetPriorityGrouping
                0x00000000080014a8       0x16 ./Drivers/STM32G4xx_HAL_Driver/Src/stm32g4xx_hal_cortex.o
                0x00000000080014a8                HAL_NVIC_SetPriorityGrouping
 .text.HAL_NVIC_SetPriority
                0x00000000080014be       0x34 ./Drivers/STM32G4xx_HAL_Driver/Src/stm32g4xx_hal_cortex.o
                0x00000000080014be                HAL_NVIC_SetPriority
 .text.HAL_NVIC_EnableIRQ
                0x00000000080014f2       0x1c ./Drivers/STM32G4xx_HAL_Driver/Src/stm32g4xx_hal_cortex.o
                0x00000000080014f2                HAL_NVIC_EnableIRQ
 .text.HAL_SYSTICK_Config
                0x000000000800150e       0x18 ./Drivers/STM32G4xx_HAL_Driver/Src/stm32g4xx_hal_cortex.o
                0x000000000800150e                HAL_SYSTICK_Config
 .text.HAL_DMA_Start_IT
                0x0000000008001526       0xf6 ./Drivers/STM32G4xx_HAL_Driver/Src/stm32g4xx_hal_dma.o
                0x0000000008001526                HAL_DMA_Start_IT
 .text.DMA_SetConfig
                0x000000000800161c       0x7c ./Drivers/STM32G4xx_HAL_Driver/Src/stm32g4xx_hal_dma.o
 .text.HAL_GPIO_Init
                0x0000000008001698      0x304 ./Drivers/STM32G4xx_HAL_Driver/Src/stm32g4xx_hal_gpio.o
                0x0000000008001698                HAL_GPIO_Init
 .text.HAL_GPIO_WritePin
                0x000000000800199c       0x30 ./Drivers/STM32G4xx_HAL_Driver/Src/stm32g4xx_hal_gpio.o
                0x000000000800199c                HAL_GPIO_WritePin
 .text.HAL_PCD_Init
                0x00000000080019cc      0x1ca ./Drivers/STM32G4xx_HAL_Driver/Src/stm32g4xx_hal_pcd.o
                0x00000000080019cc                HAL_PCD_Init
 .text.HAL_PCD_Start
                0x0000000008001b96       0x44 ./Drivers/STM32G4xx_HAL_Driver/Src/stm32g4xx_hal_pcd.o
                0x0000000008001b96                HAL_PCD_Start
 .text.HAL_PCD_IRQHandler
                0x0000000008001bda      0x24e ./Drivers/STM32G4xx_HAL_Driver/Src/stm32g4xx_hal_pcd.o
                0x0000000008001bda                HAL_PCD_IRQHandler
 .text.HAL_PCD_SetAddress
                0x0000000008001e28       0x4a ./Drivers/STM32G4xx_HAL_Driver/Src/stm32g4xx_hal_pcd.o
                0x0000000008001e28                HAL_PCD_SetAddress
 .text.HAL_PCD_EP_Open
                0x0000000008001e72       0xcc ./Drivers/STM32G4xx_HAL_Driver/Src/stm32g4xx_hal_pcd.o
                0x0000000008001e72                HAL_PCD_EP_Open
 .text.HAL_PCD_EP_Close
                0x0000000008001f3e       0x90 ./Drivers/STM32G4xx_HAL_Driver/Src/stm32g4xx_hal_pcd.o
                0x0000000008001f3e                HAL_PCD_EP_Close
 .text.HAL_PCD_EP_Receive
                0x0000000008001fce       0x7a ./Drivers/STM32G4xx_HAL_Driver/Src/stm32g4xx_hal_pcd.o
                0x0000000008001fce                HAL_PCD_EP_Receive
 .text.HAL_PCD_EP_GetRxCount
                0x0000000008002048       0x30 ./Drivers/STM32G4xx_HAL_Driver/Src/stm32g4xx_hal_pcd.o
                0x0000000008002048                HAL_PCD_EP_GetRxCount
 .text.HAL_PCD_EP_Transmit
                0x0000000008002078       0x86 ./Drivers/STM32G4xx_HAL_Driver/Src/stm32g4xx_hal_pcd.o
                0x0000000008002078                HAL_PCD_EP_Transmit
 .text.HAL_PCD_EP_SetStall
                0x00000000080020fe       0xa4 ./Drivers/STM32G4xx_HAL_Driver/Src/stm32g4xx_hal_pcd.o
                0x00000000080020fe                HAL_PCD_EP_SetStall
 .text.HAL_PCD_EP_ClrStall
                0x00000000080021a2       0xa8 ./Drivers/STM32G4xx_HAL_Driver/Src/stm32g4xx_hal_pcd.o
                0x00000000080021a2                HAL_PCD_EP_ClrStall
 .text.PCD_EP_ISR_Handler
                0x000000000800224a      0x760 ./Drivers/STM32G4xx_HAL_Driver/Src/stm32g4xx_hal_pcd.o
 .text.HAL_PCD_EP_DB_Receive
                0x00000000080029aa      0x212 ./Drivers/STM32G4xx_HAL_Driver/Src/stm32g4xx_hal_pcd.o
 .text.HAL_PCD_EP_DB_Transmit
                0x0000000008002bbc      0x79c ./Drivers/STM32G4xx_HAL_Driver/Src/stm32g4xx_hal_pcd.o
 .text.HAL_PCDEx_PMAConfig
                0x0000000008003358       0x86 ./Drivers/STM32G4xx_HAL_Driver/Src/stm32g4xx_hal_pcd_ex.o
                0x0000000008003358                HAL_PCDEx_PMAConfig
 .text.HAL_PCDEx_ActivateLPM
                0x00000000080033de       0x54 ./Drivers/STM32G4xx_HAL_Driver/Src/stm32g4xx_hal_pcd_ex.o
                0x00000000080033de                HAL_PCDEx_ActivateLPM
 *fill*         0x0000000008003432        0x2 
 .text.HAL_PWREx_ControlVoltageScaling
                0x0000000008003434      0x148 ./Drivers/STM32G4xx_HAL_Driver/Src/stm32g4xx_hal_pwr_ex.o
                0x0000000008003434                HAL_PWREx_ControlVoltageScaling
 .text.HAL_RCC_OscConfig
                0x000000000800357c      0x630 ./Drivers/STM32G4xx_HAL_Driver/Src/stm32g4xx_hal_rcc.o
                0x000000000800357c                HAL_RCC_OscConfig
 .text.HAL_RCC_ClockConfig
                0x0000000008003bac      0x278 ./Drivers/STM32G4xx_HAL_Driver/Src/stm32g4xx_hal_rcc.o
                0x0000000008003bac                HAL_RCC_ClockConfig
 .text.HAL_RCC_GetSysClockFreq
                0x0000000008003e24       0xc4 ./Drivers/STM32G4xx_HAL_Driver/Src/stm32g4xx_hal_rcc.o
                0x0000000008003e24                HAL_RCC_GetSysClockFreq
 .text.RCC_GetSysClockFreqFromPLLSource
                0x0000000008003ee8       0x8c ./Drivers/STM32G4xx_HAL_Driver/Src/stm32g4xx_hal_rcc.o
 .text.HAL_RCCEx_PeriphCLKConfig
                0x0000000008003f74      0x3e0 ./Drivers/STM32G4xx_HAL_Driver/Src/stm32g4xx_hal_rcc_ex.o
                0x0000000008003f74                HAL_RCCEx_PeriphCLKConfig
 .text.HAL_TIM_Base_Init
                0x0000000008004354       0xae ./Drivers/STM32G4xx_HAL_Driver/Src/stm32g4xx_hal_tim.o
                0x0000000008004354                HAL_TIM_Base_Init
 *fill*         0x0000000008004402        0x2 
 .text.HAL_TIM_Base_Start_IT
                0x0000000008004404       0xd4 ./Drivers/STM32G4xx_HAL_Driver/Src/stm32g4xx_hal_tim.o
                0x0000000008004404                HAL_TIM_Base_Start_IT
 .text.HAL_TIM_PWM_Init
                0x00000000080044d8       0xae ./Drivers/STM32G4xx_HAL_Driver/Src/stm32g4xx_hal_tim.o
                0x00000000080044d8                HAL_TIM_PWM_Init
 *fill*         0x0000000008004586        0x2 
 .text.HAL_TIM_PWM_Start
                0x0000000008004588      0x200 ./Drivers/STM32G4xx_HAL_Driver/Src/stm32g4xx_hal_tim.o
                0x0000000008004588                HAL_TIM_PWM_Start
 .text.HAL_TIM_PWM_Start_DMA
                0x0000000008004788      0x430 ./Drivers/STM32G4xx_HAL_Driver/Src/stm32g4xx_hal_tim.o
                0x0000000008004788                HAL_TIM_PWM_Start_DMA
 .text.HAL_TIM_Encoder_Init
                0x0000000008004bb8      0x14c ./Drivers/STM32G4xx_HAL_Driver/Src/stm32g4xx_hal_tim.o
                0x0000000008004bb8                HAL_TIM_Encoder_Init
 .text.HAL_TIM_Encoder_Start
                0x0000000008004d04      0x11c ./Drivers/STM32G4xx_HAL_Driver/Src/stm32g4xx_hal_tim.o
                0x0000000008004d04                HAL_TIM_Encoder_Start
 .text.HAL_TIM_IRQHandler
                0x0000000008004e20      0x2fe ./Drivers/STM32G4xx_HAL_Driver/Src/stm32g4xx_hal_tim.o
                0x0000000008004e20                HAL_TIM_IRQHandler
 *fill*         0x000000000800511e        0x2 
 .text.HAL_TIM_PWM_ConfigChannel
                0x0000000008005120      0x228 ./Drivers/STM32G4xx_HAL_Driver/Src/stm32g4xx_hal_tim.o
                0x0000000008005120                HAL_TIM_PWM_ConfigChannel
 .text.HAL_TIM_OC_DelayElapsedCallback
                0x0000000008005348       0x14 ./Drivers/STM32G4xx_HAL_Driver/Src/stm32g4xx_hal_tim.o
                0x0000000008005348                HAL_TIM_OC_DelayElapsedCallback
 .text.HAL_TIM_IC_CaptureCallback
                0x000000000800535c       0x14 ./Drivers/STM32G4xx_HAL_Driver/Src/stm32g4xx_hal_tim.o
                0x000000000800535c                HAL_TIM_IC_CaptureCallback
 .text.HAL_TIM_PWM_PulseFinishedCallback
                0x0000000008005370       0x14 ./Drivers/STM32G4xx_HAL_Driver/Src/stm32g4xx_hal_tim.o
                0x0000000008005370                HAL_TIM_PWM_PulseFinishedCallback
 .text.HAL_TIM_PWM_PulseFinishedHalfCpltCallback
                0x0000000008005384       0x14 ./Drivers/STM32G4xx_HAL_Driver/Src/stm32g4xx_hal_tim.o
                0x0000000008005384                HAL_TIM_PWM_PulseFinishedHalfCpltCallback
 .text.HAL_TIM_TriggerCallback
                0x0000000008005398       0x14 ./Drivers/STM32G4xx_HAL_Driver/Src/stm32g4xx_hal_tim.o
                0x0000000008005398                HAL_TIM_TriggerCallback
 .text.HAL_TIM_ErrorCallback
                0x00000000080053ac       0x14 ./Drivers/STM32G4xx_HAL_Driver/Src/stm32g4xx_hal_tim.o
                0x00000000080053ac                HAL_TIM_ErrorCallback
 .text.TIM_DMAError
                0x00000000080053c0       0x92 ./Drivers/STM32G4xx_HAL_Driver/Src/stm32g4xx_hal_tim.o
                0x00000000080053c0                TIM_DMAError
 .text.TIM_DMADelayPulseCplt
                0x0000000008005452       0xa8 ./Drivers/STM32G4xx_HAL_Driver/Src/stm32g4xx_hal_tim.o
 .text.TIM_DMADelayPulseHalfCplt
                0x00000000080054fa       0x68 ./Drivers/STM32G4xx_HAL_Driver/Src/stm32g4xx_hal_tim.o
                0x00000000080054fa                TIM_DMADelayPulseHalfCplt
 *fill*         0x0000000008005562        0x2 
 .text.TIM_Base_SetConfig
                0x0000000008005564      0x120 ./Drivers/STM32G4xx_HAL_Driver/Src/stm32g4xx_hal_tim.o
                0x0000000008005564                TIM_Base_SetConfig
 .text.TIM_OC1_SetConfig
                0x0000000008005684      0x120 ./Drivers/STM32G4xx_HAL_Driver/Src/stm32g4xx_hal_tim.o
 .text.TIM_OC2_SetConfig
                0x00000000080057a4      0x114 ./Drivers/STM32G4xx_HAL_Driver/Src/stm32g4xx_hal_tim.o
                0x00000000080057a4                TIM_OC2_SetConfig
 .text.TIM_OC3_SetConfig
                0x00000000080058b8      0x110 ./Drivers/STM32G4xx_HAL_Driver/Src/stm32g4xx_hal_tim.o
 .text.TIM_OC4_SetConfig
                0x00000000080059c8      0x114 ./Drivers/STM32G4xx_HAL_Driver/Src/stm32g4xx_hal_tim.o
 .text.TIM_OC5_SetConfig
                0x0000000008005adc       0xc8 ./Drivers/STM32G4xx_HAL_Driver/Src/stm32g4xx_hal_tim.o
 .text.TIM_OC6_SetConfig
                0x0000000008005ba4       0xcc ./Drivers/STM32G4xx_HAL_Driver/Src/stm32g4xx_hal_tim.o
 .text.TIM_CCxChannelCmd
                0x0000000008005c70       0x4a ./Drivers/STM32G4xx_HAL_Driver/Src/stm32g4xx_hal_tim.o
                0x0000000008005c70                TIM_CCxChannelCmd
 *fill*         0x0000000008005cba        0x2 
 .text.HAL_TIMEx_MasterConfigSynchronization
                0x0000000008005cbc      0x104 ./Drivers/STM32G4xx_HAL_Driver/Src/stm32g4xx_hal_tim_ex.o
                0x0000000008005cbc                HAL_TIMEx_MasterConfigSynchronization
 .text.HAL_TIMEx_ConfigBreakDeadTime
                0x0000000008005dc0      0x140 ./Drivers/STM32G4xx_HAL_Driver/Src/stm32g4xx_hal_tim_ex.o
                0x0000000008005dc0                HAL_TIMEx_ConfigBreakDeadTime
 .text.HAL_TIMEx_CommutCallback
                0x0000000008005f00       0x14 ./Drivers/STM32G4xx_HAL_Driver/Src/stm32g4xx_hal_tim_ex.o
                0x0000000008005f00                HAL_TIMEx_CommutCallback
 .text.HAL_TIMEx_BreakCallback
                0x0000000008005f14       0x14 ./Drivers/STM32G4xx_HAL_Driver/Src/stm32g4xx_hal_tim_ex.o
                0x0000000008005f14                HAL_TIMEx_BreakCallback
 .text.HAL_TIMEx_Break2Callback
                0x0000000008005f28       0x14 ./Drivers/STM32G4xx_HAL_Driver/Src/stm32g4xx_hal_tim_ex.o
                0x0000000008005f28                HAL_TIMEx_Break2Callback
 .text.HAL_TIMEx_EncoderIndexCallback
                0x0000000008005f3c       0x14 ./Drivers/STM32G4xx_HAL_Driver/Src/stm32g4xx_hal_tim_ex.o
                0x0000000008005f3c                HAL_TIMEx_EncoderIndexCallback
 .text.HAL_TIMEx_DirectionChangeCallback
                0x0000000008005f50       0x14 ./Drivers/STM32G4xx_HAL_Driver/Src/stm32g4xx_hal_tim_ex.o
                0x0000000008005f50                HAL_TIMEx_DirectionChangeCallback
 .text.HAL_TIMEx_IndexErrorCallback
                0x0000000008005f64       0x14 ./Drivers/STM32G4xx_HAL_Driver/Src/stm32g4xx_hal_tim_ex.o
                0x0000000008005f64                HAL_TIMEx_IndexErrorCallback
 .text.HAL_TIMEx_TransitionErrorCallback
                0x0000000008005f78       0x14 ./Drivers/STM32G4xx_HAL_Driver/Src/stm32g4xx_hal_tim_ex.o
                0x0000000008005f78                HAL_TIMEx_TransitionErrorCallback
 .text.USB_EnableGlobalInt
                0x0000000008005f8c       0x2e ./Drivers/STM32G4xx_HAL_Driver/Src/stm32g4xx_ll_usb.o
                0x0000000008005f8c                USB_EnableGlobalInt
 .text.USB_DisableGlobalInt
                0x0000000008005fba       0x36 ./Drivers/STM32G4xx_HAL_Driver/Src/stm32g4xx_ll_usb.o
                0x0000000008005fba                USB_DisableGlobalInt
 .text.USB_DevInit
                0x0000000008005ff0       0x42 ./Drivers/STM32G4xx_HAL_Driver/Src/stm32g4xx_ll_usb.o
                0x0000000008005ff0                USB_DevInit
 *fill*         0x0000000008006032        0x2 
 .text.USB_ActivateEndpoint
                0x0000000008006034      0x728 ./Drivers/STM32G4xx_HAL_Driver/Src/stm32g4xx_ll_usb.o
                0x0000000008006034                USB_ActivateEndpoint
 .text.USB_DeactivateEndpoint
                0x000000000800675c      0x3da ./Drivers/STM32G4xx_HAL_Driver/Src/stm32g4xx_ll_usb.o
                0x000000000800675c                USB_DeactivateEndpoint
 .text.USB_EPStartXfer
                0x0000000008006b36     0x166c ./Drivers/STM32G4xx_HAL_Driver/Src/stm32g4xx_ll_usb.o
                0x0000000008006b36                USB_EPStartXfer
 .text.USB_EPSetStall
                0x00000000080081a2       0xa2 ./Drivers/STM32G4xx_HAL_Driver/Src/stm32g4xx_ll_usb.o
                0x00000000080081a2                USB_EPSetStall
 .text.USB_EPClearStall
                0x0000000008008244      0x15c ./Drivers/STM32G4xx_HAL_Driver/Src/stm32g4xx_ll_usb.o
                0x0000000008008244                USB_EPClearStall
 .text.USB_SetDevAddress
                0x00000000080083a0       0x28 ./Drivers/STM32G4xx_HAL_Driver/Src/stm32g4xx_ll_usb.o
                0x00000000080083a0                USB_SetDevAddress
 .text.USB_DevConnect
                0x00000000080083c8       0x2e ./Drivers/STM32G4xx_HAL_Driver/Src/stm32g4xx_ll_usb.o
                0x00000000080083c8                USB_DevConnect
 .text.USB_ReadInterrupts
                0x00000000080083f6       0x20 ./Drivers/STM32G4xx_HAL_Driver/Src/stm32g4xx_ll_usb.o
                0x00000000080083f6                USB_ReadInterrupts
 .text.USB_WritePMA
                0x0000000008008416       0x84 ./Drivers/STM32G4xx_HAL_Driver/Src/stm32g4xx_ll_usb.o
                0x0000000008008416                USB_WritePMA
 .text.USB_ReadPMA
                0x000000000800849a       0x98 ./Drivers/STM32G4xx_HAL_Driver/Src/stm32g4xx_ll_usb.o
                0x000000000800849a                USB_ReadPMA
 .text.USBD_CDC_Init
                0x0000000008008532       0xfe ./Middlewares/ST/STM32_USB_Device_Library/Class/CDC/Src/usbd_cdc.o
 .text.USBD_CDC_DeInit
                0x0000000008008630       0x74 ./Middlewares/ST/STM32_USB_Device_Library/Class/CDC/Src/usbd_cdc.o
 .text.USBD_CDC_Setup
                0x00000000080086a4      0x190 ./Middlewares/ST/STM32_USB_Device_Library/Class/CDC/Src/usbd_cdc.o
 .text.USBD_CDC_DataIn
                0x0000000008008834       0xca ./Middlewares/ST/STM32_USB_Device_Library/Class/CDC/Src/usbd_cdc.o
 .text.USBD_CDC_DataOut
                0x00000000080088fe       0x56 ./Middlewares/ST/STM32_USB_Device_Library/Class/CDC/Src/usbd_cdc.o
 .text.USBD_CDC_EP0_RxReady
                0x0000000008008954       0x5a ./Middlewares/ST/STM32_USB_Device_Library/Class/CDC/Src/usbd_cdc.o
 *fill*         0x00000000080089ae        0x2 
 .text.USBD_CDC_GetFSCfgDesc
                0x00000000080089b0       0x20 ./Middlewares/ST/STM32_USB_Device_Library/Class/CDC/Src/usbd_cdc.o
 .text.USBD_CDC_GetHSCfgDesc
                0x00000000080089d0       0x20 ./Middlewares/ST/STM32_USB_Device_Library/Class/CDC/Src/usbd_cdc.o
 .text.USBD_CDC_GetOtherSpeedCfgDesc
                0x00000000080089f0       0x20 ./Middlewares/ST/STM32_USB_Device_Library/Class/CDC/Src/usbd_cdc.o
 .text.USBD_CDC_GetDeviceQualifierDescriptor
                0x0000000008008a10       0x20 ./Middlewares/ST/STM32_USB_Device_Library/Class/CDC/Src/usbd_cdc.o
                0x0000000008008a10                USBD_CDC_GetDeviceQualifierDescriptor
 .text.USBD_CDC_RegisterInterface
                0x0000000008008a30       0x2a ./Middlewares/ST/STM32_USB_Device_Library/Class/CDC/Src/usbd_cdc.o
                0x0000000008008a30                USBD_CDC_RegisterInterface
 .text.USBD_CDC_SetTxBuffer
                0x0000000008008a5a       0x3c ./Middlewares/ST/STM32_USB_Device_Library/Class/CDC/Src/usbd_cdc.o
                0x0000000008008a5a                USBD_CDC_SetTxBuffer
 .text.USBD_CDC_SetRxBuffer
                0x0000000008008a96       0x32 ./Middlewares/ST/STM32_USB_Device_Library/Class/CDC/Src/usbd_cdc.o
                0x0000000008008a96                USBD_CDC_SetRxBuffer
 .text.USBD_CDC_TransmitPacket
                0x0000000008008ac8       0x60 ./Middlewares/ST/STM32_USB_Device_Library/Class/CDC/Src/usbd_cdc.o
                0x0000000008008ac8                USBD_CDC_TransmitPacket
 .text.USBD_CDC_ReceivePacket
                0x0000000008008b28       0x54 ./Middlewares/ST/STM32_USB_Device_Library/Class/CDC/Src/usbd_cdc.o
                0x0000000008008b28                USBD_CDC_ReceivePacket
 .text.USBD_Init
                0x0000000008008b7c       0x60 ./Middlewares/ST/STM32_USB_Device_Library/Core/Src/usbd_core.o
                0x0000000008008b7c                USBD_Init
 .text.USBD_RegisterClass
                0x0000000008008bdc       0x4e ./Middlewares/ST/STM32_USB_Device_Library/Core/Src/usbd_core.o
                0x0000000008008bdc                USBD_RegisterClass
 .text.USBD_Start
                0x0000000008008c2a       0x18 ./Middlewares/ST/STM32_USB_Device_Library/Core/Src/usbd_core.o
                0x0000000008008c2a                USBD_Start
 .text.USBD_RunTestMode
                0x0000000008008c42       0x16 ./Middlewares/ST/STM32_USB_Device_Library/Core/Src/usbd_core.o
                0x0000000008008c42                USBD_RunTestMode
 .text.USBD_SetClassConfig
                0x0000000008008c58       0x38 ./Middlewares/ST/STM32_USB_Device_Library/Core/Src/usbd_core.o
                0x0000000008008c58                USBD_SetClassConfig
 .text.USBD_ClrClassConfig
                0x0000000008008c90       0x30 ./Middlewares/ST/STM32_USB_Device_Library/Core/Src/usbd_core.o
                0x0000000008008c90                USBD_ClrClassConfig
 .text.USBD_LL_SetupStage
                0x0000000008008cc0       0xaa ./Middlewares/ST/STM32_USB_Device_Library/Core/Src/usbd_core.o
                0x0000000008008cc0                USBD_LL_SetupStage
 .text.USBD_LL_DataOutStage
                0x0000000008008d6a       0xc6 ./Middlewares/ST/STM32_USB_Device_Library/Core/Src/usbd_core.o
                0x0000000008008d6a                USBD_LL_DataOutStage
 .text.USBD_LL_DataInStage
                0x0000000008008e30      0x12c ./Middlewares/ST/STM32_USB_Device_Library/Core/Src/usbd_core.o
                0x0000000008008e30                USBD_LL_DataInStage
 .text.USBD_LL_Reset
                0x0000000008008f5c       0x9c ./Middlewares/ST/STM32_USB_Device_Library/Core/Src/usbd_core.o
                0x0000000008008f5c                USBD_LL_Reset
 .text.USBD_LL_SetSpeed
                0x0000000008008ff8       0x20 ./Middlewares/ST/STM32_USB_Device_Library/Core/Src/usbd_core.o
                0x0000000008008ff8                USBD_LL_SetSpeed
 .text.USBD_LL_Suspend
                0x0000000008009018       0x2c ./Middlewares/ST/STM32_USB_Device_Library/Core/Src/usbd_core.o
                0x0000000008009018                USBD_LL_Suspend
 .text.USBD_LL_Resume
                0x0000000008009044       0x30 ./Middlewares/ST/STM32_USB_Device_Library/Core/Src/usbd_core.o
                0x0000000008009044                USBD_LL_Resume
 .text.USBD_LL_SOF
                0x0000000008009074       0x44 ./Middlewares/ST/STM32_USB_Device_Library/Core/Src/usbd_core.o
                0x0000000008009074                USBD_LL_SOF
 .text.SWAPBYTE
                0x00000000080090b8       0x3c ./Middlewares/ST/STM32_USB_Device_Library/Core/Src/usbd_ctlreq.o
 .text.USBD_StdDevReq
                0x00000000080090f4       0xdc ./Middlewares/ST/STM32_USB_Device_Library/Core/Src/usbd_ctlreq.o
                0x00000000080090f4                USBD_StdDevReq
 .text.USBD_StdItfReq
                0x00000000080091d0       0x92 ./Middlewares/ST/STM32_USB_Device_Library/Core/Src/usbd_ctlreq.o
                0x00000000080091d0                USBD_StdItfReq
 .text.USBD_StdEPReq
                0x0000000008009262      0x2c4 ./Middlewares/ST/STM32_USB_Device_Library/Core/Src/usbd_ctlreq.o
                0x0000000008009262                USBD_StdEPReq
 *fill*         0x0000000008009526        0x2 
 .text.USBD_GetDescriptor
                0x0000000008009528      0x328 ./Middlewares/ST/STM32_USB_Device_Library/Core/Src/usbd_ctlreq.o
 .text.USBD_SetAddress
                0x0000000008009850       0x88 ./Middlewares/ST/STM32_USB_Device_Library/Core/Src/usbd_ctlreq.o
 .text.USBD_SetConfig
                0x00000000080098d8      0x14c ./Middlewares/ST/STM32_USB_Device_Library/Core/Src/usbd_ctlreq.o
 .text.USBD_GetConfig
                0x0000000008009a24       0x6c ./Middlewares/ST/STM32_USB_Device_Library/Core/Src/usbd_ctlreq.o
 .text.USBD_GetStatus
                0x0000000008009a90       0x68 ./Middlewares/ST/STM32_USB_Device_Library/Core/Src/usbd_ctlreq.o
 .text.USBD_SetFeature
                0x0000000008009af8       0x28 ./Middlewares/ST/STM32_USB_Device_Library/Core/Src/usbd_ctlreq.o
 .text.USBD_ClrFeature
                0x0000000008009b20       0x44 ./Middlewares/ST/STM32_USB_Device_Library/Core/Src/usbd_ctlreq.o
 .text.USBD_ParseSetupRequest
                0x0000000008009b64       0x74 ./Middlewares/ST/STM32_USB_Device_Library/Core/Src/usbd_ctlreq.o
                0x0000000008009b64                USBD_ParseSetupRequest
 .text.USBD_CtlError
                0x0000000008009bd8       0x22 ./Middlewares/ST/STM32_USB_Device_Library/Core/Src/usbd_ctlreq.o
                0x0000000008009bd8                USBD_CtlError
 .text.USBD_GetString
                0x0000000008009bfa       0x8c ./Middlewares/ST/STM32_USB_Device_Library/Core/Src/usbd_ctlreq.o
                0x0000000008009bfa                USBD_GetString
 .text.USBD_GetLen
                0x0000000008009c86       0x34 ./Middlewares/ST/STM32_USB_Device_Library/Core/Src/usbd_ctlreq.o
 .text.USBD_CtlSendData
                0x0000000008009cba       0x36 ./Middlewares/ST/STM32_USB_Device_Library/Core/Src/usbd_ioreq.o
                0x0000000008009cba                USBD_CtlSendData
 .text.USBD_CtlContinueSendData
                0x0000000008009cf0       0x22 ./Middlewares/ST/STM32_USB_Device_Library/Core/Src/usbd_ioreq.o
                0x0000000008009cf0                USBD_CtlContinueSendData
 .text.USBD_CtlPrepareRx
                0x0000000008009d12       0x3a ./Middlewares/ST/STM32_USB_Device_Library/Core/Src/usbd_ioreq.o
                0x0000000008009d12                USBD_CtlPrepareRx
 .text.USBD_CtlContinueRx
                0x0000000008009d4c       0x22 ./Middlewares/ST/STM32_USB_Device_Library/Core/Src/usbd_ioreq.o
                0x0000000008009d4c                USBD_CtlContinueRx
 .text.USBD_CtlSendStatus
                0x0000000008009d6e       0x26 ./Middlewares/ST/STM32_USB_Device_Library/Core/Src/usbd_ioreq.o
                0x0000000008009d6e                USBD_CtlSendStatus
 .text.USBD_CtlReceiveStatus
                0x0000000008009d94       0x26 ./Middlewares/ST/STM32_USB_Device_Library/Core/Src/usbd_ioreq.o
                0x0000000008009d94                USBD_CtlReceiveStatus
 *fill*         0x0000000008009dba        0x2 
 .text.MX_USB_Device_Init
                0x0000000008009dbc       0x60 ./USB_Device/App/usb_device.o
                0x0000000008009dbc                MX_USB_Device_Init
 .text.CDC_Init_FS
                0x0000000008009e1c       0x28 ./USB_Device/App/usbd_cdc_if.o
 .text.CDC_DeInit_FS
                0x0000000008009e44       0x10 ./USB_Device/App/usbd_cdc_if.o
 .text.CDC_Control_FS
                0x0000000008009e54       0xbc ./USB_Device/App/usbd_cdc_if.o
 .text.CDC_Receive_FS
                0x0000000008009f10       0x30 ./USB_Device/App/usbd_cdc_if.o
 .text.CDC_Transmit_FS
                0x0000000008009f40       0x4c ./USB_Device/App/usbd_cdc_if.o
                0x0000000008009f40                CDC_Transmit_FS
 .text.CDC_TransmitCplt_FS
                0x0000000008009f8c       0x22 ./USB_Device/App/usbd_cdc_if.o
 *fill*         0x0000000008009fae        0x2 
 .text.USBD_CDC_DeviceDescriptor
                0x0000000008009fb0       0x24 ./USB_Device/App/usbd_desc.o
                0x0000000008009fb0                USBD_CDC_DeviceDescriptor
 .text.USBD_CDC_LangIDStrDescriptor
                0x0000000008009fd4       0x24 ./USB_Device/App/usbd_desc.o
                0x0000000008009fd4                USBD_CDC_LangIDStrDescriptor
 .text.USBD_CDC_ProductStrDescriptor
                0x0000000008009ff8       0x3c ./USB_Device/App/usbd_desc.o
                0x0000000008009ff8                USBD_CDC_ProductStrDescriptor
 .text.USBD_CDC_ManufacturerStrDescriptor
                0x000000000800a034       0x28 ./USB_Device/App/usbd_desc.o
                0x000000000800a034                USBD_CDC_ManufacturerStrDescriptor
 .text.USBD_CDC_SerialStrDescriptor
                0x000000000800a05c       0x24 ./USB_Device/App/usbd_desc.o
                0x000000000800a05c                USBD_CDC_SerialStrDescriptor
 .text.USBD_CDC_ConfigStrDescriptor
                0x000000000800a080       0x3c ./USB_Device/App/usbd_desc.o
                0x000000000800a080                USBD_CDC_ConfigStrDescriptor
 .text.USBD_CDC_InterfaceStrDescriptor
                0x000000000800a0bc       0x3c ./USB_Device/App/usbd_desc.o
                0x000000000800a0bc                USBD_CDC_InterfaceStrDescriptor
 .text.Get_SerialNum
                0x000000000800a0f8       0x58 ./USB_Device/App/usbd_desc.o
 .text.IntToUnicode
                0x000000000800a150       0x7e ./USB_Device/App/usbd_desc.o
 *fill*         0x000000000800a1ce        0x2 
 .text.HAL_PCD_MspInit
                0x000000000800a1d0       0x78 ./USB_Device/Target/usbd_conf.o
                0x000000000800a1d0                HAL_PCD_MspInit
 .text.HAL_PCD_SetupStageCallback
                0x000000000800a248       0x24 ./USB_Device/Target/usbd_conf.o
                0x000000000800a248                HAL_PCD_SetupStageCallback
 .text.HAL_PCD_DataOutStageCallback
                0x000000000800a26c       0x36 ./USB_Device/Target/usbd_conf.o
                0x000000000800a26c                HAL_PCD_DataOutStageCallback
 .text.HAL_PCD_DataInStageCallback
                0x000000000800a2a2       0x34 ./USB_Device/Target/usbd_conf.o
                0x000000000800a2a2                HAL_PCD_DataInStageCallback
 .text.HAL_PCD_SOFCallback
                0x000000000800a2d6       0x1c ./USB_Device/Target/usbd_conf.o
                0x000000000800a2d6                HAL_PCD_SOFCallback
 .text.HAL_PCD_ResetCallback
                0x000000000800a2f2       0x3c ./USB_Device/Target/usbd_conf.o
                0x000000000800a2f2                HAL_PCD_ResetCallback
 *fill*         0x000000000800a32e        0x2 
 .text.HAL_PCD_SuspendCallback
                0x000000000800a330       0x34 ./USB_Device/Target/usbd_conf.o
                0x000000000800a330                HAL_PCD_SuspendCallback
 .text.HAL_PCD_ResumeCallback
                0x000000000800a364       0x38 ./USB_Device/Target/usbd_conf.o
                0x000000000800a364                HAL_PCD_ResumeCallback
 .text.USBD_LL_Init
                0x000000000800a39c       0xc0 ./USB_Device/Target/usbd_conf.o
                0x000000000800a39c                USBD_LL_Init
 .text.USBD_LL_Start
                0x000000000800a45c       0x36 ./USB_Device/Target/usbd_conf.o
                0x000000000800a45c                USBD_LL_Start
 .text.USBD_LL_OpenEP
                0x000000000800a492       0x4c ./USB_Device/Target/usbd_conf.o
                0x000000000800a492                USBD_LL_OpenEP
 .text.USBD_LL_CloseEP
                0x000000000800a4de       0x3e ./USB_Device/Target/usbd_conf.o
                0x000000000800a4de                USBD_LL_CloseEP
 .text.USBD_LL_StallEP
                0x000000000800a51c       0x3e ./USB_Device/Target/usbd_conf.o
                0x000000000800a51c                USBD_LL_StallEP
 .text.USBD_LL_ClearStallEP
                0x000000000800a55a       0x3e ./USB_Device/Target/usbd_conf.o
                0x000000000800a55a                USBD_LL_ClearStallEP
 .text.USBD_LL_IsStallEP
                0x000000000800a598       0x5a ./USB_Device/Target/usbd_conf.o
                0x000000000800a598                USBD_LL_IsStallEP
 .text.USBD_LL_SetUSBAddress
                0x000000000800a5f2       0x3e ./USB_Device/Target/usbd_conf.o
                0x000000000800a5f2                USBD_LL_SetUSBAddress
 .text.USBD_LL_Transmit
                0x000000000800a630       0x42 ./USB_Device/Target/usbd_conf.o
                0x000000000800a630                USBD_LL_Transmit
 .text.USBD_LL_PrepareReceive
                0x000000000800a672       0x42 ./USB_Device/Target/usbd_conf.o
                0x000000000800a672                USBD_LL_PrepareReceive
 .text.USBD_LL_GetRxDataSize
                0x000000000800a6b4       0x26 ./USB_Device/Target/usbd_conf.o
                0x000000000800a6b4                USBD_LL_GetRxDataSize
 *fill*         0x000000000800a6da        0x2 
 .text.HAL_PCDEx_LPM_Callback
                0x000000000800a6dc       0x6c ./USB_Device/Target/usbd_conf.o
                0x000000000800a6dc                HAL_PCDEx_LPM_Callback
 .text.USBD_static_malloc
                0x000000000800a748       0x1c ./USB_Device/Target/usbd_conf.o
                0x000000000800a748                USBD_static_malloc
 .text.USBD_static_free
                0x000000000800a764       0x14 ./USB_Device/Target/usbd_conf.o
                0x000000000800a764                USBD_static_free
 .text.SystemClockConfig_Resume
                0x000000000800a778        0xc ./USB_Device/Target/usbd_conf.o
 .text.USBD_Get_USB_Status
                0x000000000800a784       0x58 ./USB_Device/Target/usbd_conf.o
 .text.__libc_init_array
                0x000000000800a7dc       0x48 c:/st/stm32cubeide_1.11.0/stm32cubeide/plugins/com.st.stm32cube.ide.mcu.externaltools.gnu-tools-for-stm32.10.3-2021.10.win32_1.0.100.202210260954/tools/bin/../lib/gcc/arm-none-eabi/10.3.1/../../../../arm-none-eabi/lib/thumb/v7e-m+fp/hard\libc_nano.a(lib_a-init.o)
                0x000000000800a7dc                __libc_init_array
 .text.memcpy   0x000000000800a824       0x1c c:/st/stm32cubeide_1.11.0/stm32cubeide/plugins/com.st.stm32cube.ide.mcu.externaltools.gnu-tools-for-stm32.10.3-2021.10.win32_1.0.100.202210260954/tools/bin/../lib/gcc/arm-none-eabi/10.3.1/../../../../arm-none-eabi/lib/thumb/v7e-m+fp/hard\libc_nano.a(lib_a-memcpy-stub.o)
                0x000000000800a824                memcpy
 .text.memset   0x000000000800a840       0x10 c:/st/stm32cubeide_1.11.0/stm32cubeide/plugins/com.st.stm32cube.ide.mcu.externaltools.gnu-tools-for-stm32.10.3-2021.10.win32_1.0.100.202210260954/tools/bin/../lib/gcc/arm-none-eabi/10.3.1/../../../../arm-none-eabi/lib/thumb/v7e-m+fp/hard\libc_nano.a(lib_a-memset.o)
                0x000000000800a840                memset
 *(.glue_7)
 .glue_7        0x000000000800a850        0x0 linker stubs
 *(.glue_7t)
 .glue_7t       0x000000000800a850        0x0 linker stubs
 *(.eh_frame)
 .eh_frame      0x000000000800a850        0x0 c:/st/stm32cubeide_1.11.0/stm32cubeide/plugins/com.st.stm32cube.ide.mcu.externaltools.gnu-tools-for-stm32.10.3-2021.10.win32_1.0.100.202210260954/tools/bin/../lib/gcc/arm-none-eabi/10.3.1/thumb/v7e-m+fp/hard/crtbegin.o
 *(.init)
 .init          0x000000000800a850        0x4 c:/st/stm32cubeide_1.11.0/stm32cubeide/plugins/com.st.stm32cube.ide.mcu.externaltools.gnu-tools-for-stm32.10.3-2021.10.win32_1.0.100.202210260954/tools/bin/../lib/gcc/arm-none-eabi/10.3.1/thumb/v7e-m+fp/hard/crti.o
                0x000000000800a850                _init
 .init          0x000000000800a854        0x8 c:/st/stm32cubeide_1.11.0/stm32cubeide/plugins/com.st.stm32cube.ide.mcu.externaltools.gnu-tools-for-stm32.10.3-2021.10.win32_1.0.100.202210260954/tools/bin/../lib/gcc/arm-none-eabi/10.3.1/thumb/v7e-m+fp/hard/crtn.o
 *(.fini)
 .fini          0x000000000800a85c        0x4 c:/st/stm32cubeide_1.11.0/stm32cubeide/plugins/com.st.stm32cube.ide.mcu.externaltools.gnu-tools-for-stm32.10.3-2021.10.win32_1.0.100.202210260954/tools/bin/../lib/gcc/arm-none-eabi/10.3.1/thumb/v7e-m+fp/hard/crti.o
                0x000000000800a85c                _fini
 .fini          0x000000000800a860        0x8 c:/st/stm32cubeide_1.11.0/stm32cubeide/plugins/com.st.stm32cube.ide.mcu.externaltools.gnu-tools-for-stm32.10.3-2021.10.win32_1.0.100.202210260954/tools/bin/../lib/gcc/arm-none-eabi/10.3.1/thumb/v7e-m+fp/hard/crtn.o
                0x000000000800a868                . = ALIGN (0x4)
                0x000000000800a868                _etext = .

.vfp11_veneer   0x000000000800a868        0x0
 .vfp11_veneer  0x000000000800a868        0x0 linker stubs

.v4_bx          0x000000000800a868        0x0
 .v4_bx         0x000000000800a868        0x0 linker stubs

.iplt           0x000000000800a868        0x0
 .iplt          0x000000000800a868        0x0 c:/st/stm32cubeide_1.11.0/stm32cubeide/plugins/com.st.stm32cube.ide.mcu.externaltools.gnu-tools-for-stm32.10.3-2021.10.win32_1.0.100.202210260954/tools/bin/../lib/gcc/arm-none-eabi/10.3.1/thumb/v7e-m+fp/hard/crtbegin.o

.rodata         0x000000000800a868       0x58
                0x000000000800a868                . = ALIGN (0x4)
 *(.rodata)
 .rodata        0x000000000800a868       0x46 ./USB_Device/App/usbd_desc.o
 *(.rodata*)
 *fill*         0x000000000800a8ae        0x2 
 .rodata.AHBPrescTable
                0x000000000800a8b0       0x10 ./Core/Src/system_stm32g4xx.o
                0x000000000800a8b0                AHBPrescTable
                0x000000000800a8c0                . = ALIGN (0x4)

.rel.dyn        0x000000000800a8c0        0x0
 .rel.iplt      0x000000000800a8c0        0x0 c:/st/stm32cubeide_1.11.0/stm32cubeide/plugins/com.st.stm32cube.ide.mcu.externaltools.gnu-tools-for-stm32.10.3-2021.10.win32_1.0.100.202210260954/tools/bin/../lib/gcc/arm-none-eabi/10.3.1/thumb/v7e-m+fp/hard/crtbegin.o

.ARM.extab      0x000000000800a8c0        0x0
                0x000000000800a8c0                . = ALIGN (0x4)
 *(.ARM.extab* .gnu.linkonce.armextab.*)
                0x000000000800a8c0                . = ALIGN (0x4)

.ARM            0x000000000800a8c0        0x0
                0x000000000800a8c0                . = ALIGN (0x4)
                0x000000000800a8c0                __exidx_start = .
 *(.ARM.exidx*)
                0x000000000800a8c0                __exidx_end = .
                0x000000000800a8c0                . = ALIGN (0x4)

.preinit_array  0x000000000800a8c0        0x0
                0x000000000800a8c0                . = ALIGN (0x4)
                0x000000000800a8c0                PROVIDE (__preinit_array_start = .)
 *(.preinit_array*)
                0x000000000800a8c0                PROVIDE (__preinit_array_end = .)
                0x000000000800a8c0                . = ALIGN (0x4)

.init_array     0x000000000800a8c0        0x4
                0x000000000800a8c0                . = ALIGN (0x4)
                0x000000000800a8c0                PROVIDE (__init_array_start = .)
 *(SORT_BY_NAME(.init_array.*))
 *(.init_array*)
 .init_array    0x000000000800a8c0        0x4 c:/st/stm32cubeide_1.11.0/stm32cubeide/plugins/com.st.stm32cube.ide.mcu.externaltools.gnu-tools-for-stm32.10.3-2021.10.win32_1.0.100.202210260954/tools/bin/../lib/gcc/arm-none-eabi/10.3.1/thumb/v7e-m+fp/hard/crtbegin.o
                0x000000000800a8c4                PROVIDE (__init_array_end = .)
                0x000000000800a8c4                . = ALIGN (0x4)

.fini_array     0x000000000800a8c4        0x4
                0x000000000800a8c4                . = ALIGN (0x4)
                [!provide]                        PROVIDE (__fini_array_start = .)
 *(SORT_BY_NAME(.fini_array.*))
 *(.fini_array*)
 .fini_array    0x000000000800a8c4        0x4 c:/st/stm32cubeide_1.11.0/stm32cubeide/plugins/com.st.stm32cube.ide.mcu.externaltools.gnu-tools-for-stm32.10.3-2021.10.win32_1.0.100.202210260954/tools/bin/../lib/gcc/arm-none-eabi/10.3.1/thumb/v7e-m+fp/hard/crtbegin.o
                [!provide]                        PROVIDE (__fini_array_end = .)
                0x000000000800a8c8                . = ALIGN (0x4)
                0x000000000800a8c8                _sidata = LOADADDR (.data)

.data           0x0000000020000000      0x1ac load address 0x000000000800a8c8
                0x0000000020000000                . = ALIGN (0x4)
                0x0000000020000000                _sdata = .
 *(.data)
 *(.data*)
 .data.motorControl_1
                0x0000000020000000        0xc ./Core/Src/main.o
                0x0000000020000000                motorControl_1
 .data.motorControl_2
                0x000000002000000c        0xc ./Core/Src/main.o
                0x000000002000000c                motorControl_2
 .data.motorControl_3
                0x0000000020000018        0xc ./Core/Src/main.o
                0x0000000020000018                motorControl_3
 .data.nsleepPwmValues
                0x0000000020000024        0x4 ./Core/Src/main.o
                0x0000000020000024                nsleepPwmValues
 .data.SystemCoreClock
                0x0000000020000028        0x4 ./Core/Src/system_stm32g4xx.o
                0x0000000020000028                SystemCoreClock
 .data.uwTickPrio
                0x000000002000002c        0x4 ./Drivers/STM32G4xx_HAL_Driver/Src/stm32g4xx_hal.o
                0x000000002000002c                uwTickPrio
 .data.uwTickFreq
                0x0000000020000030        0x4 ./Drivers/STM32G4xx_HAL_Driver/Src/stm32g4xx_hal.o
                0x0000000020000030                uwTickFreq
 .data.USBD_CDC_DeviceQualifierDesc
                0x0000000020000034        0xa ./Middlewares/ST/STM32_USB_Device_Library/Class/CDC/Src/usbd_cdc.o
 *fill*         0x000000002000003e        0x2 
 .data.USBD_CDC
                0x0000000020000040       0x38 ./Middlewares/ST/STM32_USB_Device_Library/Class/CDC/Src/usbd_cdc.o
                0x0000000020000040                USBD_CDC
 .data.USBD_CDC_CfgHSDesc
                0x0000000020000078       0x43 ./Middlewares/ST/STM32_USB_Device_Library/Class/CDC/Src/usbd_cdc.o
 *fill*         0x00000000200000bb        0x1 
 .data.USBD_CDC_CfgFSDesc
                0x00000000200000bc       0x43 ./Middlewares/ST/STM32_USB_Device_Library/Class/CDC/Src/usbd_cdc.o
 *fill*         0x00000000200000ff        0x1 
 .data.USBD_CDC_OtherSpeedCfgDesc
                0x0000000020000100       0x43 ./Middlewares/ST/STM32_USB_Device_Library/Class/CDC/Src/usbd_cdc.o
 *fill*         0x0000000020000143        0x1 
 .data.USBD_Interface_fops_FS
                0x0000000020000144       0x14 ./USB_Device/App/usbd_cdc_if.o
                0x0000000020000144                USBD_Interface_fops_FS
 .data.CDC_Desc
                0x0000000020000158       0x20 ./USB_Device/App/usbd_desc.o
                0x0000000020000158                CDC_Desc
 .data.USBD_CDC_DeviceDesc
                0x0000000020000178       0x12 ./USB_Device/App/usbd_desc.o
                0x0000000020000178                USBD_CDC_DeviceDesc
 *fill*         0x000000002000018a        0x2 
 .data.USBD_LangIDDesc
                0x000000002000018c        0x4 ./USB_Device/App/usbd_desc.o
                0x000000002000018c                USBD_LangIDDesc
 .data.USBD_StringSerial
                0x0000000020000190       0x1a ./USB_Device/App/usbd_desc.o
                0x0000000020000190                USBD_StringSerial
 *(.RamFunc)
 *(.RamFunc*)
                0x00000000200001ac                . = ALIGN (0x4)
 *fill*         0x00000000200001aa        0x2 
                0x00000000200001ac                _edata = .

.igot.plt       0x00000000200001ac        0x0 load address 0x000000000800aa74
 .igot.plt      0x00000000200001ac        0x0 c:/st/stm32cubeide_1.11.0/stm32cubeide/plugins/com.st.stm32cube.ide.mcu.externaltools.gnu-tools-for-stm32.10.3-2021.10.win32_1.0.100.202210260954/tools/bin/../lib/gcc/arm-none-eabi/10.3.1/thumb/v7e-m+fp/hard/crtbegin.o
                0x00000000200001ac                . = ALIGN (0x4)

.bss            0x00000000200001ac     0x13f8 load address 0x000000000800aa74
                0x00000000200001ac                _sbss = .
                0x00000000200001ac                __bss_start__ = _sbss
 *(.bss)
 .bss           0x00000000200001ac       0x1c c:/st/stm32cubeide_1.11.0/stm32cubeide/plugins/com.st.stm32cube.ide.mcu.externaltools.gnu-tools-for-stm32.10.3-2021.10.win32_1.0.100.202210260954/tools/bin/../lib/gcc/arm-none-eabi/10.3.1/thumb/v7e-m+fp/hard/crtbegin.o
 *(.bss*)
 .bss.htim1     0x00000000200001c8       0x4c ./Core/Src/main.o
                0x00000000200001c8                htim1
 .bss.htim2     0x0000000020000214       0x4c ./Core/Src/main.o
                0x0000000020000214                htim2
 .bss.htim3     0x0000000020000260       0x4c ./Core/Src/main.o
                0x0000000020000260                htim3
 .bss.htim4     0x00000000200002ac       0x4c ./Core/Src/main.o
                0x00000000200002ac                htim4
 .bss.htim6     0x00000000200002f8       0x4c ./Core/Src/main.o
                0x00000000200002f8                htim6
 .bss.htim8     0x0000000020000344       0x4c ./Core/Src/main.o
                0x0000000020000344                htim8
 .bss.htim16    0x0000000020000390       0x4c ./Core/Src/main.o
                0x0000000020000390                htim16
 .bss.command   0x00000000200003dc        0xa ./Core/Src/main.o
                0x00000000200003dc                command
 .bss.isCommandReceived
                0x00000000200003e6        0x1 ./Core/Src/main.o
                0x00000000200003e6                isCommandReceived
 *fill*         0x00000000200003e7        0x1 
 .bss.uwTick    0x00000000200003e8        0x4 ./Drivers/STM32G4xx_HAL_Driver/Src/stm32g4xx_hal.o
                0x00000000200003e8                uwTick
 .bss.cfgidx.0  0x00000000200003ec        0x1 ./Middlewares/ST/STM32_USB_Device_Library/Core/Src/usbd_ctlreq.o
 *fill*         0x00000000200003ed        0x3 
 .bss.hUsbDeviceFS
                0x00000000200003f0      0x2d0 ./USB_Device/App/usb_device.o
                0x00000000200003f0                hUsbDeviceFS
 .bss.UserRxBufferFS
                0x00000000200006c0      0x3e8 ./USB_Device/App/usbd_cdc_if.o
                0x00000000200006c0                UserRxBufferFS
 .bss.UserTxBufferFS
                0x0000000020000aa8      0x3e8 ./USB_Device/App/usbd_cdc_if.o
                0x0000000020000aa8                UserTxBufferFS
 .bss.USBD_StrDesc
                0x0000000020000e90      0x200 ./USB_Device/App/usbd_desc.o
                0x0000000020000e90                USBD_StrDesc
 .bss.hpcd_USB_FS
                0x0000000020001090      0x2f4 ./USB_Device/Target/usbd_conf.o
                0x0000000020001090                hpcd_USB_FS
 .bss.mem.0     0x0000000020001384      0x220 ./USB_Device/Target/usbd_conf.o
 *(COMMON)
                0x00000000200015a4                . = ALIGN (0x4)
                0x00000000200015a4                _ebss = .
                0x00000000200015a4                __bss_end__ = _ebss

._user_heap_stack
                0x00000000200015a4      0x604 load address 0x000000000800aa74
                0x00000000200015a8                . = ALIGN (0x8)
 *fill*         0x00000000200015a4        0x4 
                [!provide]                        PROVIDE (end = .)
                0x00000000200015a8                PROVIDE (_end = .)
                0x00000000200017a8                . = (. + _Min_Heap_Size)
 *fill*         0x00000000200015a8      0x200 
                0x0000000020001ba8                . = (. + _Min_Stack_Size)
 *fill*         0x00000000200017a8      0x400 
                0x0000000020001ba8                . = ALIGN (0x8)

/DISCARD/
 libc.a(*)
 libm.a(*)
 libgcc.a(*)

.ARM.attributes
                0x0000000000000000       0x30
 *(.ARM.attributes)
 .ARM.attributes
                0x0000000000000000       0x1e c:/st/stm32cubeide_1.11.0/stm32cubeide/plugins/com.st.stm32cube.ide.mcu.externaltools.gnu-tools-for-stm32.10.3-2021.10.win32_1.0.100.202210260954/tools/bin/../lib/gcc/arm-none-eabi/10.3.1/thumb/v7e-m+fp/hard/crti.o
 .ARM.attributes
                0x000000000000001e       0x34 c:/st/stm32cubeide_1.11.0/stm32cubeide/plugins/com.st.stm32cube.ide.mcu.externaltools.gnu-tools-for-stm32.10.3-2021.10.win32_1.0.100.202210260954/tools/bin/../lib/gcc/arm-none-eabi/10.3.1/thumb/v7e-m+fp/hard/crtbegin.o
 .ARM.attributes
                0x0000000000000052       0x34 ./Core/Src/main.o
 .ARM.attributes
                0x0000000000000086       0x34 ./Core/Src/stm32g4xx_hal_msp.o
 .ARM.attributes
                0x00000000000000ba       0x34 ./Core/Src/stm32g4xx_it.o
 .ARM.attributes
                0x00000000000000ee       0x34 ./Core/Src/system_stm32g4xx.o
 .ARM.attributes
                0x0000000000000122       0x21 ./Core/Startup/startup_stm32g441kbtx.o
 .ARM.attributes
                0x0000000000000143       0x34 ./Drivers/STM32G4xx_HAL_Driver/Src/stm32g4xx_hal.o
 .ARM.attributes
                0x0000000000000177       0x34 ./Drivers/STM32G4xx_HAL_Driver/Src/stm32g4xx_hal_cortex.o
 .ARM.attributes
                0x00000000000001ab       0x34 ./Drivers/STM32G4xx_HAL_Driver/Src/stm32g4xx_hal_dma.o
 .ARM.attributes
                0x00000000000001df       0x34 ./Drivers/STM32G4xx_HAL_Driver/Src/stm32g4xx_hal_gpio.o
 .ARM.attributes
                0x0000000000000213       0x34 ./Drivers/STM32G4xx_HAL_Driver/Src/stm32g4xx_hal_pcd.o
 .ARM.attributes
                0x0000000000000247       0x34 ./Drivers/STM32G4xx_HAL_Driver/Src/stm32g4xx_hal_pcd_ex.o
 .ARM.attributes
                0x000000000000027b       0x34 ./Drivers/STM32G4xx_HAL_Driver/Src/stm32g4xx_hal_pwr_ex.o
 .ARM.attributes
                0x00000000000002af       0x34 ./Drivers/STM32G4xx_HAL_Driver/Src/stm32g4xx_hal_rcc.o
 .ARM.attributes
                0x00000000000002e3       0x34 ./Drivers/STM32G4xx_HAL_Driver/Src/stm32g4xx_hal_rcc_ex.o
 .ARM.attributes
                0x0000000000000317       0x34 ./Drivers/STM32G4xx_HAL_Driver/Src/stm32g4xx_hal_tim.o
 .ARM.attributes
                0x000000000000034b       0x34 ./Drivers/STM32G4xx_HAL_Driver/Src/stm32g4xx_hal_tim_ex.o
 .ARM.attributes
                0x000000000000037f       0x34 ./Drivers/STM32G4xx_HAL_Driver/Src/stm32g4xx_ll_usb.o
 .ARM.attributes
                0x00000000000003b3       0x34 ./Middlewares/ST/STM32_USB_Device_Library/Class/CDC/Src/usbd_cdc.o
 .ARM.attributes
                0x00000000000003e7       0x34 ./Middlewares/ST/STM32_USB_Device_Library/Core/Src/usbd_core.o
 .ARM.attributes
                0x000000000000041b       0x34 ./Middlewares/ST/STM32_USB_Device_Library/Core/Src/usbd_ctlreq.o
 .ARM.attributes
                0x000000000000044f       0x34 ./Middlewares/ST/STM32_USB_Device_Library/Core/Src/usbd_ioreq.o
 .ARM.attributes
                0x0000000000000483       0x34 ./USB_Device/App/usb_device.o
 .ARM.attributes
                0x00000000000004b7       0x34 ./USB_Device/App/usbd_cdc_if.o
 .ARM.attributes
                0x00000000000004eb       0x34 ./USB_Device/App/usbd_desc.o
 .ARM.attributes
                0x000000000000051f       0x34 ./USB_Device/Target/usbd_conf.o
 .ARM.attributes
                0x0000000000000553       0x34 c:/st/stm32cubeide_1.11.0/stm32cubeide/plugins/com.st.stm32cube.ide.mcu.externaltools.gnu-tools-for-stm32.10.3-2021.10.win32_1.0.100.202210260954/tools/bin/../lib/gcc/arm-none-eabi/10.3.1/../../../../arm-none-eabi/lib/thumb/v7e-m+fp/hard\libc_nano.a(lib_a-init.o)
 .ARM.attributes
                0x0000000000000587       0x34 c:/st/stm32cubeide_1.11.0/stm32cubeide/plugins/com.st.stm32cube.ide.mcu.externaltools.gnu-tools-for-stm32.10.3-2021.10.win32_1.0.100.202210260954/tools/bin/../lib/gcc/arm-none-eabi/10.3.1/../../../../arm-none-eabi/lib/thumb/v7e-m+fp/hard\libc_nano.a(lib_a-memcpy-stub.o)
 .ARM.attributes
                0x00000000000005bb       0x34 c:/st/stm32cubeide_1.11.0/stm32cubeide/plugins/com.st.stm32cube.ide.mcu.externaltools.gnu-tools-for-stm32.10.3-2021.10.win32_1.0.100.202210260954/tools/bin/../lib/gcc/arm-none-eabi/10.3.1/../../../../arm-none-eabi/lib/thumb/v7e-m+fp/hard\libc_nano.a(lib_a-memset.o)
 .ARM.attributes
                0x00000000000005ef       0x1e c:/st/stm32cubeide_1.11.0/stm32cubeide/plugins/com.st.stm32cube.ide.mcu.externaltools.gnu-tools-for-stm32.10.3-2021.10.win32_1.0.100.202210260954/tools/bin/../lib/gcc/arm-none-eabi/10.3.1/thumb/v7e-m+fp/hard/crtn.o
OUTPUT(snax.elf elf32-littlearm)
LOAD linker stubs
LOAD c:/st/stm32cubeide_1.11.0/stm32cubeide/plugins/com.st.stm32cube.ide.mcu.externaltools.gnu-tools-for-stm32.10.3-2021.10.win32_1.0.100.202210260954/tools/bin/../lib/gcc/arm-none-eabi/10.3.1/../../../../arm-none-eabi/lib/thumb/v7e-m+fp/hard\libc.a
LOAD c:/st/stm32cubeide_1.11.0/stm32cubeide/plugins/com.st.stm32cube.ide.mcu.externaltools.gnu-tools-for-stm32.10.3-2021.10.win32_1.0.100.202210260954/tools/bin/../lib/gcc/arm-none-eabi/10.3.1/../../../../arm-none-eabi/lib/thumb/v7e-m+fp/hard\libm.a
LOAD c:/st/stm32cubeide_1.11.0/stm32cubeide/plugins/com.st.stm32cube.ide.mcu.externaltools.gnu-tools-for-stm32.10.3-2021.10.win32_1.0.100.202210260954/tools/bin/../lib/gcc/arm-none-eabi/10.3.1/thumb/v7e-m+fp/hard\libgcc.a

.debug_info     0x0000000000000000    0x1728c
 .debug_info    0x0000000000000000     0x1b09 ./Core/Src/main.o
 .debug_info    0x0000000000001b09     0x1167 ./Core/Src/stm32g4xx_hal_msp.o
 .debug_info    0x0000000000002c70      0xe06 ./Core/Src/stm32g4xx_it.o
 .debug_info    0x0000000000003a76      0x59f ./Core/Src/system_stm32g4xx.o
 .debug_info    0x0000000000004015       0x22 ./Core/Startup/startup_stm32g441kbtx.o
 .debug_info    0x0000000000004037      0xae9 ./Drivers/STM32G4xx_HAL_Driver/Src/stm32g4xx_hal.o
 .debug_info    0x0000000000004b20      0xdca ./Drivers/STM32G4xx_HAL_Driver/Src/stm32g4xx_hal_cortex.o
 .debug_info    0x00000000000058ea      0x8ee ./Drivers/STM32G4xx_HAL_Driver/Src/stm32g4xx_hal_dma.o
 .debug_info    0x00000000000061d8      0x82f ./Drivers/STM32G4xx_HAL_Driver/Src/stm32g4xx_hal_gpio.o
 .debug_info    0x0000000000006a07     0x16ac ./Drivers/STM32G4xx_HAL_Driver/Src/stm32g4xx_hal_pcd.o
 .debug_info    0x00000000000080b3      0x890 ./Drivers/STM32G4xx_HAL_Driver/Src/stm32g4xx_hal_pcd_ex.o
 .debug_info    0x0000000000008943      0x983 ./Drivers/STM32G4xx_HAL_Driver/Src/stm32g4xx_hal_pwr_ex.o
 .debug_info    0x00000000000092c6      0xc53 ./Drivers/STM32G4xx_HAL_Driver/Src/stm32g4xx_hal_rcc.o
 .debug_info    0x0000000000009f19      0xcfe ./Drivers/STM32G4xx_HAL_Driver/Src/stm32g4xx_hal_rcc_ex.o
 .debug_info    0x000000000000ac17     0x2e83 ./Drivers/STM32G4xx_HAL_Driver/Src/stm32g4xx_hal_tim.o
 .debug_info    0x000000000000da9a     0x1eea ./Drivers/STM32G4xx_HAL_Driver/Src/stm32g4xx_hal_tim_ex.o
 .debug_info    0x000000000000f984     0x1675 ./Drivers/STM32G4xx_HAL_Driver/Src/stm32g4xx_ll_usb.o
 .debug_info    0x0000000000010ff9     0x11c1 ./Middlewares/ST/STM32_USB_Device_Library/Class/CDC/Src/usbd_cdc.o
 .debug_info    0x00000000000121ba      0xbcd ./Middlewares/ST/STM32_USB_Device_Library/Core/Src/usbd_core.o
 .debug_info    0x0000000000012d87      0xae0 ./Middlewares/ST/STM32_USB_Device_Library/Core/Src/usbd_ctlreq.o
 .debug_info    0x0000000000013867      0x78f ./Middlewares/ST/STM32_USB_Device_Library/Core/Src/usbd_ioreq.o
 .debug_info    0x0000000000013ff6      0x71f ./USB_Device/App/usb_device.o
 .debug_info    0x0000000000014715      0x93c ./USB_Device/App/usbd_cdc_if.o
 .debug_info    0x0000000000015051      0x49b ./USB_Device/App/usbd_desc.o
 .debug_info    0x00000000000154ec     0x1da0 ./USB_Device/Target/usbd_conf.o

.debug_abbrev   0x0000000000000000     0x3748
 .debug_abbrev  0x0000000000000000      0x323 ./Core/Src/main.o
 .debug_abbrev  0x0000000000000323      0x257 ./Core/Src/stm32g4xx_hal_msp.o
 .debug_abbrev  0x000000000000057a      0x1e6 ./Core/Src/stm32g4xx_it.o
 .debug_abbrev  0x0000000000000760      0x116 ./Core/Src/system_stm32g4xx.o
 .debug_abbrev  0x0000000000000876       0x12 ./Core/Startup/startup_stm32g441kbtx.o
 .debug_abbrev  0x0000000000000888      0x269 ./Drivers/STM32G4xx_HAL_Driver/Src/stm32g4xx_hal.o
 .debug_abbrev  0x0000000000000af1      0x30d ./Drivers/STM32G4xx_HAL_Driver/Src/stm32g4xx_hal_cortex.o
 .debug_abbrev  0x0000000000000dfe      0x1d7 ./Drivers/STM32G4xx_HAL_Driver/Src/stm32g4xx_hal_dma.o
 .debug_abbrev  0x0000000000000fd5      0x1bb ./Drivers/STM32G4xx_HAL_Driver/Src/stm32g4xx_hal_gpio.o
 .debug_abbrev  0x0000000000001190      0x2a4 ./Drivers/STM32G4xx_HAL_Driver/Src/stm32g4xx_hal_pcd.o
 .debug_abbrev  0x0000000000001434      0x21d ./Drivers/STM32G4xx_HAL_Driver/Src/stm32g4xx_hal_pcd_ex.o
 .debug_abbrev  0x0000000000001651      0x229 ./Drivers/STM32G4xx_HAL_Driver/Src/stm32g4xx_hal_pwr_ex.o
 .debug_abbrev  0x000000000000187a      0x2bd ./Drivers/STM32G4xx_HAL_Driver/Src/stm32g4xx_hal_rcc.o
 .debug_abbrev  0x0000000000001b37      0x247 ./Drivers/STM32G4xx_HAL_Driver/Src/stm32g4xx_hal_rcc_ex.o
 .debug_abbrev  0x0000000000001d7e      0x28e ./Drivers/STM32G4xx_HAL_Driver/Src/stm32g4xx_hal_tim.o
 .debug_abbrev  0x000000000000200c      0x2ab ./Drivers/STM32G4xx_HAL_Driver/Src/stm32g4xx_hal_tim_ex.o
 .debug_abbrev  0x00000000000022b7      0x22f ./Drivers/STM32G4xx_HAL_Driver/Src/stm32g4xx_ll_usb.o
 .debug_abbrev  0x00000000000024e6      0x2a6 ./Middlewares/ST/STM32_USB_Device_Library/Class/CDC/Src/usbd_cdc.o
 .debug_abbrev  0x000000000000278c      0x23d ./Middlewares/ST/STM32_USB_Device_Library/Core/Src/usbd_core.o
 .debug_abbrev  0x00000000000029c9      0x26d ./Middlewares/ST/STM32_USB_Device_Library/Core/Src/usbd_ctlreq.o
 .debug_abbrev  0x0000000000002c36      0x19b ./Middlewares/ST/STM32_USB_Device_Library/Core/Src/usbd_ioreq.o
 .debug_abbrev  0x0000000000002dd1      0x19b ./USB_Device/App/usb_device.o
 .debug_abbrev  0x0000000000002f6c      0x2b6 ./USB_Device/App/usbd_cdc_if.o
 .debug_abbrev  0x0000000000003222      0x209 ./USB_Device/App/usbd_desc.o
 .debug_abbrev  0x000000000000342b      0x31d ./USB_Device/Target/usbd_conf.o

.debug_aranges  0x0000000000000000     0x13d8
 .debug_aranges
                0x0000000000000000       0xa0 ./Core/Src/main.o
 .debug_aranges
                0x00000000000000a0       0x58 ./Core/Src/stm32g4xx_hal_msp.o
 .debug_aranges
                0x00000000000000f8       0x70 ./Core/Src/stm32g4xx_it.o
 .debug_aranges
                0x0000000000000168       0x28 ./Core/Src/system_stm32g4xx.o
 .debug_aranges
                0x0000000000000190       0x28 ./Core/Startup/startup_stm32g441kbtx.o
 .debug_aranges
                0x00000000000001b8      0x130 ./Drivers/STM32G4xx_HAL_Driver/Src/stm32g4xx_hal.o
 .debug_aranges
                0x00000000000002e8      0x118 ./Drivers/STM32G4xx_HAL_Driver/Src/stm32g4xx_hal_cortex.o
 .debug_aranges
                0x0000000000000400       0x90 ./Drivers/STM32G4xx_HAL_Driver/Src/stm32g4xx_hal_dma.o
 .debug_aranges
                0x0000000000000490       0x58 ./Drivers/STM32G4xx_HAL_Driver/Src/stm32g4xx_hal_gpio.o
 .debug_aranges
                0x00000000000004e8      0x130 ./Drivers/STM32G4xx_HAL_Driver/Src/stm32g4xx_hal_pcd.o
 .debug_aranges
                0x0000000000000618       0x58 ./Drivers/STM32G4xx_HAL_Driver/Src/stm32g4xx_hal_pcd_ex.o
 .debug_aranges
                0x0000000000000670      0x140 ./Drivers/STM32G4xx_HAL_Driver/Src/stm32g4xx_hal_pwr_ex.o
 .debug_aranges
                0x00000000000007b0       0x98 ./Drivers/STM32G4xx_HAL_Driver/Src/stm32g4xx_hal_rcc.o
 .debug_aranges
                0x0000000000000848       0xb0 ./Drivers/STM32G4xx_HAL_Driver/Src/stm32g4xx_hal_rcc_ex.o
 .debug_aranges
                0x00000000000008f8      0x3e0 ./Drivers/STM32G4xx_HAL_Driver/Src/stm32g4xx_hal_tim.o
 .debug_aranges
                0x0000000000000cd8      0x240 ./Drivers/STM32G4xx_HAL_Driver/Src/stm32g4xx_hal_tim_ex.o
 .debug_aranges
                0x0000000000000f18       0xb0 ./Drivers/STM32G4xx_HAL_Driver/Src/stm32g4xx_ll_usb.o
 .debug_aranges
                0x0000000000000fc8       0x90 ./Middlewares/ST/STM32_USB_Device_Library/Class/CDC/Src/usbd_cdc.o
 .debug_aranges
                0x0000000000001058       0xb8 ./Middlewares/ST/STM32_USB_Device_Library/Core/Src/usbd_core.o
 .debug_aranges
                0x0000000000001110       0x90 ./Middlewares/ST/STM32_USB_Device_Library/Core/Src/usbd_ctlreq.o
 .debug_aranges
                0x00000000000011a0       0x50 ./Middlewares/ST/STM32_USB_Device_Library/Core/Src/usbd_ioreq.o
 .debug_aranges
                0x00000000000011f0       0x20 ./USB_Device/App/usb_device.o
 .debug_aranges
                0x0000000000001210       0x48 ./USB_Device/App/usbd_cdc_if.o
 .debug_aranges
                0x0000000000001258       0x60 ./USB_Device/App/usbd_desc.o
 .debug_aranges
                0x00000000000012b8      0x120 ./USB_Device/Target/usbd_conf.o

.debug_ranges   0x0000000000000000     0x1250
 .debug_ranges  0x0000000000000000       0x90 ./Core/Src/main.o
 .debug_ranges  0x0000000000000090       0x48 ./Core/Src/stm32g4xx_hal_msp.o
 .debug_ranges  0x00000000000000d8       0x60 ./Core/Src/stm32g4xx_it.o
 .debug_ranges  0x0000000000000138       0x18 ./Core/Src/system_stm32g4xx.o
 .debug_ranges  0x0000000000000150       0x20 ./Core/Startup/startup_stm32g441kbtx.o
 .debug_ranges  0x0000000000000170      0x120 ./Drivers/STM32G4xx_HAL_Driver/Src/stm32g4xx_hal.o
 .debug_ranges  0x0000000000000290      0x108 ./Drivers/STM32G4xx_HAL_Driver/Src/stm32g4xx_hal_cortex.o
 .debug_ranges  0x0000000000000398       0x80 ./Drivers/STM32G4xx_HAL_Driver/Src/stm32g4xx_hal_dma.o
 .debug_ranges  0x0000000000000418       0x48 ./Drivers/STM32G4xx_HAL_Driver/Src/stm32g4xx_hal_gpio.o
 .debug_ranges  0x0000000000000460      0x120 ./Drivers/STM32G4xx_HAL_Driver/Src/stm32g4xx_hal_pcd.o
 .debug_ranges  0x0000000000000580       0x48 ./Drivers/STM32G4xx_HAL_Driver/Src/stm32g4xx_hal_pcd_ex.o
 .debug_ranges  0x00000000000005c8      0x130 ./Drivers/STM32G4xx_HAL_Driver/Src/stm32g4xx_hal_pwr_ex.o
 .debug_ranges  0x00000000000006f8       0x88 ./Drivers/STM32G4xx_HAL_Driver/Src/stm32g4xx_hal_rcc.o
 .debug_ranges  0x0000000000000780       0xa0 ./Drivers/STM32G4xx_HAL_Driver/Src/stm32g4xx_hal_rcc_ex.o
 .debug_ranges  0x0000000000000820      0x3d0 ./Drivers/STM32G4xx_HAL_Driver/Src/stm32g4xx_hal_tim.o
 .debug_ranges  0x0000000000000bf0      0x230 ./Drivers/STM32G4xx_HAL_Driver/Src/stm32g4xx_hal_tim_ex.o
 .debug_ranges  0x0000000000000e20       0xa0 ./Drivers/STM32G4xx_HAL_Driver/Src/stm32g4xx_ll_usb.o
 .debug_ranges  0x0000000000000ec0       0x80 ./Middlewares/ST/STM32_USB_Device_Library/Class/CDC/Src/usbd_cdc.o
 .debug_ranges  0x0000000000000f40       0xa8 ./Middlewares/ST/STM32_USB_Device_Library/Core/Src/usbd_core.o
 .debug_ranges  0x0000000000000fe8       0x80 ./Middlewares/ST/STM32_USB_Device_Library/Core/Src/usbd_ctlreq.o
 .debug_ranges  0x0000000000001068       0x40 ./Middlewares/ST/STM32_USB_Device_Library/Core/Src/usbd_ioreq.o
 .debug_ranges  0x00000000000010a8       0x10 ./USB_Device/App/usb_device.o
 .debug_ranges  0x00000000000010b8       0x38 ./USB_Device/App/usbd_cdc_if.o
 .debug_ranges  0x00000000000010f0       0x50 ./USB_Device/App/usbd_desc.o
 .debug_ranges  0x0000000000001140      0x110 ./USB_Device/Target/usbd_conf.o

.debug_macro    0x0000000000000000    0x20e1d
 .debug_macro   0x0000000000000000      0x422 ./Core/Src/main.o
 .debug_macro   0x0000000000000422      0xa78 ./Core/Src/main.o
 .debug_macro   0x0000000000000e9a      0x15b ./Core/Src/main.o
 .debug_macro   0x0000000000000ff5       0x2e ./Core/Src/main.o
 .debug_macro   0x0000000000001023       0x28 ./Core/Src/main.o
 .debug_macro   0x000000000000104b       0x22 ./Core/Src/main.o
 .debug_macro   0x000000000000106d       0x8e ./Core/Src/main.o
 .debug_macro   0x00000000000010fb       0x51 ./Core/Src/main.o
 .debug_macro   0x000000000000114c      0x103 ./Core/Src/main.o
 .debug_macro   0x000000000000124f       0x6a ./Core/Src/main.o
 .debug_macro   0x00000000000012b9      0x1df ./Core/Src/main.o
 .debug_macro   0x0000000000001498       0x1c ./Core/Src/main.o
 .debug_macro   0x00000000000014b4       0x22 ./Core/Src/main.o
 .debug_macro   0x00000000000014d6       0xfb ./Core/Src/main.o
 .debug_macro   0x00000000000015d1     0x1011 ./Core/Src/main.o
 .debug_macro   0x00000000000025e2      0x11f ./Core/Src/main.o
 .debug_macro   0x0000000000002701    0x11778 ./Core/Src/main.o
 .debug_macro   0x0000000000013e79       0x6d ./Core/Src/main.o
 .debug_macro   0x0000000000013ee6     0x3554 ./Core/Src/main.o
 .debug_macro   0x000000000001743a      0x174 ./Core/Src/main.o
 .debug_macro   0x00000000000175ae       0x5c ./Core/Src/main.o
 .debug_macro   0x000000000001760a     0x1463 ./Core/Src/main.o
 .debug_macro   0x0000000000018a6d      0x535 ./Core/Src/main.o
 .debug_macro   0x0000000000018fa2      0x1b6 ./Core/Src/main.o
 .debug_macro   0x0000000000019158      0x288 ./Core/Src/main.o
 .debug_macro   0x00000000000193e0      0x41d ./Core/Src/main.o
 .debug_macro   0x00000000000197fd      0x18b ./Core/Src/main.o
 .debug_macro   0x0000000000019988       0x43 ./Core/Src/main.o
 .debug_macro   0x00000000000199cb      0x23d ./Core/Src/main.o
 .debug_macro   0x0000000000019c08      0x211 ./Core/Src/main.o
 .debug_macro   0x0000000000019e19      0x401 ./Core/Src/main.o
 .debug_macro   0x000000000001a21a      0x107 ./Core/Src/main.o
 .debug_macro   0x000000000001a321       0x6c ./Core/Src/main.o
 .debug_macro   0x000000000001a38d      0x234 ./Core/Src/main.o
 .debug_macro   0x000000000001a5c1      0x122 ./Core/Src/main.o
 .debug_macro   0x000000000001a6e3      0x3d1 ./Core/Src/main.o
 .debug_macro   0x000000000001aab4      0xbbe ./Core/Src/main.o
 .debug_macro   0x000000000001b672      0x47e ./Core/Src/main.o
 .debug_macro   0x000000000001baf0      0x306 ./Core/Src/main.o
 .debug_macro   0x000000000001bdf6       0xd0 ./Core/Src/main.o
 .debug_macro   0x000000000001bec6       0x52 ./Core/Src/main.o
 .debug_macro   0x000000000001bf18       0x1e ./Core/Src/main.o
 .debug_macro   0x000000000001bf36       0x3c ./Core/Src/main.o
 .debug_macro   0x000000000001bf72       0x34 ./Core/Src/main.o
 .debug_macro   0x000000000001bfa6       0x16 ./Core/Src/main.o
 .debug_macro   0x000000000001bfbc       0x35 ./Core/Src/main.o
 .debug_macro   0x000000000001bff1      0x341 ./Core/Src/main.o
 .debug_macro   0x000000000001c332       0x10 ./Core/Src/main.o
 .debug_macro   0x000000000001c342       0x16 ./Core/Src/main.o
 .debug_macro   0x000000000001c358       0x43 ./Core/Src/main.o
 .debug_macro   0x000000000001c39b       0x34 ./Core/Src/main.o
 .debug_macro   0x000000000001c3cf       0x10 ./Core/Src/main.o
 .debug_macro   0x000000000001c3df       0x58 ./Core/Src/main.o
 .debug_macro   0x000000000001c437       0x71 ./Core/Src/main.o
 .debug_macro   0x000000000001c4a8       0x1c ./Core/Src/main.o
 .debug_macro   0x000000000001c4c4      0x12a ./Core/Src/main.o
 .debug_macro   0x000000000001c5ee       0x10 ./Core/Src/main.o
 .debug_macro   0x000000000001c5fe       0x1c ./Core/Src/main.o
 .debug_macro   0x000000000001c61a       0x52 ./Core/Src/main.o
 .debug_macro   0x000000000001c66c       0x22 ./Core/Src/main.o
 .debug_macro   0x000000000001c68e       0x10 ./Core/Src/main.o
 .debug_macro   0x000000000001c69e       0x52 ./Core/Src/main.o
 .debug_macro   0x000000000001c6f0       0xd5 ./Core/Src/main.o
 .debug_macro   0x000000000001c7c5       0x1c ./Core/Src/main.o
 .debug_macro   0x000000000001c7e1       0x3d ./Core/Src/main.o
 .debug_macro   0x000000000001c81e       0x16 ./Core/Src/main.o
 .debug_macro   0x000000000001c834      0x145 ./Core/Src/main.o
 .debug_macro   0x000000000001c979       0x16 ./Core/Src/main.o
 .debug_macro   0x000000000001c98f       0x16 ./Core/Src/main.o
 .debug_macro   0x000000000001c9a5       0x29 ./Core/Src/main.o
 .debug_macro   0x000000000001c9ce       0x16 ./Core/Src/main.o
 .debug_macro   0x000000000001c9e4       0x20 ./Core/Src/main.o
 .debug_macro   0x000000000001ca04       0x5f ./Core/Src/main.o
 .debug_macro   0x000000000001ca63      0x1ef ./Core/Src/main.o
 .debug_macro   0x000000000001cc52       0x95 ./Core/Src/main.o
 .debug_macro   0x000000000001cce7       0x10 ./Core/Src/main.o
 .debug_macro   0x000000000001ccf7      0x1ed ./Core/Src/stm32g4xx_hal_msp.o
 .debug_macro   0x000000000001cee4      0x1f7 ./Core/Src/stm32g4xx_it.o
 .debug_macro   0x000000000001d0db      0x1de ./Core/Src/system_stm32g4xx.o
 .debug_macro   0x000000000001d2b9      0x22c ./Drivers/STM32G4xx_HAL_Driver/Src/stm32g4xx_hal.o
 .debug_macro   0x000000000001d4e5      0x1de ./Drivers/STM32G4xx_HAL_Driver/Src/stm32g4xx_hal_cortex.o
 .debug_macro   0x000000000001d6c3      0x1de ./Drivers/STM32G4xx_HAL_Driver/Src/stm32g4xx_hal_dma.o
 .debug_macro   0x000000000001d8a1      0x1e5 ./Drivers/STM32G4xx_HAL_Driver/Src/stm32g4xx_hal_gpio.o
 .debug_macro   0x000000000001da86      0x1ea ./Drivers/STM32G4xx_HAL_Driver/Src/stm32g4xx_hal_pcd.o
 .debug_macro   0x000000000001dc70      0x1de ./Drivers/STM32G4xx_HAL_Driver/Src/stm32g4xx_hal_pcd_ex.o
 .debug_macro   0x000000000001de4e      0x208 ./Drivers/STM32G4xx_HAL_Driver/Src/stm32g4xx_hal_pwr_ex.o
 .debug_macro   0x000000000001e056      0x220 ./Drivers/STM32G4xx_HAL_Driver/Src/stm32g4xx_hal_rcc.o
 .debug_macro   0x000000000001e276      0x208 ./Drivers/STM32G4xx_HAL_Driver/Src/stm32g4xx_hal_rcc_ex.o
 .debug_macro   0x000000000001e47e      0x1e6 ./Drivers/STM32G4xx_HAL_Driver/Src/stm32g4xx_hal_tim.o
 .debug_macro   0x000000000001e664      0x1e4 ./Drivers/STM32G4xx_HAL_Driver/Src/stm32g4xx_hal_tim_ex.o
 .debug_macro   0x000000000001e848      0x1de ./Drivers/STM32G4xx_HAL_Driver/Src/stm32g4xx_ll_usb.o
 .debug_macro   0x000000000001ea26      0x3f4 ./Middlewares/ST/STM32_USB_Device_Library/Class/CDC/Src/usbd_cdc.o
 .debug_macro   0x000000000001ee1a       0x97 ./Middlewares/ST/STM32_USB_Device_Library/Class/CDC/Src/usbd_cdc.o
 .debug_macro   0x000000000001eeb1       0xfd ./Middlewares/ST/STM32_USB_Device_Library/Class/CDC/Src/usbd_cdc.o
 .debug_macro   0x000000000001efae       0x56 ./Middlewares/ST/STM32_USB_Device_Library/Class/CDC/Src/usbd_cdc.o
 .debug_macro   0x000000000001f004      0x3db ./Middlewares/ST/STM32_USB_Device_Library/Core/Src/usbd_core.o
 .debug_macro   0x000000000001f3df      0x1f5 ./Middlewares/ST/STM32_USB_Device_Library/Core/Src/usbd_core.o
 .debug_macro   0x000000000001f5d4      0x3e5 ./Middlewares/ST/STM32_USB_Device_Library/Core/Src/usbd_ctlreq.o
 .debug_macro   0x000000000001f9b9      0x3e1 ./Middlewares/ST/STM32_USB_Device_Library/Core/Src/usbd_ioreq.o
 .debug_macro   0x000000000001fd9a      0x41a ./USB_Device/App/usb_device.o
 .debug_macro   0x00000000000201b4       0x22 ./USB_Device/App/usb_device.o
 .debug_macro   0x00000000000201d6       0x16 ./USB_Device/App/usb_device.o
 .debug_macro   0x00000000000201ec      0x3ff ./USB_Device/App/usbd_cdc_if.o
 .debug_macro   0x00000000000205eb      0x418 ./USB_Device/App/usbd_desc.o
 .debug_macro   0x0000000000020a03       0x1c ./USB_Device/App/usbd_desc.o
 .debug_macro   0x0000000000020a1f      0x3fe ./USB_Device/Target/usbd_conf.o

.debug_line     0x0000000000000000    0x17409
 .debug_line    0x0000000000000000      0xf46 ./Core/Src/main.o
 .debug_line    0x0000000000000f46      0x95b ./Core/Src/stm32g4xx_hal_msp.o
 .debug_line    0x00000000000018a1      0x7e5 ./Core/Src/stm32g4xx_it.o
 .debug_line    0x0000000000002086      0x75c ./Core/Src/system_stm32g4xx.o
 .debug_line    0x00000000000027e2       0x89 ./Core/Startup/startup_stm32g441kbtx.o
 .debug_line    0x000000000000286b      0xad3 ./Drivers/STM32G4xx_HAL_Driver/Src/stm32g4xx_hal.o
 .debug_line    0x000000000000333e      0xc86 ./Drivers/STM32G4xx_HAL_Driver/Src/stm32g4xx_hal_cortex.o
 .debug_line    0x0000000000003fc4      0xe3f ./Drivers/STM32G4xx_HAL_Driver/Src/stm32g4xx_hal_dma.o
 .debug_line    0x0000000000004e03      0xb16 ./Drivers/STM32G4xx_HAL_Driver/Src/stm32g4xx_hal_gpio.o
 .debug_line    0x0000000000005919     0x12fb ./Drivers/STM32G4xx_HAL_Driver/Src/stm32g4xx_hal_pcd.o
 .debug_line    0x0000000000006c14      0x867 ./Drivers/STM32G4xx_HAL_Driver/Src/stm32g4xx_hal_pcd_ex.o
 .debug_line    0x000000000000747b      0xc8a ./Drivers/STM32G4xx_HAL_Driver/Src/stm32g4xx_hal_pwr_ex.o
 .debug_line    0x0000000000008105      0xee9 ./Drivers/STM32G4xx_HAL_Driver/Src/stm32g4xx_hal_rcc.o
 .debug_line    0x0000000000008fee     0x10ac ./Drivers/STM32G4xx_HAL_Driver/Src/stm32g4xx_hal_rcc_ex.o
 .debug_line    0x000000000000a09a     0x3dda ./Drivers/STM32G4xx_HAL_Driver/Src/stm32g4xx_hal_tim.o
 .debug_line    0x000000000000de74     0x2056 ./Drivers/STM32G4xx_HAL_Driver/Src/stm32g4xx_hal_tim_ex.o
 .debug_line    0x000000000000feca      0xf42 ./Drivers/STM32G4xx_HAL_Driver/Src/stm32g4xx_ll_usb.o
 .debug_line    0x0000000000010e0c      0xdb5 ./Middlewares/ST/STM32_USB_Device_Library/Class/CDC/Src/usbd_cdc.o
 .debug_line    0x0000000000011bc1      0xe38 ./Middlewares/ST/STM32_USB_Device_Library/Core/Src/usbd_core.o
 .debug_line    0x00000000000129f9     0x10d8 ./Middlewares/ST/STM32_USB_Device_Library/Core/Src/usbd_ctlreq.o
 .debug_line    0x0000000000013ad1      0xa8f ./Middlewares/ST/STM32_USB_Device_Library/Core/Src/usbd_ioreq.o
 .debug_line    0x0000000000014560      0xa4b ./USB_Device/App/usb_device.o
 .debug_line    0x0000000000014fab      0xaaf ./USB_Device/App/usbd_cdc_if.o
 .debug_line    0x0000000000015a5a      0xb14 ./USB_Device/App/usbd_desc.o
 .debug_line    0x000000000001656e      0xe9b ./USB_Device/Target/usbd_conf.o

.debug_str      0x0000000000000000    0xc6798
 .debug_str     0x0000000000000000    0xc1b43 ./Core/Src/main.o
                                      0xc1f85 (size before relaxing)
 .debug_str     0x00000000000c1b43       0xf8 ./Core/Src/stm32g4xx_hal_msp.o
                                      0xbcb0e (size before relaxing)
 .debug_str     0x00000000000c1c3b      0x3ef ./Core/Src/stm32g4xx_it.o
                                      0xbc808 (size before relaxing)
 .debug_str     0x00000000000c202a       0xdb ./Core/Src/system_stm32g4xx.o
                                      0xbbc7e (size before relaxing)
 .debug_str     0x00000000000c2105       0x36 ./Core/Startup/startup_stm32g441kbtx.o
                                         0x74 (size before relaxing)
 .debug_str     0x00000000000c213b      0x5bc ./Drivers/STM32G4xx_HAL_Driver/Src/stm32g4xx_hal.o
                                      0xbc79f (size before relaxing)
 .debug_str     0x00000000000c26f7      0x313 ./Drivers/STM32G4xx_HAL_Driver/Src/stm32g4xx_hal_cortex.o
                                      0xbc44a (size before relaxing)
 .debug_str     0x00000000000c2a0a      0x2db ./Drivers/STM32G4xx_HAL_Driver/Src/stm32g4xx_hal_dma.o
                                      0xbc058 (size before relaxing)
 .debug_str     0x00000000000c2ce5      0x11a ./Drivers/STM32G4xx_HAL_Driver/Src/stm32g4xx_hal_gpio.o
                                      0xbbe09 (size before relaxing)
 .debug_str     0x00000000000c2dff      0x527 ./Drivers/STM32G4xx_HAL_Driver/Src/stm32g4xx_hal_pcd.o
                                      0xbc3c6 (size before relaxing)
 .debug_str     0x00000000000c3326      0x186 ./Drivers/STM32G4xx_HAL_Driver/Src/stm32g4xx_hal_pcd_ex.o
                                      0xbc042 (size before relaxing)
 .debug_str     0x00000000000c34ac      0x4c6 ./Drivers/STM32G4xx_HAL_Driver/Src/stm32g4xx_hal_pwr_ex.o
                                      0xbc16c (size before relaxing)
 .debug_str     0x00000000000c3972      0x4e0 ./Drivers/STM32G4xx_HAL_Driver/Src/stm32g4xx_hal_rcc.o
                                      0xbc377 (size before relaxing)
 .debug_str     0x00000000000c3e52      0x40b ./Drivers/STM32G4xx_HAL_Driver/Src/stm32g4xx_hal_rcc_ex.o
                                      0xbc378 (size before relaxing)
 .debug_str     0x00000000000c425d      0xd78 ./Drivers/STM32G4xx_HAL_Driver/Src/stm32g4xx_hal_tim.o
                                      0xbd16c (size before relaxing)
 .debug_str     0x00000000000c4fd5      0x81d ./Drivers/STM32G4xx_HAL_Driver/Src/stm32g4xx_hal_tim_ex.o
                                      0xbcdf0 (size before relaxing)
 .debug_str     0x00000000000c57f2       0xcd ./Drivers/STM32G4xx_HAL_Driver/Src/stm32g4xx_ll_usb.o
                                      0xbbf13 (size before relaxing)
 .debug_str     0x00000000000c58bf      0x67c ./Middlewares/ST/STM32_USB_Device_Library/Class/CDC/Src/usbd_cdc.o
                                      0xc111c (size before relaxing)
 .debug_str     0x00000000000c5f3b      0x288 ./Middlewares/ST/STM32_USB_Device_Library/Core/Src/usbd_core.o
                                      0xc09ec (size before relaxing)
 .debug_str     0x00000000000c61c3      0x147 ./Middlewares/ST/STM32_USB_Device_Library/Core/Src/usbd_ctlreq.o
                                      0xc093e (size before relaxing)
 .debug_str     0x00000000000c630a       0x51 ./Middlewares/ST/STM32_USB_Device_Library/Core/Src/usbd_ioreq.o
                                      0xc0833 (size before relaxing)
 .debug_str     0x00000000000c635b       0xc7 ./USB_Device/App/usb_device.o
                                      0xc0be7 (size before relaxing)
 .debug_str     0x00000000000c6422       0x91 ./USB_Device/App/usbd_cdc_if.o
                                      0xc0c35 (size before relaxing)
 .debug_str     0x00000000000c64b3      0x254 ./USB_Device/App/usbd_desc.o
                                      0xc073d (size before relaxing)
 .debug_str     0x00000000000c6707       0x91 ./USB_Device/Target/usbd_conf.o
                                      0xc1abb (size before relaxing)

.comment        0x0000000000000000       0x50
 .comment       0x0000000000000000       0x50 ./Core/Src/main.o
                                         0x51 (size before relaxing)
 .comment       0x0000000000000050       0x51 ./Core/Src/stm32g4xx_hal_msp.o
 .comment       0x0000000000000050       0x51 ./Core/Src/stm32g4xx_it.o
 .comment       0x0000000000000050       0x51 ./Core/Src/system_stm32g4xx.o
 .comment       0x0000000000000050       0x51 ./Drivers/STM32G4xx_HAL_Driver/Src/stm32g4xx_hal.o
 .comment       0x0000000000000050       0x51 ./Drivers/STM32G4xx_HAL_Driver/Src/stm32g4xx_hal_cortex.o
 .comment       0x0000000000000050       0x51 ./Drivers/STM32G4xx_HAL_Driver/Src/stm32g4xx_hal_dma.o
 .comment       0x0000000000000050       0x51 ./Drivers/STM32G4xx_HAL_Driver/Src/stm32g4xx_hal_gpio.o
 .comment       0x0000000000000050       0x51 ./Drivers/STM32G4xx_HAL_Driver/Src/stm32g4xx_hal_pcd.o
 .comment       0x0000000000000050       0x51 ./Drivers/STM32G4xx_HAL_Driver/Src/stm32g4xx_hal_pcd_ex.o
 .comment       0x0000000000000050       0x51 ./Drivers/STM32G4xx_HAL_Driver/Src/stm32g4xx_hal_pwr_ex.o
 .comment       0x0000000000000050       0x51 ./Drivers/STM32G4xx_HAL_Driver/Src/stm32g4xx_hal_rcc.o
 .comment       0x0000000000000050       0x51 ./Drivers/STM32G4xx_HAL_Driver/Src/stm32g4xx_hal_rcc_ex.o
 .comment       0x0000000000000050       0x51 ./Drivers/STM32G4xx_HAL_Driver/Src/stm32g4xx_hal_tim.o
 .comment       0x0000000000000050       0x51 ./Drivers/STM32G4xx_HAL_Driver/Src/stm32g4xx_hal_tim_ex.o
 .comment       0x0000000000000050       0x51 ./Drivers/STM32G4xx_HAL_Driver/Src/stm32g4xx_ll_usb.o
 .comment       0x0000000000000050       0x51 ./Middlewares/ST/STM32_USB_Device_Library/Class/CDC/Src/usbd_cdc.o