../Core/Src/main.c:110:6:CDC_On_Receive	16	static
../Core/Src/main.c:121:9:clampValue	24	static
../Core/Src/main.c:133:9:controlMotor	24	static
../Core/Src/main.c:145:6:HAL_TIM_PeriodElapsedCallback	32	static
../Core/Src/main.c:176:6:enableMotorDrivers	8	static
../Core/Src/main.c:187:5:main	16	static
../Core/Src/main.c:277:6:SystemClock_Config	152	static
../Core/Src/main.c:332:13:MX_TIM1_Init	56	static
../Core/Src/main.c:383:13:MX_TIM2_Init	48	static
../Core/Src/main.c:440:13:MX_TIM3_Init	56	static
../Core/Src/main.c:489:13:MX_TIM4_Init	56	static
../Core/Src/main.c:538:13:MX_TIM6_Init	24	static
../Core/Src/main.c:576:13:MX_TIM8_Init	104	static
../Core/Src/main.c:648:13:MX_TIM16_Init	88	static
../Core/Src/main.c:709:13:MX_DMA_Init	16	static
../Core/Src/main.c:728:13:MX_GPIO_Init	40	static
../Core/Src/main.c:756:6:Error_Handler	4	static,ignoring_inline_asm
