main.c:110:6:CDC_On_Receive	16	static
main.c:121:9:clampValue	24	static
main.c:133:9:controlMotor	24	static
main.c:145:6:HAL_TIM_PeriodElapsedCallback	32	static
main.c:176:6:enableMotorDrivers	8	static
main.c:187:5:main	16	static
main.c:275:6:SystemClock_Config	152	static
main.c:330:13:MX_TIM1_Init	56	static
main.c:381:13:MX_TIM2_Init	48	static
main.c:438:13:MX_TIM3_Init	56	static
main.c:487:13:MX_TIM4_Init	56	static
main.c:536:13:MX_TIM6_Init	24	static
main.c:574:13:MX_TIM8_Init	104	static
main.c:646:13:MX_TIM16_Init	88	static
main.c:707:13:MX_DMA_Init	16	static
main.c:726:13:MX_GPIO_Init	40	static
main.c:754:6:Error_Handler	4	static,ignoring_inline_asm
